[0.016s] Invoking command in '/home/luca/Stage_Lirmm/Diffusion-model-isaacsim/ur10_real_robot/ros2_ws_luca/build/onrobot_rg_msgs': CMAKE_PREFIX_PATH=/opt/ros/humble VIRTUAL_ENV_PROMPT=(mujoco_ros) /usr/bin/cmake /home/luca/Stage_Lirmm/Diffusion-model-isaacsim/ur10_real_robot/ros2_ws_luca/src/onrobot_rg_msgs -DCMAKE_INSTALL_PREFIX=/home/luca/Stage_Lirmm/Diffusion-model-isaacsim/ur10_real_robot/ros2_ws_luca/install/onrobot_rg_msgs
[0.028s] -- Found ament_cmake: 1.3.14 (/opt/ros/humble/share/ament_cmake/cmake)
[0.174s] -- Found builtin_interfaces: 1.2.2 (/opt/ros/humble/share/builtin_interfaces/cmake)
[0.201s] -- Found rosidl_generator_c: 3.1.8 (/opt/ros/humble/share/rosidl_generator_c/cmake)
[0.203s] -- Found rosidl_adapter: 3.1.8 (/opt/ros/humble/share/rosidl_adapter/cmake)
[0.208s] -- Found rosidl_generator_cpp: 3.1.8 (/opt/ros/humble/share/rosidl_generator_cpp/cmake)
[0.219s] -- Using all available rosidl_typesupport_c: rosidl_typesupport_fastrtps_c;rosidl_typesupport_introspection_c
[0.232s] -- Using all available rosidl_typesupport_cpp: rosidl_typesupport_fastrtps_cpp;rosidl_typesupport_introspection_cpp
[0.241s] -- Found rosidl_default_generators: 1.2.1 (/opt/ros/humble/share/rosidl_default_generators/cmake)
[0.539s] -- Found ament_cmake_ros: 0.10.0 (/opt/ros/humble/share/ament_cmake_ros/cmake)
[0.861s] -- Using all available rosidl_typesupport_c: rosidl_typesupport_fastrtps_c;rosidl_typesupport_introspection_c
[0.981s] -- Using all available rosidl_typesupport_cpp: rosidl_typesupport_fastrtps_cpp;rosidl_typesupport_introspection_cpp
[1.008s] -- Found PythonInterp: /home/luca/venvs/mujoco_ros/bin/python3 (found suitable version "3.10.12", minimum required is "3.6") 
[1.012s] -- Found python_cmake_module: 0.10.0 (/opt/ros/humble/share/python_cmake_module/cmake)
[1.041s] -- Found PythonLibs: /usr/lib/x86_64-linux-gnu/libpython3.10.so (found suitable version "3.10.12", minimum required is "3.5") 
[1.042s] -- Using PYTHON_EXECUTABLE: /home/luca/venvs/mujoco_ros/bin/python3
[1.042s] -- Using PYTHON_INCLUDE_DIRS: /usr/include/python3.10
[1.042s] -- Using PYTHON_LIBRARIES: /usr/lib/x86_64-linux-gnu/libpython3.10.so
[1.068s] -- Found PythonExtra: .so  
[1.170s] -- Configuring done
[1.205s] -- Generating done
[1.215s] -- Build files have been written to: /home/luca/Stage_Lirmm/Diffusion-model-isaacsim/ur10_real_robot/ros2_ws_luca/build/onrobot_rg_msgs
[1.224s] Invoked command in '/home/luca/Stage_Lirmm/Diffusion-model-isaacsim/ur10_real_robot/ros2_ws_luca/build/onrobot_rg_msgs' returned '0': CMAKE_PREFIX_PATH=/opt/ros/humble VIRTUAL_ENV_PROMPT=(mujoco_ros) /usr/bin/cmake /home/luca/Stage_Lirmm/Diffusion-model-isaacsim/ur10_real_robot/ros2_ws_luca/src/onrobot_rg_msgs -DCMAKE_INSTALL_PREFIX=/home/luca/Stage_Lirmm/Diffusion-model-isaacsim/ur10_real_robot/ros2_ws_luca/install/onrobot_rg_msgs
[1.227s] Invoking command in '/home/luca/Stage_Lirmm/Diffusion-model-isaacsim/ur10_real_robot/ros2_ws_luca/build/onrobot_rg_msgs': CMAKE_PREFIX_PATH=/opt/ros/humble VIRTUAL_ENV_PROMPT=(mujoco_ros) /usr/bin/cmake --build /home/luca/Stage_Lirmm/Diffusion-model-isaacsim/ur10_real_robot/ros2_ws_luca/build/onrobot_rg_msgs -- -j16 -l16
[1.272s] [  2%] [34m[1mGenerating C code for ROS interfaces[0m
[1.285s] [  7%] [34m[1mGenerating Rust code for ROS interfaces[0m
[1.285s] [  7%] [34m[1mGenerating C++ code for ROS interfaces[0m
[1.298s] [  7%] Built target ament_cmake_python_copy_onrobot_rg_msgs
[1.320s] Traceback (most recent call last):
[1.320s]   File "/opt/ros/humble/share/rosidl_generator_c/cmake/../../../lib/rosidl_generator_c/rosidl_generator_c", line 8, in <module>
[1.320s]     from rosidl_generator_c import generate_c
[1.320s]   File "/opt/ros/humble/local/lib/python3.10/dist-packages/rosidl_generator_c/__init__.py", line 15, in <module>
[1.320s]     from rosidl_cmake import convert_camel_case_to_lower_case_underscore
[1.320s]   File "/opt/ros/humble/local/lib/python3.10/dist-packages/rosidl_cmake/__init__.py", line 24, in <module>
[1.320s]     from rosidl_parser.parser import parse_idl_file
[1.320s]   File "/opt/ros/humble/local/lib/python3.10/dist-packages/rosidl_parser/parser.py", line 20, in <module>
[1.320s]     from lark import Lark
[1.321s] ModuleNotFoundError: No module named 'lark'
[1.332s] gmake[2]: *** [CMakeFiles/onrobot_rg_msgs__rosidl_generator_c.dir/build.make:90: rosidl_generator_c/onrobot_rg_msgs/msg/on_robot_rg_input.h] Error 1
[1.332s] Traceback (most recent call last):
[1.332s]   File "/opt/ros/humble/share/rosidl_generator_cpp/cmake/../../../lib/rosidl_generator_cpp/rosidl_generator_cpp", line 8, in <module>
[1.333s]     from rosidl_generator_cpp import generate_cpp
[1.333s]   File "/opt/ros/humble/local/lib/python3.10/dist-packages/rosidl_generator_cpp/__init__.py", line 17, in <module>
[1.333s]     from rosidl_cmake import generate_files
[1.333s]   File "/opt/ros/humble/local/lib/python3.10/dist-packages/rosidl_cmake/__init__.py", line 24, in <module>
[1.333s]     from rosidl_parser.parser import parse_idl_file
[1.333s]   File "/opt/ros/humble/local/lib/python3.10/dist-packages/rosidl_parser/parser.py", line 20, in <module>
[1.333s]     from lark import Lark
[1.333s] ModuleNotFoundError: No module named 'lark'
[1.333s] gmake[1]: *** [CMakeFiles/Makefile2:231: CMakeFiles/onrobot_rg_msgs__rosidl_generator_c.dir/all] Error 2
[1.333s] gmake[1]: *** Waiting for unfinished jobs....
[1.340s] gmake[2]: *** [CMakeFiles/onrobot_rg_msgs__cpp.dir/build.make:101: rosidl_generator_cpp/onrobot_rg_msgs/msg/on_robot_rg_input.hpp] Error 1
[1.340s] gmake[1]: *** [CMakeFiles/Makefile2:284: CMakeFiles/onrobot_rg_msgs__cpp.dir/all] Error 2
[1.348s] Traceback (most recent call last):
[1.348s]   File "/opt/ros/humble/share/rosidl_generator_rs/cmake/../../../lib/rosidl_generator_rs/rosidl_generator_rs", line 8, in <module>
[1.348s]     from rosidl_generator_rs import generate_rs
[1.348s]   File "/opt/ros/humble/local/lib/python3.10/dist-packages/rosidl_generator_rs/__init__.py", line 21, in <module>
[1.348s]     import rosidl_cmake as rosidl_pycommon
[1.348s]   File "/opt/ros/humble/local/lib/python3.10/dist-packages/rosidl_cmake/__init__.py", line 24, in <module>
[1.348s]     from rosidl_parser.parser import parse_idl_file
[1.349s]   File "/opt/ros/humble/local/lib/python3.10/dist-packages/rosidl_parser/parser.py", line 20, in <module>
[1.349s]     from lark import Lark
[1.349s] ModuleNotFoundError: No module named 'lark'
[1.357s] gmake[2]: *** [onrobot_rg_msgs__rs/CMakeFiles/onrobot_rg_msgs__rs.dir/build.make:94: rosidl_generator_rs/onrobot_rg_msgs/rust/src/lib.rs] Error 1
[1.358s] gmake[1]: *** [CMakeFiles/Makefile2:635: onrobot_rg_msgs__rs/CMakeFiles/onrobot_rg_msgs__rs.dir/all] Error 2
[1.521s] running egg_info
[1.521s] creating onrobot_rg_msgs.egg-info
[1.522s] writing onrobot_rg_msgs.egg-info/PKG-INFO
[1.522s] writing dependency_links to onrobot_rg_msgs.egg-info/dependency_links.txt
[1.522s] writing top-level names to onrobot_rg_msgs.egg-info/top_level.txt
[1.522s] writing manifest file 'onrobot_rg_msgs.egg-info/SOURCES.txt'
[1.524s] reading manifest file 'onrobot_rg_msgs.egg-info/SOURCES.txt'
[1.525s] writing manifest file 'onrobot_rg_msgs.egg-info/SOURCES.txt'
[1.577s] [  7%] Built target ament_cmake_python_build_onrobot_rg_msgs_egg
[1.578s] gmake: *** [Makefile:146: all] Error 2
[1.581s] Invoked command in '/home/luca/Stage_Lirmm/Diffusion-model-isaacsim/ur10_real_robot/ros2_ws_luca/build/onrobot_rg_msgs' returned '2': CMAKE_PREFIX_PATH=/opt/ros/humble VIRTUAL_ENV_PROMPT=(mujoco_ros) /usr/bin/cmake --build /home/luca/Stage_Lirmm/Diffusion-model-isaacsim/ur10_real_robot/ros2_ws_luca/build/onrobot_rg_msgs -- -j16 -l16
