[0.017s] Invoking command in '/home/luca/Stage_Lirmm/Diffusion-model-isaacsim/ur10_real_robot/ros2_ws_luca/build/onrobot_rg_msgs': CMAKE_PREFIX_PATH=/opt/ros/humble VIRTUAL_ENV_PROMPT=(mujoco_ros) /usr/bin/cmake /home/luca/Stage_Lirmm/Diffusion-model-isaacsim/ur10_real_robot/ros2_ws_luca/src/onrobot_rg_msgs -DCMAKE_INSTALL_PREFIX=/home/luca/Stage_Lirmm/Diffusion-model-isaacsim/ur10_real_robot/ros2_ws_luca/install/onrobot_rg_msgs
[0.026s] -- Found ament_cmake: 1.3.14 (/opt/ros/humble/share/ament_cmake/cmake)
[0.153s] -- Found builtin_interfaces: 1.2.2 (/opt/ros/humble/share/builtin_interfaces/cmake)
[0.176s] -- Found rosidl_generator_c: 3.1.8 (/opt/ros/humble/share/rosidl_generator_c/cmake)
[0.178s] -- Found rosidl_adapter: 3.1.8 (/opt/ros/humble/share/rosidl_adapter/cmake)
[0.184s] -- Found rosidl_generator_cpp: 3.1.8 (/opt/ros/humble/share/rosidl_generator_cpp/cmake)
[0.193s] -- Using all available rosidl_typesupport_c: rosidl_typesupport_fastrtps_c;rosidl_typesupport_introspection_c
[0.203s] -- Using all available rosidl_typesupport_cpp: rosidl_typesupport_fastrtps_cpp;rosidl_typesupport_introspection_cpp
[0.214s] -- Found rosidl_default_generators: 1.2.1 (/opt/ros/humble/share/rosidl_default_generators/cmake)
[0.329s] [31mCMake Error at /opt/ros/humble/share/rosidl_adapter/cmake/rosidl_adapt_interfaces.cmake:59 (message):
[0.329s]   execute_process(/home/luca/venvs/mujoco_ros/bin/python3 -m rosidl_adapter
[0.329s]   --package-name onrobot_rg_msgs --arguments-file
[0.329s]   /home/luca/Stage_Lirmm/Diffusion-model-isaacsim/ur10_real_robot/ros2_ws_luca/build/onrobot_rg_msgs/rosidl_adapter__arguments__onrobot_rg_msgs.json
[0.329s]   --output-dir
[0.329s]   /home/luca/Stage_Lirmm/Diffusion-model-isaacsim/ur10_real_robot/ros2_ws_luca/build/onrobot_rg_msgs/rosidl_adapter/onrobot_rg_msgs
[0.329s]   --output-file
[0.329s]   /home/luca/Stage_Lirmm/Diffusion-model-isaacsim/ur10_real_robot/ros2_ws_luca/build/onrobot_rg_msgs/rosidl_adapter/onrobot_rg_msgs.idls)
[0.329s]   returned error code 1:
[0.329s] 
[0.329s]   AttributeError processing template 'msg.idl.em'
[0.329s] 
[0.330s]   Traceback (most recent call last):
[0.330s] 
[0.330s]     File "/opt/ros/humble/local/lib/python3.10/dist-packages/rosidl_adapter/resource/__init__.py", line 51, in evaluate_template
[0.330s]       em.BUFFERED_OPT: True,
[0.330s] 
[0.330s]   AttributeError: module 'em' has no attribute 'BUFFERED_OPT'
[0.330s] 
[0.330s]   
[0.330s] 
[0.330s]   During handling of the above exception, another exception occurred:
[0.330s] 
[0.330s]   
[0.330s] 
[0.330s]   Traceback (most recent call last):
[0.331s] 
[0.331s]     File "/usr/lib/python3.10/runpy.py", line 196, in _run_module_as_main
[0.331s]       return _run_code(code, main_globals, None,
[0.331s]     File "/usr/lib/python3.10/runpy.py", line 86, in _run_code
[0.331s]       exec(code, run_globals)
[0.331s]     File "/opt/ros/humble/local/lib/python3.10/dist-packages/rosidl_adapter/__main__.py", line 19, in <module>
[0.331s]       sys.exit(main())
[0.331s]     File "/opt/ros/humble/local/lib/python3.10/dist-packages/rosidl_adapter/main.py", line 53, in main
[0.331s]       abs_idl_file = convert_to_idl(
[0.331s]     File "/opt/ros/humble/local/lib/python3.10/dist-packages/rosidl_adapter/__init__.py", line 19, in convert_to_idl
[0.331s]       return convert_msg_to_idl(
[0.331s]     File "/opt/ros/humble/local/lib/python3.10/dist-packages/rosidl_adapter/msg/__init__.py", line 39, in convert_msg_to_idl
[0.331s]       expand_template('msg.idl.em', data, output_file, encoding='iso-8859-1')
[0.331s]     File "/opt/ros/humble/local/lib/python3.10/dist-packages/rosidl_adapter/resource/__init__.py", line 23, in expand_template
[0.331s]       content = evaluate_template(template_name, data)
[0.332s]     File "/opt/ros/humble/local/lib/python3.10/dist-packages/rosidl_adapter/resource/__init__.py", line 69, in evaluate_template
[0.332s]       _interpreter.shutdown()
[0.332s] 
[0.332s]   AttributeError: 'NoneType' object has no attribute 'shutdown'
[0.332s] 
[0.332s] Call Stack (most recent call first):
[0.332s]   /opt/ros/humble/share/rosidl_cmake/cmake/rosidl_generate_interfaces.cmake:130 (rosidl_adapt_interfaces)
[0.332s]   CMakeLists.txt:22 (rosidl_generate_interfaces)
[0.332s] 
[0.332s] [0m
[0.332s] -- Configuring incomplete, errors occurred!
[0.332s] See also "/home/luca/Stage_Lirmm/Diffusion-model-isaacsim/ur10_real_robot/ros2_ws_luca/build/onrobot_rg_msgs/CMakeFiles/CMakeOutput.log".
[0.337s] Invoked command in '/home/luca/Stage_Lirmm/Diffusion-model-isaacsim/ur10_real_robot/ros2_ws_luca/build/onrobot_rg_msgs' returned '1': CMAKE_PREFIX_PATH=/opt/ros/humble VIRTUAL_ENV_PROMPT=(mujoco_ros) /usr/bin/cmake /home/luca/Stage_Lirmm/Diffusion-model-isaacsim/ur10_real_robot/ros2_ws_luca/src/onrobot_rg_msgs -DCMAKE_INSTALL_PREFIX=/home/luca/Stage_Lirmm/Diffusion-model-isaacsim/ur10_real_robot/ros2_ws_luca/install/onrobot_rg_msgs
