[0.018s] Invoking command in '/home/luca/Stage_Lirmm/Diffusion-model-isaacsim/ur10_real_robot/ros2_ws_luca/build/onrobot_rg_msgs': CMAKE_PREFIX_PATH=/opt/ros/humble /usr/bin/cmake --build /home/luca/Stage_Lirmm/Diffusion-model-isaacsim/ur10_real_robot/ros2_ws_luca/build/onrobot_rg_msgs -- -j16 -l16
[0.068s] [  2%] [34m[1mGenerating C code for ROS interfaces[0m
[0.083s] [  7%] [34m[1mGenerating C++ code for ROS interfaces[0m
[0.085s] [  7%] [34m[1mGenerating Rust code for ROS interfaces[0m
[0.098s] [  7%] Built target ament_cmake_python_copy_onrobot_rg_msgs
[0.137s] Traceback (most recent call last):
[0.137s]   File "/opt/ros/humble/share/rosidl_generator_c/cmake/../../../lib/rosidl_generator_c/rosidl_generator_c", line 8, in <module>
[0.137s]     from rosidl_generator_c import generate_c
[0.137s]   File "/opt/ros/humble/local/lib/python3.10/dist-packages/rosidl_generator_c/__init__.py", line 15, in <module>
[0.138s]     from rosidl_cmake import convert_camel_case_to_lower_case_underscore
[0.138s]   File "/opt/ros/humble/local/lib/python3.10/dist-packages/rosidl_cmake/__init__.py", line 24, in <module>
[0.138s]     from rosidl_parser.parser import parse_idl_file
[0.138s]   File "/opt/ros/humble/local/lib/python3.10/dist-packages/rosidl_parser/parser.py", line 20, in <module>
[0.138s]     from lark import Lark
[0.138s] ModuleNotFoundError: No module named 'lark'
[0.143s] Traceback (most recent call last):
[0.143s]   File "/opt/ros/humble/share/rosidl_generator_cpp/cmake/../../../lib/rosidl_generator_cpp/rosidl_generator_cpp", line 8, in <module>
[0.143s]     from rosidl_generator_cpp import generate_cpp
[0.143s]   File "/opt/ros/humble/local/lib/python3.10/dist-packages/rosidl_generator_cpp/__init__.py", line 17, in <module>
[0.144s]     from rosidl_cmake import generate_files
[0.144s]   File "/opt/ros/humble/local/lib/python3.10/dist-packages/rosidl_cmake/__init__.py", line 24, in <module>
[0.144s]     from rosidl_parser.parser import parse_idl_file
[0.144s]   File "/opt/ros/humble/local/lib/python3.10/dist-packages/rosidl_parser/parser.py", line 20, in <module>
[0.144s]     from lark import Lark
[0.144s] ModuleNotFoundError: No module named 'lark'
[0.144s] gmake[2]: *** [CMakeFiles/onrobot_rg_msgs__rosidl_generator_c.dir/build.make:90: rosidl_generator_c/onrobot_rg_msgs/msg/on_robot_rg_input.h] Error 1
[0.145s] gmake[1]: *** [CMakeFiles/Makefile2:231: CMakeFiles/onrobot_rg_msgs__rosidl_generator_c.dir/all] Error 2
[0.145s] gmake[1]: *** Waiting for unfinished jobs....
[0.149s] Traceback (most recent call last):
[0.149s]   File "/opt/ros/humble/share/rosidl_generator_rs/cmake/../../../lib/rosidl_generator_rs/rosidl_generator_rs", line 8, in <module>
[0.149s]     from rosidl_generator_rs import generate_rs
[0.149s]   File "/opt/ros/humble/local/lib/python3.10/dist-packages/rosidl_generator_rs/__init__.py", line 21, in <module>
[0.149s]     import rosidl_cmake as rosidl_pycommon
[0.149s]   File "/opt/ros/humble/local/lib/python3.10/dist-packages/rosidl_cmake/__init__.py", line 24, in <module>
[0.149s]     from rosidl_parser.parser import parse_idl_file
[0.149s]   File "/opt/ros/humble/local/lib/python3.10/dist-packages/rosidl_parser/parser.py", line 20, in <module>
[0.149s]     from lark import Lark
[0.150s] ModuleNotFoundError: No module named 'lark'
[0.160s] gmake[2]: *** [CMakeFiles/onrobot_rg_msgs__cpp.dir/build.make:101: rosidl_generator_cpp/onrobot_rg_msgs/msg/on_robot_rg_input.hpp] Error 1
[0.161s] gmake[1]: *** [CMakeFiles/Makefile2:284: CMakeFiles/onrobot_rg_msgs__cpp.dir/all] Error 2
[0.162s] gmake[2]: *** [onrobot_rg_msgs__rs/CMakeFiles/onrobot_rg_msgs__rs.dir/build.make:94: rosidl_generator_rs/onrobot_rg_msgs/rust/src/lib.rs] Error 1
[0.162s] gmake[1]: *** [CMakeFiles/Makefile2:635: onrobot_rg_msgs__rs/CMakeFiles/onrobot_rg_msgs__rs.dir/all] Error 2
[0.345s] running egg_info
[0.346s] writing onrobot_rg_msgs.egg-info/PKG-INFO
[0.346s] writing dependency_links to onrobot_rg_msgs.egg-info/dependency_links.txt
[0.347s] writing top-level names to onrobot_rg_msgs.egg-info/top_level.txt
[0.352s] reading manifest file 'onrobot_rg_msgs.egg-info/SOURCES.txt'
[0.352s] writing manifest file 'onrobot_rg_msgs.egg-info/SOURCES.txt'
[0.403s] [  7%] Built target ament_cmake_python_build_onrobot_rg_msgs_egg
[0.405s] gmake: *** [Makefile:146: all] Error 2
[0.409s] Invoked command in '/home/luca/Stage_Lirmm/Diffusion-model-isaacsim/ur10_real_robot/ros2_ws_luca/build/onrobot_rg_msgs' returned '2': CMAKE_PREFIX_PATH=/opt/ros/humble /usr/bin/cmake --build /home/luca/Stage_Lirmm/Diffusion-model-isaacsim/ur10_real_robot/ros2_ws_luca/build/onrobot_rg_msgs -- -j16 -l16
