[0.108s] DEBUG:colcon:Command line arguments: ['/usr/bin/colcon', 'build']
[0.108s] DEBUG:colcon:Parsed command line arguments: Namespace(log_base=None, log_level=None, verb_name='build', build_base='build', install_base='install', merge_install=False, symlink_install=False, test_result_base=None, continue_on_error=False, executor='parallel', parallel_workers=16, event_handlers=None, ignore_user_meta=False, metas=['./colcon.meta'], base_paths=['.'], packages_ignore=None, packages_ignore_regex=None, paths=None, packages_up_to=None, packages_up_to_regex=None, packages_above=None, packages_above_and_dependencies=None, packages_above_depth=None, packages_select_by_dep=None, packages_skip_by_dep=None, packages_skip_up_to=None, packages_select_build_failed=False, packages_skip_build_finished=False, packages_select_test_failures=False, packages_skip_test_passed=False, packages_select=None, packages_skip=None, packages_select_regex=None, packages_skip_regex=None, packages_start=None, packages_end=None, allow_overriding=[], cmake_args=None, cmake_target=None, cmake_target_skip_unavailable=False, cmake_clean_cache=False, cmake_clean_first=False, cmake_force_configure=False, ament_cmake_args=None, catkin_cmake_args=None, catkin_skip_building_tests=False, mixin_files=None, mixin=None, verb_parser=<colcon_mixin.mixin.mixin_argument.MixinArgumentDecorator object at 0x7482891bb040>, verb_extension=<colcon_core.verb.build.BuildVerb object at 0x7482891ba9b0>, main=<bound method BuildVerb.main of <colcon_core.verb.build.BuildVerb object at 0x7482891ba9b0>>, mixin_verb=('build',))
[0.322s] Level 1:colcon.colcon_core.package_discovery:discover_packages(colcon_meta) check parameters
[0.322s] Level 1:colcon.colcon_core.package_discovery:discover_packages(recursive) check parameters
[0.322s] Level 1:colcon.colcon_core.package_discovery:discover_packages(ignore) check parameters
[0.322s] Level 1:colcon.colcon_core.package_discovery:discover_packages(path) check parameters
[0.322s] Level 1:colcon.colcon_core.package_discovery:discover_packages(colcon_meta) discover
[0.322s] Level 1:colcon.colcon_core.package_discovery:discover_packages(recursive) discover
[0.322s] INFO:colcon.colcon_core.package_discovery:Crawling recursively for packages in '/home/luca/Stage_Lirmm/Diffusion-model-isaacsim/ur10_real_robot/ros2_ws_luca'
[0.322s] Level 1:colcon.colcon_core.package_identification:_identify(.) by extensions ['ignore', 'ignore_ament_install']
[0.322s] Level 1:colcon.colcon_core.package_identification:_identify(.) by extension 'ignore'
[0.322s] Level 1:colcon.colcon_core.package_identification:_identify(.) by extension 'ignore_ament_install'
[0.322s] Level 1:colcon.colcon_core.package_identification:_identify(.) by extensions ['colcon_pkg']
[0.322s] Level 1:colcon.colcon_core.package_identification:_identify(.) by extension 'colcon_pkg'
[0.322s] Level 1:colcon.colcon_core.package_identification:_identify(.) by extensions ['colcon_meta']
[0.322s] Level 1:colcon.colcon_core.package_identification:_identify(.) by extension 'colcon_meta'
[0.322s] Level 1:colcon.colcon_core.package_identification:_identify(.) by extensions ['ros']
[0.322s] Level 1:colcon.colcon_core.package_identification:_identify(.) by extension 'ros'
[0.333s] Level 1:colcon.colcon_core.package_identification:_identify(.) by extensions ['cmake', 'python']
[0.333s] Level 1:colcon.colcon_core.package_identification:_identify(.) by extension 'cmake'
[0.333s] Level 1:colcon.colcon_core.package_identification:_identify(.) by extension 'python'
[0.333s] Level 1:colcon.colcon_core.package_identification:_identify(.) by extensions ['python_setup_py']
[0.333s] Level 1:colcon.colcon_core.package_identification:_identify(.) by extension 'python_setup_py'
[0.333s] Level 1:colcon.colcon_core.package_identification:_identify(build) by extensions ['ignore', 'ignore_ament_install']
[0.334s] Level 1:colcon.colcon_core.package_identification:_identify(build) by extension 'ignore'
[0.334s] Level 1:colcon.colcon_core.package_identification:_identify(build) ignored
[0.334s] Level 1:colcon.colcon_core.package_identification:_identify(install) by extensions ['ignore', 'ignore_ament_install']
[0.334s] Level 1:colcon.colcon_core.package_identification:_identify(install) by extension 'ignore'
[0.334s] Level 1:colcon.colcon_core.package_identification:_identify(install) ignored
[0.334s] Level 1:colcon.colcon_core.package_identification:_identify(log) by extensions ['ignore', 'ignore_ament_install']
[0.334s] Level 1:colcon.colcon_core.package_identification:_identify(log) by extension 'ignore'
[0.334s] Level 1:colcon.colcon_core.package_identification:_identify(log) ignored
[0.334s] Level 1:colcon.colcon_core.package_identification:_identify(src) by extensions ['ignore', 'ignore_ament_install']
[0.334s] Level 1:colcon.colcon_core.package_identification:_identify(src) by extension 'ignore'
[0.334s] Level 1:colcon.colcon_core.package_identification:_identify(src) by extension 'ignore_ament_install'
[0.334s] Level 1:colcon.colcon_core.package_identification:_identify(src) by extensions ['colcon_pkg']
[0.334s] Level 1:colcon.colcon_core.package_identification:_identify(src) by extension 'colcon_pkg'
[0.334s] Level 1:colcon.colcon_core.package_identification:_identify(src) by extensions ['colcon_meta']
[0.334s] Level 1:colcon.colcon_core.package_identification:_identify(src) by extension 'colcon_meta'
[0.334s] Level 1:colcon.colcon_core.package_identification:_identify(src) by extensions ['ros']
[0.334s] Level 1:colcon.colcon_core.package_identification:_identify(src) by extension 'ros'
[0.334s] Level 1:colcon.colcon_core.package_identification:_identify(src) by extensions ['cmake', 'python']
[0.334s] Level 1:colcon.colcon_core.package_identification:_identify(src) by extension 'cmake'
[0.334s] Level 1:colcon.colcon_core.package_identification:_identify(src) by extension 'python'
[0.334s] Level 1:colcon.colcon_core.package_identification:_identify(src) by extensions ['python_setup_py']
[0.335s] Level 1:colcon.colcon_core.package_identification:_identify(src) by extension 'python_setup_py'
[0.335s] Level 1:colcon.colcon_core.package_identification:_identify(src/bringup_gripper) by extensions ['ignore', 'ignore_ament_install']
[0.335s] Level 1:colcon.colcon_core.package_identification:_identify(src/bringup_gripper) by extension 'ignore'
[0.335s] Level 1:colcon.colcon_core.package_identification:_identify(src/bringup_gripper) by extension 'ignore_ament_install'
[0.335s] Level 1:colcon.colcon_core.package_identification:_identify(src/bringup_gripper) by extensions ['colcon_pkg']
[0.335s] Level 1:colcon.colcon_core.package_identification:_identify(src/bringup_gripper) by extension 'colcon_pkg'
[0.335s] Level 1:colcon.colcon_core.package_identification:_identify(src/bringup_gripper) by extensions ['colcon_meta']
[0.335s] Level 1:colcon.colcon_core.package_identification:_identify(src/bringup_gripper) by extension 'colcon_meta'
[0.335s] Level 1:colcon.colcon_core.package_identification:_identify(src/bringup_gripper) by extensions ['ros']
[0.335s] Level 1:colcon.colcon_core.package_identification:_identify(src/bringup_gripper) by extension 'ros'
[0.337s] DEBUG:colcon.colcon_core.package_identification:Package 'src/bringup_gripper' with type 'ros.ament_python' and name 'bringup_gripper'
[0.337s] Level 1:colcon.colcon_core.package_identification:_identify(src/earth_robot_moveit_config) by extensions ['ignore', 'ignore_ament_install']
[0.337s] Level 1:colcon.colcon_core.package_identification:_identify(src/earth_robot_moveit_config) by extension 'ignore'
[0.337s] Level 1:colcon.colcon_core.package_identification:_identify(src/earth_robot_moveit_config) by extension 'ignore_ament_install'
[0.337s] Level 1:colcon.colcon_core.package_identification:_identify(src/earth_robot_moveit_config) by extensions ['colcon_pkg']
[0.337s] Level 1:colcon.colcon_core.package_identification:_identify(src/earth_robot_moveit_config) by extension 'colcon_pkg'
[0.337s] Level 1:colcon.colcon_core.package_identification:_identify(src/earth_robot_moveit_config) by extensions ['colcon_meta']
[0.337s] Level 1:colcon.colcon_core.package_identification:_identify(src/earth_robot_moveit_config) by extension 'colcon_meta'
[0.338s] Level 1:colcon.colcon_core.package_identification:_identify(src/earth_robot_moveit_config) by extensions ['ros']
[0.338s] Level 1:colcon.colcon_core.package_identification:_identify(src/earth_robot_moveit_config) by extension 'ros'
[0.340s] DEBUG:colcon.colcon_core.package_identification:Package 'src/earth_robot_moveit_config' with type 'ros.ament_cmake' and name 'earth_robot_moveit_config'
[0.340s] Level 1:colcon.colcon_core.package_identification:_identify(src/onrobot_rg2ft_description) by extensions ['ignore', 'ignore_ament_install']
[0.340s] Level 1:colcon.colcon_core.package_identification:_identify(src/onrobot_rg2ft_description) by extension 'ignore'
[0.340s] Level 1:colcon.colcon_core.package_identification:_identify(src/onrobot_rg2ft_description) by extension 'ignore_ament_install'
[0.340s] Level 1:colcon.colcon_core.package_identification:_identify(src/onrobot_rg2ft_description) by extensions ['colcon_pkg']
[0.340s] Level 1:colcon.colcon_core.package_identification:_identify(src/onrobot_rg2ft_description) by extension 'colcon_pkg'
[0.340s] Level 1:colcon.colcon_core.package_identification:_identify(src/onrobot_rg2ft_description) by extensions ['colcon_meta']
[0.340s] Level 1:colcon.colcon_core.package_identification:_identify(src/onrobot_rg2ft_description) by extension 'colcon_meta'
[0.340s] Level 1:colcon.colcon_core.package_identification:_identify(src/onrobot_rg2ft_description) by extensions ['ros']
[0.340s] Level 1:colcon.colcon_core.package_identification:_identify(src/onrobot_rg2ft_description) by extension 'ros'
[0.341s] DEBUG:colcon.colcon_core.package_identification:Package 'src/onrobot_rg2ft_description' with type 'ros.ament_cmake' and name 'onrobot_rg2ft_description'
[0.341s] Level 1:colcon.colcon_core.package_identification:_identify(src/onrobot_rg_msgs) by extensions ['ignore', 'ignore_ament_install']
[0.341s] Level 1:colcon.colcon_core.package_identification:_identify(src/onrobot_rg_msgs) by extension 'ignore'
[0.341s] Level 1:colcon.colcon_core.package_identification:_identify(src/onrobot_rg_msgs) by extension 'ignore_ament_install'
[0.341s] Level 1:colcon.colcon_core.package_identification:_identify(src/onrobot_rg_msgs) by extensions ['colcon_pkg']
[0.341s] Level 1:colcon.colcon_core.package_identification:_identify(src/onrobot_rg_msgs) by extension 'colcon_pkg'
[0.341s] Level 1:colcon.colcon_core.package_identification:_identify(src/onrobot_rg_msgs) by extensions ['colcon_meta']
[0.341s] Level 1:colcon.colcon_core.package_identification:_identify(src/onrobot_rg_msgs) by extension 'colcon_meta'
[0.341s] Level 1:colcon.colcon_core.package_identification:_identify(src/onrobot_rg_msgs) by extensions ['ros']
[0.341s] Level 1:colcon.colcon_core.package_identification:_identify(src/onrobot_rg_msgs) by extension 'ros'
[0.342s] DEBUG:colcon.colcon_core.package_identification:Package 'src/onrobot_rg_msgs' with type 'ros.ament_cmake' and name 'onrobot_rg_msgs'
[0.342s] Level 1:colcon.colcon_core.package_identification:_identify(src/realsense-ros) by extensions ['ignore', 'ignore_ament_install']
[0.342s] Level 1:colcon.colcon_core.package_identification:_identify(src/realsense-ros) by extension 'ignore'
[0.342s] Level 1:colcon.colcon_core.package_identification:_identify(src/realsense-ros) by extension 'ignore_ament_install'
[0.342s] Level 1:colcon.colcon_core.package_identification:_identify(src/realsense-ros) by extensions ['colcon_pkg']
[0.342s] Level 1:colcon.colcon_core.package_identification:_identify(src/realsense-ros) by extension 'colcon_pkg'
[0.342s] Level 1:colcon.colcon_core.package_identification:_identify(src/realsense-ros) by extensions ['colcon_meta']
[0.342s] Level 1:colcon.colcon_core.package_identification:_identify(src/realsense-ros) by extension 'colcon_meta'
[0.342s] Level 1:colcon.colcon_core.package_identification:_identify(src/realsense-ros) by extensions ['ros']
[0.342s] Level 1:colcon.colcon_core.package_identification:_identify(src/realsense-ros) by extension 'ros'
[0.342s] Level 1:colcon.colcon_core.package_identification:_identify(src/realsense-ros) by extensions ['cmake', 'python']
[0.342s] Level 1:colcon.colcon_core.package_identification:_identify(src/realsense-ros) by extension 'cmake'
[0.342s] Level 1:colcon.colcon_core.package_identification:_identify(src/realsense-ros) by extension 'python'
[0.342s] Level 1:colcon.colcon_core.package_identification:_identify(src/realsense-ros) by extensions ['python_setup_py']
[0.343s] Level 1:colcon.colcon_core.package_identification:_identify(src/realsense-ros) by extension 'python_setup_py'
[0.343s] Level 1:colcon.colcon_core.package_identification:_identify(src/realsense-ros/realsense2_description) by extensions ['ignore', 'ignore_ament_install']
[0.343s] Level 1:colcon.colcon_core.package_identification:_identify(src/realsense-ros/realsense2_description) by extension 'ignore'
[0.343s] Level 1:colcon.colcon_core.package_identification:_identify(src/realsense-ros/realsense2_description) by extension 'ignore_ament_install'
[0.343s] Level 1:colcon.colcon_core.package_identification:_identify(src/realsense-ros/realsense2_description) by extensions ['colcon_pkg']
[0.343s] Level 1:colcon.colcon_core.package_identification:_identify(src/realsense-ros/realsense2_description) by extension 'colcon_pkg'
[0.343s] Level 1:colcon.colcon_core.package_identification:_identify(src/realsense-ros/realsense2_description) by extensions ['colcon_meta']
[0.343s] Level 1:colcon.colcon_core.package_identification:_identify(src/realsense-ros/realsense2_description) by extension 'colcon_meta'
[0.343s] Level 1:colcon.colcon_core.package_identification:_identify(src/realsense-ros/realsense2_description) by extensions ['ros']
[0.343s] Level 1:colcon.colcon_core.package_identification:_identify(src/realsense-ros/realsense2_description) by extension 'ros'
[0.344s] DEBUG:colcon.colcon_core.package_identification:Package 'src/realsense-ros/realsense2_description' with type 'ros.ament_cmake' and name 'realsense2_description'
[0.345s] Level 1:colcon.colcon_core.package_identification:_identify(src/ur_robot_description_cb2) by extensions ['ignore', 'ignore_ament_install']
[0.345s] Level 1:colcon.colcon_core.package_identification:_identify(src/ur_robot_description_cb2) by extension 'ignore'
[0.345s] Level 1:colcon.colcon_core.package_identification:_identify(src/ur_robot_description_cb2) by extension 'ignore_ament_install'
[0.345s] Level 1:colcon.colcon_core.package_identification:_identify(src/ur_robot_description_cb2) by extensions ['colcon_pkg']
[0.345s] Level 1:colcon.colcon_core.package_identification:_identify(src/ur_robot_description_cb2) by extension 'colcon_pkg'
[0.345s] Level 1:colcon.colcon_core.package_identification:_identify(src/ur_robot_description_cb2) by extensions ['colcon_meta']
[0.345s] Level 1:colcon.colcon_core.package_identification:_identify(src/ur_robot_description_cb2) by extension 'colcon_meta'
[0.345s] Level 1:colcon.colcon_core.package_identification:_identify(src/ur_robot_description_cb2) by extensions ['ros']
[0.345s] Level 1:colcon.colcon_core.package_identification:_identify(src/ur_robot_description_cb2) by extension 'ros'
[0.347s] DEBUG:colcon.colcon_core.package_identification:Package 'src/ur_robot_description_cb2' with type 'ros.ament_cmake' and name 'ur_robot_description_cb2'
[0.347s] Level 1:colcon.colcon_core.package_discovery:discover_packages(recursive) using defaults
[0.347s] Level 1:colcon.colcon_core.package_discovery:discover_packages(ignore) discover
[0.347s] Level 1:colcon.colcon_core.package_discovery:discover_packages(ignore) using defaults
[0.347s] Level 1:colcon.colcon_core.package_discovery:discover_packages(path) discover
[0.347s] Level 1:colcon.colcon_core.package_discovery:discover_packages(path) using defaults
[0.367s] Level 1:colcon.colcon_core.package_discovery:discover_packages(prefix_path) check parameters
[0.367s] Level 1:colcon.colcon_core.package_discovery:discover_packages(prefix_path) discover
[0.368s] DEBUG:colcon.colcon_installed_package_information.package_discovery:Found 6 installed packages in /home/luca/Stage_Lirmm/Diffusion-model-isaacsim/ur10_real_robot/ros2_ws_luca/install
[0.370s] DEBUG:colcon.colcon_installed_package_information.package_discovery:Found 388 installed packages in /opt/ros/humble
[0.372s] Level 1:colcon.colcon_core.package_discovery:discover_packages(prefix_path) using defaults
[0.415s] Level 5:colcon.colcon_core.verb:set package 'onrobot_rg2ft_description' build argument 'cmake_args' from command line to 'None'
[0.415s] Level 5:colcon.colcon_core.verb:set package 'onrobot_rg2ft_description' build argument 'cmake_target' from command line to 'None'
[0.415s] Level 5:colcon.colcon_core.verb:set package 'onrobot_rg2ft_description' build argument 'cmake_target_skip_unavailable' from command line to 'False'
[0.415s] Level 5:colcon.colcon_core.verb:set package 'onrobot_rg2ft_description' build argument 'cmake_clean_cache' from command line to 'False'
[0.415s] Level 5:colcon.colcon_core.verb:set package 'onrobot_rg2ft_description' build argument 'cmake_clean_first' from command line to 'False'
[0.415s] Level 5:colcon.colcon_core.verb:set package 'onrobot_rg2ft_description' build argument 'cmake_force_configure' from command line to 'False'
[0.415s] Level 5:colcon.colcon_core.verb:set package 'onrobot_rg2ft_description' build argument 'ament_cmake_args' from command line to 'None'
[0.415s] Level 5:colcon.colcon_core.verb:set package 'onrobot_rg2ft_description' build argument 'catkin_cmake_args' from command line to 'None'
[0.415s] Level 5:colcon.colcon_core.verb:set package 'onrobot_rg2ft_description' build argument 'catkin_skip_building_tests' from command line to 'False'
[0.415s] DEBUG:colcon.colcon_core.verb:Building package 'onrobot_rg2ft_description' with the following arguments: {'ament_cmake_args': None, 'build_base': '/home/luca/Stage_Lirmm/Diffusion-model-isaacsim/ur10_real_robot/ros2_ws_luca/build/onrobot_rg2ft_description', 'catkin_cmake_args': None, 'catkin_skip_building_tests': False, 'cmake_args': None, 'cmake_clean_cache': False, 'cmake_clean_first': False, 'cmake_force_configure': False, 'cmake_target': None, 'cmake_target_skip_unavailable': False, 'install_base': '/home/luca/Stage_Lirmm/Diffusion-model-isaacsim/ur10_real_robot/ros2_ws_luca/install/onrobot_rg2ft_description', 'merge_install': False, 'path': '/home/luca/Stage_Lirmm/Diffusion-model-isaacsim/ur10_real_robot/ros2_ws_luca/src/onrobot_rg2ft_description', 'symlink_install': False, 'test_result_base': None}
[0.416s] Level 5:colcon.colcon_core.verb:set package 'onrobot_rg_msgs' build argument 'cmake_args' from command line to 'None'
[0.416s] Level 5:colcon.colcon_core.verb:set package 'onrobot_rg_msgs' build argument 'cmake_target' from command line to 'None'
[0.416s] Level 5:colcon.colcon_core.verb:set package 'onrobot_rg_msgs' build argument 'cmake_target_skip_unavailable' from command line to 'False'
[0.416s] Level 5:colcon.colcon_core.verb:set package 'onrobot_rg_msgs' build argument 'cmake_clean_cache' from command line to 'False'
[0.416s] Level 5:colcon.colcon_core.verb:set package 'onrobot_rg_msgs' build argument 'cmake_clean_first' from command line to 'False'
[0.416s] Level 5:colcon.colcon_core.verb:set package 'onrobot_rg_msgs' build argument 'cmake_force_configure' from command line to 'False'
[0.416s] Level 5:colcon.colcon_core.verb:set package 'onrobot_rg_msgs' build argument 'ament_cmake_args' from command line to 'None'
[0.416s] Level 5:colcon.colcon_core.verb:set package 'onrobot_rg_msgs' build argument 'catkin_cmake_args' from command line to 'None'
[0.416s] Level 5:colcon.colcon_core.verb:set package 'onrobot_rg_msgs' build argument 'catkin_skip_building_tests' from command line to 'False'
[0.416s] DEBUG:colcon.colcon_core.verb:Building package 'onrobot_rg_msgs' with the following arguments: {'ament_cmake_args': None, 'build_base': '/home/luca/Stage_Lirmm/Diffusion-model-isaacsim/ur10_real_robot/ros2_ws_luca/build/onrobot_rg_msgs', 'catkin_cmake_args': None, 'catkin_skip_building_tests': False, 'cmake_args': None, 'cmake_clean_cache': False, 'cmake_clean_first': False, 'cmake_force_configure': False, 'cmake_target': None, 'cmake_target_skip_unavailable': False, 'install_base': '/home/luca/Stage_Lirmm/Diffusion-model-isaacsim/ur10_real_robot/ros2_ws_luca/install/onrobot_rg_msgs', 'merge_install': False, 'path': '/home/luca/Stage_Lirmm/Diffusion-model-isaacsim/ur10_real_robot/ros2_ws_luca/src/onrobot_rg_msgs', 'symlink_install': False, 'test_result_base': None}
[0.416s] Level 5:colcon.colcon_core.verb:set package 'ur_robot_description_cb2' build argument 'cmake_args' from command line to 'None'
[0.416s] Level 5:colcon.colcon_core.verb:set package 'ur_robot_description_cb2' build argument 'cmake_target' from command line to 'None'
[0.416s] Level 5:colcon.colcon_core.verb:set package 'ur_robot_description_cb2' build argument 'cmake_target_skip_unavailable' from command line to 'False'
[0.416s] Level 5:colcon.colcon_core.verb:set package 'ur_robot_description_cb2' build argument 'cmake_clean_cache' from command line to 'False'
[0.416s] Level 5:colcon.colcon_core.verb:set package 'ur_robot_description_cb2' build argument 'cmake_clean_first' from command line to 'False'
[0.416s] Level 5:colcon.colcon_core.verb:set package 'ur_robot_description_cb2' build argument 'cmake_force_configure' from command line to 'False'
[0.416s] Level 5:colcon.colcon_core.verb:set package 'ur_robot_description_cb2' build argument 'ament_cmake_args' from command line to 'None'
[0.416s] Level 5:colcon.colcon_core.verb:set package 'ur_robot_description_cb2' build argument 'catkin_cmake_args' from command line to 'None'
[0.416s] Level 5:colcon.colcon_core.verb:set package 'ur_robot_description_cb2' build argument 'catkin_skip_building_tests' from command line to 'False'
[0.416s] DEBUG:colcon.colcon_core.verb:Building package 'ur_robot_description_cb2' with the following arguments: {'ament_cmake_args': None, 'build_base': '/home/luca/Stage_Lirmm/Diffusion-model-isaacsim/ur10_real_robot/ros2_ws_luca/build/ur_robot_description_cb2', 'catkin_cmake_args': None, 'catkin_skip_building_tests': False, 'cmake_args': None, 'cmake_clean_cache': False, 'cmake_clean_first': False, 'cmake_force_configure': False, 'cmake_target': None, 'cmake_target_skip_unavailable': False, 'install_base': '/home/luca/Stage_Lirmm/Diffusion-model-isaacsim/ur10_real_robot/ros2_ws_luca/install/ur_robot_description_cb2', 'merge_install': False, 'path': '/home/luca/Stage_Lirmm/Diffusion-model-isaacsim/ur10_real_robot/ros2_ws_luca/src/ur_robot_description_cb2', 'symlink_install': False, 'test_result_base': None}
[0.417s] Level 5:colcon.colcon_core.verb:set package 'bringup_gripper' build argument 'cmake_args' from command line to 'None'
[0.417s] Level 5:colcon.colcon_core.verb:set package 'bringup_gripper' build argument 'cmake_target' from command line to 'None'
[0.417s] Level 5:colcon.colcon_core.verb:set package 'bringup_gripper' build argument 'cmake_target_skip_unavailable' from command line to 'False'
[0.417s] Level 5:colcon.colcon_core.verb:set package 'bringup_gripper' build argument 'cmake_clean_cache' from command line to 'False'
[0.417s] Level 5:colcon.colcon_core.verb:set package 'bringup_gripper' build argument 'cmake_clean_first' from command line to 'False'
[0.417s] Level 5:colcon.colcon_core.verb:set package 'bringup_gripper' build argument 'cmake_force_configure' from command line to 'False'
[0.417s] Level 5:colcon.colcon_core.verb:set package 'bringup_gripper' build argument 'ament_cmake_args' from command line to 'None'
[0.417s] Level 5:colcon.colcon_core.verb:set package 'bringup_gripper' build argument 'catkin_cmake_args' from command line to 'None'
[0.417s] Level 5:colcon.colcon_core.verb:set package 'bringup_gripper' build argument 'catkin_skip_building_tests' from command line to 'False'
[0.417s] DEBUG:colcon.colcon_core.verb:Building package 'bringup_gripper' with the following arguments: {'ament_cmake_args': None, 'build_base': '/home/luca/Stage_Lirmm/Diffusion-model-isaacsim/ur10_real_robot/ros2_ws_luca/build/bringup_gripper', 'catkin_cmake_args': None, 'catkin_skip_building_tests': False, 'cmake_args': None, 'cmake_clean_cache': False, 'cmake_clean_first': False, 'cmake_force_configure': False, 'cmake_target': None, 'cmake_target_skip_unavailable': False, 'install_base': '/home/luca/Stage_Lirmm/Diffusion-model-isaacsim/ur10_real_robot/ros2_ws_luca/install/bringup_gripper', 'merge_install': False, 'path': '/home/luca/Stage_Lirmm/Diffusion-model-isaacsim/ur10_real_robot/ros2_ws_luca/src/bringup_gripper', 'symlink_install': False, 'test_result_base': None}
[0.417s] Level 5:colcon.colcon_core.verb:set package 'realsense2_description' build argument 'cmake_args' from command line to 'None'
[0.417s] Level 5:colcon.colcon_core.verb:set package 'realsense2_description' build argument 'cmake_target' from command line to 'None'
[0.417s] Level 5:colcon.colcon_core.verb:set package 'realsense2_description' build argument 'cmake_target_skip_unavailable' from command line to 'False'
[0.417s] Level 5:colcon.colcon_core.verb:set package 'realsense2_description' build argument 'cmake_clean_cache' from command line to 'False'
[0.417s] Level 5:colcon.colcon_core.verb:set package 'realsense2_description' build argument 'cmake_clean_first' from command line to 'False'
[0.417s] Level 5:colcon.colcon_core.verb:set package 'realsense2_description' build argument 'cmake_force_configure' from command line to 'False'
[0.417s] Level 5:colcon.colcon_core.verb:set package 'realsense2_description' build argument 'ament_cmake_args' from command line to 'None'
[0.417s] Level 5:colcon.colcon_core.verb:set package 'realsense2_description' build argument 'catkin_cmake_args' from command line to 'None'
[0.417s] Level 5:colcon.colcon_core.verb:set package 'realsense2_description' build argument 'catkin_skip_building_tests' from command line to 'False'
[0.417s] DEBUG:colcon.colcon_core.verb:Building package 'realsense2_description' with the following arguments: {'ament_cmake_args': None, 'build_base': '/home/luca/Stage_Lirmm/Diffusion-model-isaacsim/ur10_real_robot/ros2_ws_luca/build/realsense2_description', 'catkin_cmake_args': None, 'catkin_skip_building_tests': False, 'cmake_args': None, 'cmake_clean_cache': False, 'cmake_clean_first': False, 'cmake_force_configure': False, 'cmake_target': None, 'cmake_target_skip_unavailable': False, 'install_base': '/home/luca/Stage_Lirmm/Diffusion-model-isaacsim/ur10_real_robot/ros2_ws_luca/install/realsense2_description', 'merge_install': False, 'path': '/home/luca/Stage_Lirmm/Diffusion-model-isaacsim/ur10_real_robot/ros2_ws_luca/src/realsense-ros/realsense2_description', 'symlink_install': False, 'test_result_base': None}
[0.417s] Level 5:colcon.colcon_core.verb:set package 'earth_robot_moveit_config' build argument 'cmake_args' from command line to 'None'
[0.417s] Level 5:colcon.colcon_core.verb:set package 'earth_robot_moveit_config' build argument 'cmake_target' from command line to 'None'
[0.417s] Level 5:colcon.colcon_core.verb:set package 'earth_robot_moveit_config' build argument 'cmake_target_skip_unavailable' from command line to 'False'
[0.417s] Level 5:colcon.colcon_core.verb:set package 'earth_robot_moveit_config' build argument 'cmake_clean_cache' from command line to 'False'
[0.418s] Level 5:colcon.colcon_core.verb:set package 'earth_robot_moveit_config' build argument 'cmake_clean_first' from command line to 'False'
[0.418s] Level 5:colcon.colcon_core.verb:set package 'earth_robot_moveit_config' build argument 'cmake_force_configure' from command line to 'False'
[0.418s] Level 5:colcon.colcon_core.verb:set package 'earth_robot_moveit_config' build argument 'ament_cmake_args' from command line to 'None'
[0.418s] Level 5:colcon.colcon_core.verb:set package 'earth_robot_moveit_config' build argument 'catkin_cmake_args' from command line to 'None'
[0.418s] Level 5:colcon.colcon_core.verb:set package 'earth_robot_moveit_config' build argument 'catkin_skip_building_tests' from command line to 'False'
[0.418s] DEBUG:colcon.colcon_core.verb:Building package 'earth_robot_moveit_config' with the following arguments: {'ament_cmake_args': None, 'build_base': '/home/luca/Stage_Lirmm/Diffusion-model-isaacsim/ur10_real_robot/ros2_ws_luca/build/earth_robot_moveit_config', 'catkin_cmake_args': None, 'catkin_skip_building_tests': False, 'cmake_args': None, 'cmake_clean_cache': False, 'cmake_clean_first': False, 'cmake_force_configure': False, 'cmake_target': None, 'cmake_target_skip_unavailable': False, 'install_base': '/home/luca/Stage_Lirmm/Diffusion-model-isaacsim/ur10_real_robot/ros2_ws_luca/install/earth_robot_moveit_config', 'merge_install': False, 'path': '/home/luca/Stage_Lirmm/Diffusion-model-isaacsim/ur10_real_robot/ros2_ws_luca/src/earth_robot_moveit_config', 'symlink_install': False, 'test_result_base': None}
[0.418s] INFO:colcon.colcon_core.executor:Executing jobs using 'parallel' executor
[0.419s] DEBUG:colcon.colcon_parallel_executor.executor.parallel:run_until_complete
[0.419s] INFO:colcon.colcon_ros.task.ament_cmake.build:Building ROS package in '/home/luca/Stage_Lirmm/Diffusion-model-isaacsim/ur10_real_robot/ros2_ws_luca/src/onrobot_rg2ft_description' with build type 'ament_cmake'
[0.419s] INFO:colcon.colcon_cmake.task.cmake.build:Building CMake package in '/home/luca/Stage_Lirmm/Diffusion-model-isaacsim/ur10_real_robot/ros2_ws_luca/src/onrobot_rg2ft_description'
[0.421s] INFO:colcon.colcon_core.plugin_system:Skipping extension 'colcon_core.shell.bat': Not used on non-Windows systems
[0.421s] INFO:colcon.colcon_core.shell:Skip shell extension 'powershell' for command environment: Not usable outside of PowerShell
[0.421s] DEBUG:colcon.colcon_core.shell:Skip shell extension 'dsv' for command environment
[0.426s] INFO:colcon.colcon_ros.task.ament_cmake.build:Building ROS package in '/home/luca/Stage_Lirmm/Diffusion-model-isaacsim/ur10_real_robot/ros2_ws_luca/src/onrobot_rg_msgs' with build type 'ament_cmake'
[0.426s] INFO:colcon.colcon_cmake.task.cmake.build:Building CMake package in '/home/luca/Stage_Lirmm/Diffusion-model-isaacsim/ur10_real_robot/ros2_ws_luca/src/onrobot_rg_msgs'
[0.427s] INFO:colcon.colcon_core.shell:Skip shell extension 'powershell' for command environment: Not usable outside of PowerShell
[0.427s] DEBUG:colcon.colcon_core.shell:Skip shell extension 'dsv' for command environment
[0.432s] INFO:colcon.colcon_ros.task.ament_cmake.build:Building ROS package in '/home/luca/Stage_Lirmm/Diffusion-model-isaacsim/ur10_real_robot/ros2_ws_luca/src/ur_robot_description_cb2' with build type 'ament_cmake'
[0.432s] INFO:colcon.colcon_cmake.task.cmake.build:Building CMake package in '/home/luca/Stage_Lirmm/Diffusion-model-isaacsim/ur10_real_robot/ros2_ws_luca/src/ur_robot_description_cb2'
[0.432s] INFO:colcon.colcon_core.shell:Skip shell extension 'powershell' for command environment: Not usable outside of PowerShell
[0.432s] DEBUG:colcon.colcon_core.shell:Skip shell extension 'dsv' for command environment
[0.444s] DEBUG:colcon.colcon_core.event_handler.log_command:Invoking command in '/home/luca/Stage_Lirmm/Diffusion-model-isaacsim/ur10_real_robot/ros2_ws_luca/build/onrobot_rg2ft_description': CMAKE_PREFIX_PATH=${CMAKE_PREFIX_PATH}:/home/luca/Stage_Lirmm/Diffusion-model-isaacsim/ur10_real_robot/ros2_ws_luca/install/bringup_gripper:/opt/ros/humble VIRTUAL_ENV_PROMPT=(mujoco_ros) /usr/bin/cmake --build /home/luca/Stage_Lirmm/Diffusion-model-isaacsim/ur10_real_robot/ros2_ws_luca/build/onrobot_rg2ft_description -- -j16 -l16
[0.451s] DEBUG:colcon.colcon_core.event_handler.log_command:Invoking command in '/home/luca/Stage_Lirmm/Diffusion-model-isaacsim/ur10_real_robot/ros2_ws_luca/build/onrobot_rg_msgs': CMAKE_PREFIX_PATH=${CMAKE_PREFIX_PATH}:/home/luca/Stage_Lirmm/Diffusion-model-isaacsim/ur10_real_robot/ros2_ws_luca/install/bringup_gripper:/opt/ros/humble VIRTUAL_ENV_PROMPT=(mujoco_ros) /usr/bin/cmake --build /home/luca/Stage_Lirmm/Diffusion-model-isaacsim/ur10_real_robot/ros2_ws_luca/build/onrobot_rg_msgs -- -j16 -l16
[0.456s] DEBUG:colcon.colcon_core.event_handler.log_command:Invoking command in '/home/luca/Stage_Lirmm/Diffusion-model-isaacsim/ur10_real_robot/ros2_ws_luca/build/ur_robot_description_cb2': CMAKE_PREFIX_PATH=${CMAKE_PREFIX_PATH}:/home/luca/Stage_Lirmm/Diffusion-model-isaacsim/ur10_real_robot/ros2_ws_luca/install/bringup_gripper:/opt/ros/humble VIRTUAL_ENV_PROMPT=(mujoco_ros) /usr/bin/cmake --build /home/luca/Stage_Lirmm/Diffusion-model-isaacsim/ur10_real_robot/ros2_ws_luca/build/ur_robot_description_cb2 -- -j16 -l16
[0.493s] DEBUG:colcon.colcon_core.event_handler.log_command:Invoked command in '/home/luca/Stage_Lirmm/Diffusion-model-isaacsim/ur10_real_robot/ros2_ws_luca/build/onrobot_rg2ft_description' returned '0': CMAKE_PREFIX_PATH=${CMAKE_PREFIX_PATH}:/home/luca/Stage_Lirmm/Diffusion-model-isaacsim/ur10_real_robot/ros2_ws_luca/install/bringup_gripper:/opt/ros/humble VIRTUAL_ENV_PROMPT=(mujoco_ros) /usr/bin/cmake --build /home/luca/Stage_Lirmm/Diffusion-model-isaacsim/ur10_real_robot/ros2_ws_luca/build/onrobot_rg2ft_description -- -j16 -l16
[0.509s] DEBUG:colcon.colcon_core.event_handler.log_command:Invoking command in '/home/luca/Stage_Lirmm/Diffusion-model-isaacsim/ur10_real_robot/ros2_ws_luca/build/onrobot_rg2ft_description': CMAKE_PREFIX_PATH=${CMAKE_PREFIX_PATH}:/home/luca/Stage_Lirmm/Diffusion-model-isaacsim/ur10_real_robot/ros2_ws_luca/install/bringup_gripper:/opt/ros/humble VIRTUAL_ENV_PROMPT=(mujoco_ros) /usr/bin/cmake --install /home/luca/Stage_Lirmm/Diffusion-model-isaacsim/ur10_real_robot/ros2_ws_luca/build/onrobot_rg2ft_description
[0.512s] DEBUG:colcon.colcon_core.event_handler.log_command:Invoked command in '/home/luca/Stage_Lirmm/Diffusion-model-isaacsim/ur10_real_robot/ros2_ws_luca/build/ur_robot_description_cb2' returned '0': CMAKE_PREFIX_PATH=${CMAKE_PREFIX_PATH}:/home/luca/Stage_Lirmm/Diffusion-model-isaacsim/ur10_real_robot/ros2_ws_luca/install/bringup_gripper:/opt/ros/humble VIRTUAL_ENV_PROMPT=(mujoco_ros) /usr/bin/cmake --build /home/luca/Stage_Lirmm/Diffusion-model-isaacsim/ur10_real_robot/ros2_ws_luca/build/ur_robot_description_cb2 -- -j16 -l16
[0.516s] DEBUG:colcon.colcon_core.event_handler.log_command:Invoking command in '/home/luca/Stage_Lirmm/Diffusion-model-isaacsim/ur10_real_robot/ros2_ws_luca/build/ur_robot_description_cb2': CMAKE_PREFIX_PATH=${CMAKE_PREFIX_PATH}:/home/luca/Stage_Lirmm/Diffusion-model-isaacsim/ur10_real_robot/ros2_ws_luca/install/bringup_gripper:/opt/ros/humble VIRTUAL_ENV_PROMPT=(mujoco_ros) /usr/bin/cmake --install /home/luca/Stage_Lirmm/Diffusion-model-isaacsim/ur10_real_robot/ros2_ws_luca/build/ur_robot_description_cb2
[0.549s] Level 1:colcon.colcon_core.environment:create_environment_scripts_only(onrobot_rg2ft_description)
[0.557s] DEBUG:colcon.colcon_core.event_handler.log_command:Invoked command in '/home/luca/Stage_Lirmm/Diffusion-model-isaacsim/ur10_real_robot/ros2_ws_luca/build/onrobot_rg2ft_description' returned '0': CMAKE_PREFIX_PATH=${CMAKE_PREFIX_PATH}:/home/luca/Stage_Lirmm/Diffusion-model-isaacsim/ur10_real_robot/ros2_ws_luca/install/bringup_gripper:/opt/ros/humble VIRTUAL_ENV_PROMPT=(mujoco_ros) /usr/bin/cmake --install /home/luca/Stage_Lirmm/Diffusion-model-isaacsim/ur10_real_robot/ros2_ws_luca/build/onrobot_rg2ft_description
[0.563s] Level 1:colcon.colcon_core.environment:checking '/home/luca/Stage_Lirmm/Diffusion-model-isaacsim/ur10_real_robot/ros2_ws_luca/install/onrobot_rg2ft_description' for CMake module files
[0.566s] Level 1:colcon.colcon_core.environment:checking '/home/luca/Stage_Lirmm/Diffusion-model-isaacsim/ur10_real_robot/ros2_ws_luca/install/onrobot_rg2ft_description' for CMake config files
[0.568s] Level 1:colcon.colcon_core.shell:create_environment_hook('onrobot_rg2ft_description', 'cmake_prefix_path')
[0.569s] INFO:colcon.colcon_core.shell:Creating environment hook '/home/luca/Stage_Lirmm/Diffusion-model-isaacsim/ur10_real_robot/ros2_ws_luca/install/onrobot_rg2ft_description/share/onrobot_rg2ft_description/hook/cmake_prefix_path.ps1'
[0.570s] INFO:colcon.colcon_core.shell:Creating environment descriptor '/home/luca/Stage_Lirmm/Diffusion-model-isaacsim/ur10_real_robot/ros2_ws_luca/install/onrobot_rg2ft_description/share/onrobot_rg2ft_description/hook/cmake_prefix_path.dsv'
[0.572s] INFO:colcon.colcon_core.shell:Creating environment hook '/home/luca/Stage_Lirmm/Diffusion-model-isaacsim/ur10_real_robot/ros2_ws_luca/install/onrobot_rg2ft_description/share/onrobot_rg2ft_description/hook/cmake_prefix_path.sh'
[0.573s] Level 1:colcon.colcon_core.environment:checking '/home/luca/Stage_Lirmm/Diffusion-model-isaacsim/ur10_real_robot/ros2_ws_luca/install/onrobot_rg2ft_description/bin'
[0.573s] Level 1:colcon.colcon_core.environment:checking '/home/luca/Stage_Lirmm/Diffusion-model-isaacsim/ur10_real_robot/ros2_ws_luca/install/onrobot_rg2ft_description/lib/pkgconfig/onrobot_rg2ft_description.pc'
[0.573s] Level 1:colcon.colcon_core.environment:checking '/home/luca/Stage_Lirmm/Diffusion-model-isaacsim/ur10_real_robot/ros2_ws_luca/install/onrobot_rg2ft_description/lib/python3.10/site-packages'
[0.573s] Level 1:colcon.colcon_core.environment:checking '/home/luca/Stage_Lirmm/Diffusion-model-isaacsim/ur10_real_robot/ros2_ws_luca/install/onrobot_rg2ft_description/bin'
[0.574s] INFO:colcon.colcon_core.shell:Creating package script '/home/luca/Stage_Lirmm/Diffusion-model-isaacsim/ur10_real_robot/ros2_ws_luca/install/onrobot_rg2ft_description/share/onrobot_rg2ft_description/package.ps1'
[0.575s] INFO:colcon.colcon_core.shell:Creating package descriptor '/home/luca/Stage_Lirmm/Diffusion-model-isaacsim/ur10_real_robot/ros2_ws_luca/install/onrobot_rg2ft_description/share/onrobot_rg2ft_description/package.dsv'
[0.576s] INFO:colcon.colcon_core.shell:Creating package script '/home/luca/Stage_Lirmm/Diffusion-model-isaacsim/ur10_real_robot/ros2_ws_luca/install/onrobot_rg2ft_description/share/onrobot_rg2ft_description/package.sh'
[0.577s] INFO:colcon.colcon_core.shell:Creating package script '/home/luca/Stage_Lirmm/Diffusion-model-isaacsim/ur10_real_robot/ros2_ws_luca/install/onrobot_rg2ft_description/share/onrobot_rg2ft_description/package.bash'
[0.579s] INFO:colcon.colcon_core.shell:Creating package script '/home/luca/Stage_Lirmm/Diffusion-model-isaacsim/ur10_real_robot/ros2_ws_luca/install/onrobot_rg2ft_description/share/onrobot_rg2ft_description/package.zsh'
[0.580s] Level 1:colcon.colcon_core.environment:create_file_with_runtime_dependencies(/home/luca/Stage_Lirmm/Diffusion-model-isaacsim/ur10_real_robot/ros2_ws_luca/install/onrobot_rg2ft_description/share/colcon-core/packages/onrobot_rg2ft_description)
[0.581s] Level 1:colcon.colcon_core.environment:create_environment_scripts_only(onrobot_rg2ft_description)
[0.581s] Level 1:colcon.colcon_core.environment:checking '/home/luca/Stage_Lirmm/Diffusion-model-isaacsim/ur10_real_robot/ros2_ws_luca/install/onrobot_rg2ft_description' for CMake module files
[0.582s] Level 1:colcon.colcon_core.environment:checking '/home/luca/Stage_Lirmm/Diffusion-model-isaacsim/ur10_real_robot/ros2_ws_luca/install/onrobot_rg2ft_description' for CMake config files
[0.582s] Level 1:colcon.colcon_core.shell:create_environment_hook('onrobot_rg2ft_description', 'cmake_prefix_path')
[0.582s] INFO:colcon.colcon_core.shell:Creating environment hook '/home/luca/Stage_Lirmm/Diffusion-model-isaacsim/ur10_real_robot/ros2_ws_luca/install/onrobot_rg2ft_description/share/onrobot_rg2ft_description/hook/cmake_prefix_path.ps1'
[0.583s] INFO:colcon.colcon_core.shell:Creating environment descriptor '/home/luca/Stage_Lirmm/Diffusion-model-isaacsim/ur10_real_robot/ros2_ws_luca/install/onrobot_rg2ft_description/share/onrobot_rg2ft_description/hook/cmake_prefix_path.dsv'
[0.583s] INFO:colcon.colcon_core.shell:Creating environment hook '/home/luca/Stage_Lirmm/Diffusion-model-isaacsim/ur10_real_robot/ros2_ws_luca/install/onrobot_rg2ft_description/share/onrobot_rg2ft_description/hook/cmake_prefix_path.sh'
[0.584s] Level 1:colcon.colcon_core.environment:checking '/home/luca/Stage_Lirmm/Diffusion-model-isaacsim/ur10_real_robot/ros2_ws_luca/install/onrobot_rg2ft_description/bin'
[0.584s] Level 1:colcon.colcon_core.environment:checking '/home/luca/Stage_Lirmm/Diffusion-model-isaacsim/ur10_real_robot/ros2_ws_luca/install/onrobot_rg2ft_description/lib/pkgconfig/onrobot_rg2ft_description.pc'
[0.584s] Level 1:colcon.colcon_core.environment:checking '/home/luca/Stage_Lirmm/Diffusion-model-isaacsim/ur10_real_robot/ros2_ws_luca/install/onrobot_rg2ft_description/lib/python3.10/site-packages'
[0.584s] Level 1:colcon.colcon_core.environment:checking '/home/luca/Stage_Lirmm/Diffusion-model-isaacsim/ur10_real_robot/ros2_ws_luca/install/onrobot_rg2ft_description/bin'
[0.585s] INFO:colcon.colcon_core.shell:Creating package script '/home/luca/Stage_Lirmm/Diffusion-model-isaacsim/ur10_real_robot/ros2_ws_luca/install/onrobot_rg2ft_description/share/onrobot_rg2ft_description/package.ps1'
[0.585s] INFO:colcon.colcon_core.shell:Creating package descriptor '/home/luca/Stage_Lirmm/Diffusion-model-isaacsim/ur10_real_robot/ros2_ws_luca/install/onrobot_rg2ft_description/share/onrobot_rg2ft_description/package.dsv'
[0.586s] INFO:colcon.colcon_core.shell:Creating package script '/home/luca/Stage_Lirmm/Diffusion-model-isaacsim/ur10_real_robot/ros2_ws_luca/install/onrobot_rg2ft_description/share/onrobot_rg2ft_description/package.sh'
[0.586s] INFO:colcon.colcon_core.shell:Creating package script '/home/luca/Stage_Lirmm/Diffusion-model-isaacsim/ur10_real_robot/ros2_ws_luca/install/onrobot_rg2ft_description/share/onrobot_rg2ft_description/package.bash'
[0.586s] INFO:colcon.colcon_core.shell:Creating package script '/home/luca/Stage_Lirmm/Diffusion-model-isaacsim/ur10_real_robot/ros2_ws_luca/install/onrobot_rg2ft_description/share/onrobot_rg2ft_description/package.zsh'
[0.587s] Level 1:colcon.colcon_core.environment:create_file_with_runtime_dependencies(/home/luca/Stage_Lirmm/Diffusion-model-isaacsim/ur10_real_robot/ros2_ws_luca/install/onrobot_rg2ft_description/share/colcon-core/packages/onrobot_rg2ft_description)
[0.588s] Level 1:colcon.colcon_core.environment:create_environment_scripts_only(ur_robot_description_cb2)
[0.588s] Level 1:colcon.colcon_core.environment:checking '/home/luca/Stage_Lirmm/Diffusion-model-isaacsim/ur10_real_robot/ros2_ws_luca/install/ur_robot_description_cb2' for CMake module files
[0.589s] DEBUG:colcon.colcon_core.event_handler.log_command:Invoked command in '/home/luca/Stage_Lirmm/Diffusion-model-isaacsim/ur10_real_robot/ros2_ws_luca/build/ur_robot_description_cb2' returned '0': CMAKE_PREFIX_PATH=${CMAKE_PREFIX_PATH}:/home/luca/Stage_Lirmm/Diffusion-model-isaacsim/ur10_real_robot/ros2_ws_luca/install/bringup_gripper:/opt/ros/humble VIRTUAL_ENV_PROMPT=(mujoco_ros) /usr/bin/cmake --install /home/luca/Stage_Lirmm/Diffusion-model-isaacsim/ur10_real_robot/ros2_ws_luca/build/ur_robot_description_cb2
[0.589s] Level 1:colcon.colcon_core.environment:checking '/home/luca/Stage_Lirmm/Diffusion-model-isaacsim/ur10_real_robot/ros2_ws_luca/install/ur_robot_description_cb2' for CMake config files
[0.589s] Level 1:colcon.colcon_core.shell:create_environment_hook('ur_robot_description_cb2', 'cmake_prefix_path')
[0.590s] INFO:colcon.colcon_core.shell:Creating environment hook '/home/luca/Stage_Lirmm/Diffusion-model-isaacsim/ur10_real_robot/ros2_ws_luca/install/ur_robot_description_cb2/share/ur_robot_description_cb2/hook/cmake_prefix_path.ps1'
[0.590s] INFO:colcon.colcon_core.shell:Creating environment descriptor '/home/luca/Stage_Lirmm/Diffusion-model-isaacsim/ur10_real_robot/ros2_ws_luca/install/ur_robot_description_cb2/share/ur_robot_description_cb2/hook/cmake_prefix_path.dsv'
[0.591s] INFO:colcon.colcon_core.shell:Creating environment hook '/home/luca/Stage_Lirmm/Diffusion-model-isaacsim/ur10_real_robot/ros2_ws_luca/install/ur_robot_description_cb2/share/ur_robot_description_cb2/hook/cmake_prefix_path.sh'
[0.591s] Level 1:colcon.colcon_core.environment:checking '/home/luca/Stage_Lirmm/Diffusion-model-isaacsim/ur10_real_robot/ros2_ws_luca/install/ur_robot_description_cb2/bin'
[0.591s] Level 1:colcon.colcon_core.environment:checking '/home/luca/Stage_Lirmm/Diffusion-model-isaacsim/ur10_real_robot/ros2_ws_luca/install/ur_robot_description_cb2/lib/pkgconfig/ur_robot_description_cb2.pc'
[0.591s] Level 1:colcon.colcon_core.environment:checking '/home/luca/Stage_Lirmm/Diffusion-model-isaacsim/ur10_real_robot/ros2_ws_luca/install/ur_robot_description_cb2/lib/python3.10/site-packages'
[0.592s] Level 1:colcon.colcon_core.environment:checking '/home/luca/Stage_Lirmm/Diffusion-model-isaacsim/ur10_real_robot/ros2_ws_luca/install/ur_robot_description_cb2/bin'
[0.592s] INFO:colcon.colcon_core.shell:Creating package script '/home/luca/Stage_Lirmm/Diffusion-model-isaacsim/ur10_real_robot/ros2_ws_luca/install/ur_robot_description_cb2/share/ur_robot_description_cb2/package.ps1'
[0.594s] INFO:colcon.colcon_core.shell:Creating package descriptor '/home/luca/Stage_Lirmm/Diffusion-model-isaacsim/ur10_real_robot/ros2_ws_luca/install/ur_robot_description_cb2/share/ur_robot_description_cb2/package.dsv'
[0.595s] INFO:colcon.colcon_core.shell:Creating package script '/home/luca/Stage_Lirmm/Diffusion-model-isaacsim/ur10_real_robot/ros2_ws_luca/install/ur_robot_description_cb2/share/ur_robot_description_cb2/package.sh'
[0.596s] INFO:colcon.colcon_core.shell:Creating package script '/home/luca/Stage_Lirmm/Diffusion-model-isaacsim/ur10_real_robot/ros2_ws_luca/install/ur_robot_description_cb2/share/ur_robot_description_cb2/package.bash'
[0.596s] INFO:colcon.colcon_core.shell:Creating package script '/home/luca/Stage_Lirmm/Diffusion-model-isaacsim/ur10_real_robot/ros2_ws_luca/install/ur_robot_description_cb2/share/ur_robot_description_cb2/package.zsh'
[0.597s] Level 1:colcon.colcon_core.environment:create_file_with_runtime_dependencies(/home/luca/Stage_Lirmm/Diffusion-model-isaacsim/ur10_real_robot/ros2_ws_luca/install/ur_robot_description_cb2/share/colcon-core/packages/ur_robot_description_cb2)
[0.598s] Level 1:colcon.colcon_core.environment:create_environment_scripts_only(ur_robot_description_cb2)
[0.598s] Level 1:colcon.colcon_core.environment:checking '/home/luca/Stage_Lirmm/Diffusion-model-isaacsim/ur10_real_robot/ros2_ws_luca/install/ur_robot_description_cb2' for CMake module files
[0.598s] Level 1:colcon.colcon_core.environment:checking '/home/luca/Stage_Lirmm/Diffusion-model-isaacsim/ur10_real_robot/ros2_ws_luca/install/ur_robot_description_cb2' for CMake config files
[0.598s] Level 1:colcon.colcon_core.shell:create_environment_hook('ur_robot_description_cb2', 'cmake_prefix_path')
[0.599s] INFO:colcon.colcon_core.shell:Creating environment hook '/home/luca/Stage_Lirmm/Diffusion-model-isaacsim/ur10_real_robot/ros2_ws_luca/install/ur_robot_description_cb2/share/ur_robot_description_cb2/hook/cmake_prefix_path.ps1'
[0.599s] INFO:colcon.colcon_core.shell:Creating environment descriptor '/home/luca/Stage_Lirmm/Diffusion-model-isaacsim/ur10_real_robot/ros2_ws_luca/install/ur_robot_description_cb2/share/ur_robot_description_cb2/hook/cmake_prefix_path.dsv'
[0.599s] INFO:colcon.colcon_core.shell:Creating environment hook '/home/luca/Stage_Lirmm/Diffusion-model-isaacsim/ur10_real_robot/ros2_ws_luca/install/ur_robot_description_cb2/share/ur_robot_description_cb2/hook/cmake_prefix_path.sh'
[0.600s] Level 1:colcon.colcon_core.environment:checking '/home/luca/Stage_Lirmm/Diffusion-model-isaacsim/ur10_real_robot/ros2_ws_luca/install/ur_robot_description_cb2/bin'
[0.600s] Level 1:colcon.colcon_core.environment:checking '/home/luca/Stage_Lirmm/Diffusion-model-isaacsim/ur10_real_robot/ros2_ws_luca/install/ur_robot_description_cb2/lib/pkgconfig/ur_robot_description_cb2.pc'
[0.600s] Level 1:colcon.colcon_core.environment:checking '/home/luca/Stage_Lirmm/Diffusion-model-isaacsim/ur10_real_robot/ros2_ws_luca/install/ur_robot_description_cb2/lib/python3.10/site-packages'
[0.600s] Level 1:colcon.colcon_core.environment:checking '/home/luca/Stage_Lirmm/Diffusion-model-isaacsim/ur10_real_robot/ros2_ws_luca/install/ur_robot_description_cb2/bin'
[0.601s] INFO:colcon.colcon_core.shell:Creating package script '/home/luca/Stage_Lirmm/Diffusion-model-isaacsim/ur10_real_robot/ros2_ws_luca/install/ur_robot_description_cb2/share/ur_robot_description_cb2/package.ps1'
[0.601s] INFO:colcon.colcon_core.shell:Creating package descriptor '/home/luca/Stage_Lirmm/Diffusion-model-isaacsim/ur10_real_robot/ros2_ws_luca/install/ur_robot_description_cb2/share/ur_robot_description_cb2/package.dsv'
[0.601s] INFO:colcon.colcon_core.shell:Creating package script '/home/luca/Stage_Lirmm/Diffusion-model-isaacsim/ur10_real_robot/ros2_ws_luca/install/ur_robot_description_cb2/share/ur_robot_description_cb2/package.sh'
[0.602s] INFO:colcon.colcon_core.shell:Creating package script '/home/luca/Stage_Lirmm/Diffusion-model-isaacsim/ur10_real_robot/ros2_ws_luca/install/ur_robot_description_cb2/share/ur_robot_description_cb2/package.bash'
[0.602s] INFO:colcon.colcon_core.shell:Creating package script '/home/luca/Stage_Lirmm/Diffusion-model-isaacsim/ur10_real_robot/ros2_ws_luca/install/ur_robot_description_cb2/share/ur_robot_description_cb2/package.zsh'
[0.603s] Level 1:colcon.colcon_core.environment:create_file_with_runtime_dependencies(/home/luca/Stage_Lirmm/Diffusion-model-isaacsim/ur10_real_robot/ros2_ws_luca/install/ur_robot_description_cb2/share/colcon-core/packages/ur_robot_description_cb2)
[0.603s] INFO:colcon.colcon_ros.task.ament_cmake.build:Building ROS package in '/home/luca/Stage_Lirmm/Diffusion-model-isaacsim/ur10_real_robot/ros2_ws_luca/src/realsense-ros/realsense2_description' with build type 'ament_cmake'
[0.603s] INFO:colcon.colcon_cmake.task.cmake.build:Building CMake package in '/home/luca/Stage_Lirmm/Diffusion-model-isaacsim/ur10_real_robot/ros2_ws_luca/src/realsense-ros/realsense2_description'
[0.603s] INFO:colcon.colcon_core.shell:Skip shell extension 'powershell' for command environment: Not usable outside of PowerShell
[0.603s] DEBUG:colcon.colcon_core.shell:Skip shell extension 'dsv' for command environment
[0.618s] DEBUG:colcon.colcon_core.event_handler.log_command:Invoking command in '/home/luca/Stage_Lirmm/Diffusion-model-isaacsim/ur10_real_robot/ros2_ws_luca/build/realsense2_description': CMAKE_PREFIX_PATH=/home/luca/Stage_Lirmm/Diffusion-model-isaacsim/ur10_real_robot/ros2_ws_luca/install/ur_robot_description_cb2:/home/luca/Stage_Lirmm/Diffusion-model-isaacsim/ur10_real_robot/ros2_ws_luca/install/onrobot_rg2ft_description:/home/luca/Stage_Lirmm/Diffusion-model-isaacsim/ur10_real_robot/ros2_ws_luca/install/earth_robot_moveit_config:/home/luca/Stage_Lirmm/Diffusion-model-isaacsim/ur10_real_robot/ros2_ws_luca/install/realsense2_description:/home/luca/Stage_Lirmm/Diffusion-model-isaacsim/ur10_real_robot/ros2_ws_luca/install/onrobot_rg_msgs:/home/luca/Stage_Lirmm/Diffusion-model-isaacsim/ur10_real_robot/ros2_ws_luca/install/bringup_gripper:/opt/ros/humble VIRTUAL_ENV_PROMPT=(mujoco_ros) /usr/bin/cmake --build /home/luca/Stage_Lirmm/Diffusion-model-isaacsim/ur10_real_robot/ros2_ws_luca/build/realsense2_description -- -j16 -l16
[0.670s] DEBUG:colcon.colcon_core.event_handler.log_command:Invoked command in '/home/luca/Stage_Lirmm/Diffusion-model-isaacsim/ur10_real_robot/ros2_ws_luca/build/realsense2_description' returned '0': CMAKE_PREFIX_PATH=/home/luca/Stage_Lirmm/Diffusion-model-isaacsim/ur10_real_robot/ros2_ws_luca/install/ur_robot_description_cb2:/home/luca/Stage_Lirmm/Diffusion-model-isaacsim/ur10_real_robot/ros2_ws_luca/install/onrobot_rg2ft_description:/home/luca/Stage_Lirmm/Diffusion-model-isaacsim/ur10_real_robot/ros2_ws_luca/install/earth_robot_moveit_config:/home/luca/Stage_Lirmm/Diffusion-model-isaacsim/ur10_real_robot/ros2_ws_luca/install/realsense2_description:/home/luca/Stage_Lirmm/Diffusion-model-isaacsim/ur10_real_robot/ros2_ws_luca/install/onrobot_rg_msgs:/home/luca/Stage_Lirmm/Diffusion-model-isaacsim/ur10_real_robot/ros2_ws_luca/install/bringup_gripper:/opt/ros/humble VIRTUAL_ENV_PROMPT=(mujoco_ros) /usr/bin/cmake --build /home/luca/Stage_Lirmm/Diffusion-model-isaacsim/ur10_real_robot/ros2_ws_luca/build/realsense2_description -- -j16 -l16
[0.672s] DEBUG:colcon.colcon_core.event_handler.log_command:Invoking command in '/home/luca/Stage_Lirmm/Diffusion-model-isaacsim/ur10_real_robot/ros2_ws_luca/build/realsense2_description': CMAKE_PREFIX_PATH=/home/luca/Stage_Lirmm/Diffusion-model-isaacsim/ur10_real_robot/ros2_ws_luca/install/ur_robot_description_cb2:/home/luca/Stage_Lirmm/Diffusion-model-isaacsim/ur10_real_robot/ros2_ws_luca/install/onrobot_rg2ft_description:/home/luca/Stage_Lirmm/Diffusion-model-isaacsim/ur10_real_robot/ros2_ws_luca/install/earth_robot_moveit_config:/home/luca/Stage_Lirmm/Diffusion-model-isaacsim/ur10_real_robot/ros2_ws_luca/install/realsense2_description:/home/luca/Stage_Lirmm/Diffusion-model-isaacsim/ur10_real_robot/ros2_ws_luca/install/onrobot_rg_msgs:/home/luca/Stage_Lirmm/Diffusion-model-isaacsim/ur10_real_robot/ros2_ws_luca/install/bringup_gripper:/opt/ros/humble VIRTUAL_ENV_PROMPT=(mujoco_ros) /usr/bin/cmake --install /home/luca/Stage_Lirmm/Diffusion-model-isaacsim/ur10_real_robot/ros2_ws_luca/build/realsense2_description
[0.688s] Level 1:colcon.colcon_core.environment:create_environment_scripts_only(realsense2_description)
[0.688s] Level 1:colcon.colcon_core.environment:checking '/home/luca/Stage_Lirmm/Diffusion-model-isaacsim/ur10_real_robot/ros2_ws_luca/install/realsense2_description' for CMake module files
[0.691s] Level 1:colcon.colcon_core.environment:checking '/home/luca/Stage_Lirmm/Diffusion-model-isaacsim/ur10_real_robot/ros2_ws_luca/install/realsense2_description' for CMake config files
[0.692s] DEBUG:colcon.colcon_core.event_handler.log_command:Invoked command in '/home/luca/Stage_Lirmm/Diffusion-model-isaacsim/ur10_real_robot/ros2_ws_luca/build/realsense2_description' returned '0': CMAKE_PREFIX_PATH=/home/luca/Stage_Lirmm/Diffusion-model-isaacsim/ur10_real_robot/ros2_ws_luca/install/ur_robot_description_cb2:/home/luca/Stage_Lirmm/Diffusion-model-isaacsim/ur10_real_robot/ros2_ws_luca/install/onrobot_rg2ft_description:/home/luca/Stage_Lirmm/Diffusion-model-isaacsim/ur10_real_robot/ros2_ws_luca/install/earth_robot_moveit_config:/home/luca/Stage_Lirmm/Diffusion-model-isaacsim/ur10_real_robot/ros2_ws_luca/install/realsense2_description:/home/luca/Stage_Lirmm/Diffusion-model-isaacsim/ur10_real_robot/ros2_ws_luca/install/onrobot_rg_msgs:/home/luca/Stage_Lirmm/Diffusion-model-isaacsim/ur10_real_robot/ros2_ws_luca/install/bringup_gripper:/opt/ros/humble VIRTUAL_ENV_PROMPT=(mujoco_ros) /usr/bin/cmake --install /home/luca/Stage_Lirmm/Diffusion-model-isaacsim/ur10_real_robot/ros2_ws_luca/build/realsense2_description
[0.692s] Level 1:colcon.colcon_core.shell:create_environment_hook('realsense2_description', 'cmake_prefix_path')
[0.692s] INFO:colcon.colcon_core.shell:Creating environment hook '/home/luca/Stage_Lirmm/Diffusion-model-isaacsim/ur10_real_robot/ros2_ws_luca/install/realsense2_description/share/realsense2_description/hook/cmake_prefix_path.ps1'
[0.693s] INFO:colcon.colcon_core.shell:Creating environment descriptor '/home/luca/Stage_Lirmm/Diffusion-model-isaacsim/ur10_real_robot/ros2_ws_luca/install/realsense2_description/share/realsense2_description/hook/cmake_prefix_path.dsv'
[0.694s] INFO:colcon.colcon_core.shell:Creating environment hook '/home/luca/Stage_Lirmm/Diffusion-model-isaacsim/ur10_real_robot/ros2_ws_luca/install/realsense2_description/share/realsense2_description/hook/cmake_prefix_path.sh'
[0.695s] Level 1:colcon.colcon_core.environment:checking '/home/luca/Stage_Lirmm/Diffusion-model-isaacsim/ur10_real_robot/ros2_ws_luca/install/realsense2_description/bin'
[0.695s] Level 1:colcon.colcon_core.environment:checking '/home/luca/Stage_Lirmm/Diffusion-model-isaacsim/ur10_real_robot/ros2_ws_luca/install/realsense2_description/lib/pkgconfig/realsense2_description.pc'
[0.695s] Level 1:colcon.colcon_core.environment:checking '/home/luca/Stage_Lirmm/Diffusion-model-isaacsim/ur10_real_robot/ros2_ws_luca/install/realsense2_description/lib/python3.10/site-packages'
[0.695s] Level 1:colcon.colcon_core.environment:checking '/home/luca/Stage_Lirmm/Diffusion-model-isaacsim/ur10_real_robot/ros2_ws_luca/install/realsense2_description/bin'
[0.696s] INFO:colcon.colcon_core.shell:Creating package script '/home/luca/Stage_Lirmm/Diffusion-model-isaacsim/ur10_real_robot/ros2_ws_luca/install/realsense2_description/share/realsense2_description/package.ps1'
[0.697s] INFO:colcon.colcon_core.shell:Creating package descriptor '/home/luca/Stage_Lirmm/Diffusion-model-isaacsim/ur10_real_robot/ros2_ws_luca/install/realsense2_description/share/realsense2_description/package.dsv'
[0.698s] INFO:colcon.colcon_core.shell:Creating package script '/home/luca/Stage_Lirmm/Diffusion-model-isaacsim/ur10_real_robot/ros2_ws_luca/install/realsense2_description/share/realsense2_description/package.sh'
[0.698s] INFO:colcon.colcon_core.shell:Creating package script '/home/luca/Stage_Lirmm/Diffusion-model-isaacsim/ur10_real_robot/ros2_ws_luca/install/realsense2_description/share/realsense2_description/package.bash'
[0.698s] INFO:colcon.colcon_core.shell:Creating package script '/home/luca/Stage_Lirmm/Diffusion-model-isaacsim/ur10_real_robot/ros2_ws_luca/install/realsense2_description/share/realsense2_description/package.zsh'
[0.698s] Level 1:colcon.colcon_core.environment:create_file_with_runtime_dependencies(/home/luca/Stage_Lirmm/Diffusion-model-isaacsim/ur10_real_robot/ros2_ws_luca/install/realsense2_description/share/colcon-core/packages/realsense2_description)
[0.699s] Level 1:colcon.colcon_core.environment:create_environment_scripts_only(realsense2_description)
[0.699s] Level 1:colcon.colcon_core.environment:checking '/home/luca/Stage_Lirmm/Diffusion-model-isaacsim/ur10_real_robot/ros2_ws_luca/install/realsense2_description' for CMake module files
[0.700s] Level 1:colcon.colcon_core.environment:checking '/home/luca/Stage_Lirmm/Diffusion-model-isaacsim/ur10_real_robot/ros2_ws_luca/install/realsense2_description' for CMake config files
[0.700s] Level 1:colcon.colcon_core.shell:create_environment_hook('realsense2_description', 'cmake_prefix_path')
[0.700s] INFO:colcon.colcon_core.shell:Creating environment hook '/home/luca/Stage_Lirmm/Diffusion-model-isaacsim/ur10_real_robot/ros2_ws_luca/install/realsense2_description/share/realsense2_description/hook/cmake_prefix_path.ps1'
[0.701s] INFO:colcon.colcon_core.shell:Creating environment descriptor '/home/luca/Stage_Lirmm/Diffusion-model-isaacsim/ur10_real_robot/ros2_ws_luca/install/realsense2_description/share/realsense2_description/hook/cmake_prefix_path.dsv'
[0.701s] INFO:colcon.colcon_core.shell:Creating environment hook '/home/luca/Stage_Lirmm/Diffusion-model-isaacsim/ur10_real_robot/ros2_ws_luca/install/realsense2_description/share/realsense2_description/hook/cmake_prefix_path.sh'
[0.702s] Level 1:colcon.colcon_core.environment:checking '/home/luca/Stage_Lirmm/Diffusion-model-isaacsim/ur10_real_robot/ros2_ws_luca/install/realsense2_description/bin'
[0.702s] Level 1:colcon.colcon_core.environment:checking '/home/luca/Stage_Lirmm/Diffusion-model-isaacsim/ur10_real_robot/ros2_ws_luca/install/realsense2_description/lib/pkgconfig/realsense2_description.pc'
[0.702s] Level 1:colcon.colcon_core.environment:checking '/home/luca/Stage_Lirmm/Diffusion-model-isaacsim/ur10_real_robot/ros2_ws_luca/install/realsense2_description/lib/python3.10/site-packages'
[0.702s] Level 1:colcon.colcon_core.environment:checking '/home/luca/Stage_Lirmm/Diffusion-model-isaacsim/ur10_real_robot/ros2_ws_luca/install/realsense2_description/bin'
[0.702s] INFO:colcon.colcon_core.shell:Creating package script '/home/luca/Stage_Lirmm/Diffusion-model-isaacsim/ur10_real_robot/ros2_ws_luca/install/realsense2_description/share/realsense2_description/package.ps1'
[0.703s] INFO:colcon.colcon_core.shell:Creating package descriptor '/home/luca/Stage_Lirmm/Diffusion-model-isaacsim/ur10_real_robot/ros2_ws_luca/install/realsense2_description/share/realsense2_description/package.dsv'
[0.703s] INFO:colcon.colcon_core.shell:Creating package script '/home/luca/Stage_Lirmm/Diffusion-model-isaacsim/ur10_real_robot/ros2_ws_luca/install/realsense2_description/share/realsense2_description/package.sh'
[0.704s] INFO:colcon.colcon_core.shell:Creating package script '/home/luca/Stage_Lirmm/Diffusion-model-isaacsim/ur10_real_robot/ros2_ws_luca/install/realsense2_description/share/realsense2_description/package.bash'
[0.704s] INFO:colcon.colcon_core.shell:Creating package script '/home/luca/Stage_Lirmm/Diffusion-model-isaacsim/ur10_real_robot/ros2_ws_luca/install/realsense2_description/share/realsense2_description/package.zsh'
[0.704s] Level 1:colcon.colcon_core.environment:create_file_with_runtime_dependencies(/home/luca/Stage_Lirmm/Diffusion-model-isaacsim/ur10_real_robot/ros2_ws_luca/install/realsense2_description/share/colcon-core/packages/realsense2_description)
[0.850s] DEBUG:colcon.colcon_core.event_handler.log_command:Invoked command in '/home/luca/Stage_Lirmm/Diffusion-model-isaacsim/ur10_real_robot/ros2_ws_luca/build/onrobot_rg_msgs' returned '0': CMAKE_PREFIX_PATH=${CMAKE_PREFIX_PATH}:/home/luca/Stage_Lirmm/Diffusion-model-isaacsim/ur10_real_robot/ros2_ws_luca/install/bringup_gripper:/opt/ros/humble VIRTUAL_ENV_PROMPT=(mujoco_ros) /usr/bin/cmake --build /home/luca/Stage_Lirmm/Diffusion-model-isaacsim/ur10_real_robot/ros2_ws_luca/build/onrobot_rg_msgs -- -j16 -l16
[0.852s] DEBUG:colcon.colcon_core.event_handler.log_command:Invoking command in '/home/luca/Stage_Lirmm/Diffusion-model-isaacsim/ur10_real_robot/ros2_ws_luca/build/onrobot_rg_msgs': CMAKE_PREFIX_PATH=${CMAKE_PREFIX_PATH}:/home/luca/Stage_Lirmm/Diffusion-model-isaacsim/ur10_real_robot/ros2_ws_luca/install/bringup_gripper:/opt/ros/humble VIRTUAL_ENV_PROMPT=(mujoco_ros) /usr/bin/cmake --install /home/luca/Stage_Lirmm/Diffusion-model-isaacsim/ur10_real_robot/ros2_ws_luca/build/onrobot_rg_msgs
[0.912s] Level 1:colcon.colcon_core.environment:create_environment_scripts_only(onrobot_rg_msgs)
[0.913s] Level 1:colcon.colcon_core.environment:checking '/home/luca/Stage_Lirmm/Diffusion-model-isaacsim/ur10_real_robot/ros2_ws_luca/install/onrobot_rg_msgs' for CMake module files
[0.913s] DEBUG:colcon.colcon_core.event_handler.log_command:Invoked command in '/home/luca/Stage_Lirmm/Diffusion-model-isaacsim/ur10_real_robot/ros2_ws_luca/build/onrobot_rg_msgs' returned '0': CMAKE_PREFIX_PATH=${CMAKE_PREFIX_PATH}:/home/luca/Stage_Lirmm/Diffusion-model-isaacsim/ur10_real_robot/ros2_ws_luca/install/bringup_gripper:/opt/ros/humble VIRTUAL_ENV_PROMPT=(mujoco_ros) /usr/bin/cmake --install /home/luca/Stage_Lirmm/Diffusion-model-isaacsim/ur10_real_robot/ros2_ws_luca/build/onrobot_rg_msgs
[0.914s] Level 1:colcon.colcon_core.environment:checking '/home/luca/Stage_Lirmm/Diffusion-model-isaacsim/ur10_real_robot/ros2_ws_luca/install/onrobot_rg_msgs' for CMake config files
[0.914s] Level 1:colcon.colcon_core.shell:create_environment_hook('onrobot_rg_msgs', 'cmake_prefix_path')
[0.915s] INFO:colcon.colcon_core.shell:Creating environment hook '/home/luca/Stage_Lirmm/Diffusion-model-isaacsim/ur10_real_robot/ros2_ws_luca/install/onrobot_rg_msgs/share/onrobot_rg_msgs/hook/cmake_prefix_path.ps1'
[0.915s] INFO:colcon.colcon_core.shell:Creating environment descriptor '/home/luca/Stage_Lirmm/Diffusion-model-isaacsim/ur10_real_robot/ros2_ws_luca/install/onrobot_rg_msgs/share/onrobot_rg_msgs/hook/cmake_prefix_path.dsv'
[0.915s] INFO:colcon.colcon_core.shell:Creating environment hook '/home/luca/Stage_Lirmm/Diffusion-model-isaacsim/ur10_real_robot/ros2_ws_luca/install/onrobot_rg_msgs/share/onrobot_rg_msgs/hook/cmake_prefix_path.sh'
[0.916s] Level 1:colcon.colcon_core.environment:checking '/home/luca/Stage_Lirmm/Diffusion-model-isaacsim/ur10_real_robot/ros2_ws_luca/install/onrobot_rg_msgs/lib'
[0.916s] Level 1:colcon.colcon_core.shell:create_environment_hook('onrobot_rg_msgs', 'ld_library_path_lib')
[0.916s] INFO:colcon.colcon_core.shell:Creating environment hook '/home/luca/Stage_Lirmm/Diffusion-model-isaacsim/ur10_real_robot/ros2_ws_luca/install/onrobot_rg_msgs/share/onrobot_rg_msgs/hook/ld_library_path_lib.ps1'
[0.917s] INFO:colcon.colcon_core.shell:Creating environment descriptor '/home/luca/Stage_Lirmm/Diffusion-model-isaacsim/ur10_real_robot/ros2_ws_luca/install/onrobot_rg_msgs/share/onrobot_rg_msgs/hook/ld_library_path_lib.dsv'
[0.917s] INFO:colcon.colcon_core.shell:Creating environment hook '/home/luca/Stage_Lirmm/Diffusion-model-isaacsim/ur10_real_robot/ros2_ws_luca/install/onrobot_rg_msgs/share/onrobot_rg_msgs/hook/ld_library_path_lib.sh'
[0.917s] Level 1:colcon.colcon_core.environment:checking '/home/luca/Stage_Lirmm/Diffusion-model-isaacsim/ur10_real_robot/ros2_ws_luca/install/onrobot_rg_msgs/bin'
[0.917s] Level 1:colcon.colcon_core.environment:checking '/home/luca/Stage_Lirmm/Diffusion-model-isaacsim/ur10_real_robot/ros2_ws_luca/install/onrobot_rg_msgs/lib/pkgconfig/onrobot_rg_msgs.pc'
[0.917s] Level 1:colcon.colcon_core.environment:checking '/home/luca/Stage_Lirmm/Diffusion-model-isaacsim/ur10_real_robot/ros2_ws_luca/install/onrobot_rg_msgs/lib/python3.10/site-packages'
[0.917s] Level 1:colcon.colcon_core.shell:create_environment_hook('onrobot_rg_msgs', 'pythonpath')
[0.918s] INFO:colcon.colcon_core.shell:Creating environment hook '/home/luca/Stage_Lirmm/Diffusion-model-isaacsim/ur10_real_robot/ros2_ws_luca/install/onrobot_rg_msgs/share/onrobot_rg_msgs/hook/pythonpath.ps1'
[0.918s] INFO:colcon.colcon_core.shell:Creating environment descriptor '/home/luca/Stage_Lirmm/Diffusion-model-isaacsim/ur10_real_robot/ros2_ws_luca/install/onrobot_rg_msgs/share/onrobot_rg_msgs/hook/pythonpath.dsv'
[0.918s] INFO:colcon.colcon_core.shell:Creating environment hook '/home/luca/Stage_Lirmm/Diffusion-model-isaacsim/ur10_real_robot/ros2_ws_luca/install/onrobot_rg_msgs/share/onrobot_rg_msgs/hook/pythonpath.sh'
[0.919s] Level 1:colcon.colcon_core.environment:checking '/home/luca/Stage_Lirmm/Diffusion-model-isaacsim/ur10_real_robot/ros2_ws_luca/install/onrobot_rg_msgs/bin'
[0.919s] INFO:colcon.colcon_core.shell:Creating package script '/home/luca/Stage_Lirmm/Diffusion-model-isaacsim/ur10_real_robot/ros2_ws_luca/install/onrobot_rg_msgs/share/onrobot_rg_msgs/package.ps1'
[0.920s] INFO:colcon.colcon_core.shell:Creating package descriptor '/home/luca/Stage_Lirmm/Diffusion-model-isaacsim/ur10_real_robot/ros2_ws_luca/install/onrobot_rg_msgs/share/onrobot_rg_msgs/package.dsv'
[0.920s] INFO:colcon.colcon_core.shell:Creating package script '/home/luca/Stage_Lirmm/Diffusion-model-isaacsim/ur10_real_robot/ros2_ws_luca/install/onrobot_rg_msgs/share/onrobot_rg_msgs/package.sh'
[0.921s] INFO:colcon.colcon_core.shell:Creating package script '/home/luca/Stage_Lirmm/Diffusion-model-isaacsim/ur10_real_robot/ros2_ws_luca/install/onrobot_rg_msgs/share/onrobot_rg_msgs/package.bash'
[0.921s] INFO:colcon.colcon_core.shell:Creating package script '/home/luca/Stage_Lirmm/Diffusion-model-isaacsim/ur10_real_robot/ros2_ws_luca/install/onrobot_rg_msgs/share/onrobot_rg_msgs/package.zsh'
[0.921s] Level 1:colcon.colcon_core.environment:create_file_with_runtime_dependencies(/home/luca/Stage_Lirmm/Diffusion-model-isaacsim/ur10_real_robot/ros2_ws_luca/install/onrobot_rg_msgs/share/colcon-core/packages/onrobot_rg_msgs)
[0.922s] Level 1:colcon.colcon_core.environment:create_environment_scripts_only(onrobot_rg_msgs)
[0.922s] Level 1:colcon.colcon_core.environment:checking '/home/luca/Stage_Lirmm/Diffusion-model-isaacsim/ur10_real_robot/ros2_ws_luca/install/onrobot_rg_msgs' for CMake module files
[0.923s] Level 1:colcon.colcon_core.environment:checking '/home/luca/Stage_Lirmm/Diffusion-model-isaacsim/ur10_real_robot/ros2_ws_luca/install/onrobot_rg_msgs' for CMake config files
[0.923s] Level 1:colcon.colcon_core.shell:create_environment_hook('onrobot_rg_msgs', 'cmake_prefix_path')
[0.923s] INFO:colcon.colcon_core.shell:Creating environment hook '/home/luca/Stage_Lirmm/Diffusion-model-isaacsim/ur10_real_robot/ros2_ws_luca/install/onrobot_rg_msgs/share/onrobot_rg_msgs/hook/cmake_prefix_path.ps1'
[0.924s] INFO:colcon.colcon_core.shell:Creating environment descriptor '/home/luca/Stage_Lirmm/Diffusion-model-isaacsim/ur10_real_robot/ros2_ws_luca/install/onrobot_rg_msgs/share/onrobot_rg_msgs/hook/cmake_prefix_path.dsv'
[0.924s] INFO:colcon.colcon_core.shell:Creating environment hook '/home/luca/Stage_Lirmm/Diffusion-model-isaacsim/ur10_real_robot/ros2_ws_luca/install/onrobot_rg_msgs/share/onrobot_rg_msgs/hook/cmake_prefix_path.sh'
[0.925s] Level 1:colcon.colcon_core.environment:checking '/home/luca/Stage_Lirmm/Diffusion-model-isaacsim/ur10_real_robot/ros2_ws_luca/install/onrobot_rg_msgs/lib'
[0.925s] Level 1:colcon.colcon_core.shell:create_environment_hook('onrobot_rg_msgs', 'ld_library_path_lib')
[0.925s] INFO:colcon.colcon_core.shell:Creating environment hook '/home/luca/Stage_Lirmm/Diffusion-model-isaacsim/ur10_real_robot/ros2_ws_luca/install/onrobot_rg_msgs/share/onrobot_rg_msgs/hook/ld_library_path_lib.ps1'
[0.925s] INFO:colcon.colcon_core.shell:Creating environment descriptor '/home/luca/Stage_Lirmm/Diffusion-model-isaacsim/ur10_real_robot/ros2_ws_luca/install/onrobot_rg_msgs/share/onrobot_rg_msgs/hook/ld_library_path_lib.dsv'
[0.926s] INFO:colcon.colcon_core.shell:Creating environment hook '/home/luca/Stage_Lirmm/Diffusion-model-isaacsim/ur10_real_robot/ros2_ws_luca/install/onrobot_rg_msgs/share/onrobot_rg_msgs/hook/ld_library_path_lib.sh'
[0.926s] Level 1:colcon.colcon_core.environment:checking '/home/luca/Stage_Lirmm/Diffusion-model-isaacsim/ur10_real_robot/ros2_ws_luca/install/onrobot_rg_msgs/bin'
[0.926s] Level 1:colcon.colcon_core.environment:checking '/home/luca/Stage_Lirmm/Diffusion-model-isaacsim/ur10_real_robot/ros2_ws_luca/install/onrobot_rg_msgs/lib/pkgconfig/onrobot_rg_msgs.pc'
[0.926s] Level 1:colcon.colcon_core.environment:checking '/home/luca/Stage_Lirmm/Diffusion-model-isaacsim/ur10_real_robot/ros2_ws_luca/install/onrobot_rg_msgs/lib/python3.10/site-packages'
[0.926s] Level 1:colcon.colcon_core.shell:create_environment_hook('onrobot_rg_msgs', 'pythonpath')
[0.926s] INFO:colcon.colcon_core.shell:Creating environment hook '/home/luca/Stage_Lirmm/Diffusion-model-isaacsim/ur10_real_robot/ros2_ws_luca/install/onrobot_rg_msgs/share/onrobot_rg_msgs/hook/pythonpath.ps1'
[0.927s] INFO:colcon.colcon_core.shell:Creating environment descriptor '/home/luca/Stage_Lirmm/Diffusion-model-isaacsim/ur10_real_robot/ros2_ws_luca/install/onrobot_rg_msgs/share/onrobot_rg_msgs/hook/pythonpath.dsv'
[0.928s] INFO:colcon.colcon_core.shell:Creating environment hook '/home/luca/Stage_Lirmm/Diffusion-model-isaacsim/ur10_real_robot/ros2_ws_luca/install/onrobot_rg_msgs/share/onrobot_rg_msgs/hook/pythonpath.sh'
[0.929s] Level 1:colcon.colcon_core.environment:checking '/home/luca/Stage_Lirmm/Diffusion-model-isaacsim/ur10_real_robot/ros2_ws_luca/install/onrobot_rg_msgs/bin'
[0.930s] INFO:colcon.colcon_core.shell:Creating package script '/home/luca/Stage_Lirmm/Diffusion-model-isaacsim/ur10_real_robot/ros2_ws_luca/install/onrobot_rg_msgs/share/onrobot_rg_msgs/package.ps1'
[0.931s] INFO:colcon.colcon_core.shell:Creating package descriptor '/home/luca/Stage_Lirmm/Diffusion-model-isaacsim/ur10_real_robot/ros2_ws_luca/install/onrobot_rg_msgs/share/onrobot_rg_msgs/package.dsv'
[0.931s] INFO:colcon.colcon_core.shell:Creating package script '/home/luca/Stage_Lirmm/Diffusion-model-isaacsim/ur10_real_robot/ros2_ws_luca/install/onrobot_rg_msgs/share/onrobot_rg_msgs/package.sh'
[0.932s] INFO:colcon.colcon_core.shell:Creating package script '/home/luca/Stage_Lirmm/Diffusion-model-isaacsim/ur10_real_robot/ros2_ws_luca/install/onrobot_rg_msgs/share/onrobot_rg_msgs/package.bash'
[0.932s] INFO:colcon.colcon_core.shell:Creating package script '/home/luca/Stage_Lirmm/Diffusion-model-isaacsim/ur10_real_robot/ros2_ws_luca/install/onrobot_rg_msgs/share/onrobot_rg_msgs/package.zsh'
[0.932s] Level 1:colcon.colcon_core.environment:create_file_with_runtime_dependencies(/home/luca/Stage_Lirmm/Diffusion-model-isaacsim/ur10_real_robot/ros2_ws_luca/install/onrobot_rg_msgs/share/colcon-core/packages/onrobot_rg_msgs)
[0.933s] INFO:colcon.colcon_ros.task.ament_python.build:Building ROS package in '/home/luca/Stage_Lirmm/Diffusion-model-isaacsim/ur10_real_robot/ros2_ws_luca/src/bringup_gripper' with build type 'ament_python'
[0.933s] Level 1:colcon.colcon_core.shell:create_environment_hook('bringup_gripper', 'ament_prefix_path')
[0.933s] INFO:colcon.colcon_core.shell:Creating environment hook '/home/luca/Stage_Lirmm/Diffusion-model-isaacsim/ur10_real_robot/ros2_ws_luca/install/bringup_gripper/share/bringup_gripper/hook/ament_prefix_path.ps1'
[0.934s] INFO:colcon.colcon_core.shell:Creating environment descriptor '/home/luca/Stage_Lirmm/Diffusion-model-isaacsim/ur10_real_robot/ros2_ws_luca/install/bringup_gripper/share/bringup_gripper/hook/ament_prefix_path.dsv'
[0.934s] INFO:colcon.colcon_core.shell:Creating environment hook '/home/luca/Stage_Lirmm/Diffusion-model-isaacsim/ur10_real_robot/ros2_ws_luca/install/bringup_gripper/share/bringup_gripper/hook/ament_prefix_path.sh'
[0.935s] INFO:colcon.colcon_core.shell:Skip shell extension 'powershell' for command environment: Not usable outside of PowerShell
[0.935s] DEBUG:colcon.colcon_core.shell:Skip shell extension 'dsv' for command environment
[1.238s] INFO:colcon.colcon_core.task.python.build:Building Python package in '/home/luca/Stage_Lirmm/Diffusion-model-isaacsim/ur10_real_robot/ros2_ws_luca/src/bringup_gripper'
[1.239s] INFO:colcon.colcon_core.shell:Skip shell extension 'powershell' for command environment: Not usable outside of PowerShell
[1.239s] DEBUG:colcon.colcon_core.shell:Skip shell extension 'dsv' for command environment
[1.676s] DEBUG:colcon.colcon_core.event_handler.log_command:Invoking command in '/home/luca/Stage_Lirmm/Diffusion-model-isaacsim/ur10_real_robot/ros2_ws_luca/src/bringup_gripper': CMAKE_PREFIX_PATH=/home/luca/Stage_Lirmm/Diffusion-model-isaacsim/ur10_real_robot/ros2_ws_luca/install/onrobot_rg_msgs:/home/luca/Stage_Lirmm/Diffusion-model-isaacsim/ur10_real_robot/ros2_ws_luca/install/earth_robot_moveit_config:/home/luca/Stage_Lirmm/Diffusion-model-isaacsim/ur10_real_robot/ros2_ws_luca/install/realsense2_description:/home/luca/Stage_Lirmm/Diffusion-model-isaacsim/ur10_real_robot/ros2_ws_luca/install/ur_robot_description_cb2:/home/luca/Stage_Lirmm/Diffusion-model-isaacsim/ur10_real_robot/ros2_ws_luca/install/onrobot_rg2ft_description PYTHONPATH=/home/luca/Stage_Lirmm/Diffusion-model-isaacsim/ur10_real_robot/ros2_ws_luca/build/bringup_gripper/prefix_override:/usr/lib/python3/dist-packages/colcon_core/task/python/colcon_distutils_commands:/home/luca/Stage_Lirmm/Diffusion-model-isaacsim/ur10_real_robot/ros2_ws_luca/install/bringup_gripper/lib/python3.10/site-packages:/home/luca/Stage_Lirmm/Diffusion-model-isaacsim/ur10_real_robot/ros2_ws_luca/install/onrobot_rg_msgs/lib/python3.10/site-packages:/home/luca/Stage_Lirmm/Diffusion-model-isaacsim/ur10_real_robot/ros2_ws_luca/install/bringup_gripper/lib/python3.10/site-packages:/opt/ros/humble/lib/python3.10/site-packages:/opt/ros/humble/local/lib/python3.10/dist-packages VIRTUAL_ENV_PROMPT=(mujoco_ros) /usr/bin/python3 -W ignore:setup.py install is deprecated -W ignore:easy_install command is deprecated setup.py egg_info --egg-base ../../build/bringup_gripper build --build-base /home/luca/Stage_Lirmm/Diffusion-model-isaacsim/ur10_real_robot/ros2_ws_luca/build/bringup_gripper/build install --record /home/luca/Stage_Lirmm/Diffusion-model-isaacsim/ur10_real_robot/ros2_ws_luca/build/bringup_gripper/install.log --single-version-externally-managed install_data
[2.028s] Level 1:colcon.colcon_core.environment:checking '/home/luca/Stage_Lirmm/Diffusion-model-isaacsim/ur10_real_robot/ros2_ws_luca/install/bringup_gripper' for CMake module files
[2.029s] DEBUG:colcon.colcon_core.event_handler.log_command:Invoked command in '/home/luca/Stage_Lirmm/Diffusion-model-isaacsim/ur10_real_robot/ros2_ws_luca/src/bringup_gripper' returned '0': CMAKE_PREFIX_PATH=/home/luca/Stage_Lirmm/Diffusion-model-isaacsim/ur10_real_robot/ros2_ws_luca/install/onrobot_rg_msgs:/home/luca/Stage_Lirmm/Diffusion-model-isaacsim/ur10_real_robot/ros2_ws_luca/install/earth_robot_moveit_config:/home/luca/Stage_Lirmm/Diffusion-model-isaacsim/ur10_real_robot/ros2_ws_luca/install/realsense2_description:/home/luca/Stage_Lirmm/Diffusion-model-isaacsim/ur10_real_robot/ros2_ws_luca/install/ur_robot_description_cb2:/home/luca/Stage_Lirmm/Diffusion-model-isaacsim/ur10_real_robot/ros2_ws_luca/install/onrobot_rg2ft_description PYTHONPATH=/home/luca/Stage_Lirmm/Diffusion-model-isaacsim/ur10_real_robot/ros2_ws_luca/build/bringup_gripper/prefix_override:/usr/lib/python3/dist-packages/colcon_core/task/python/colcon_distutils_commands:/home/luca/Stage_Lirmm/Diffusion-model-isaacsim/ur10_real_robot/ros2_ws_luca/install/bringup_gripper/lib/python3.10/site-packages:/home/luca/Stage_Lirmm/Diffusion-model-isaacsim/ur10_real_robot/ros2_ws_luca/install/onrobot_rg_msgs/lib/python3.10/site-packages:/home/luca/Stage_Lirmm/Diffusion-model-isaacsim/ur10_real_robot/ros2_ws_luca/install/bringup_gripper/lib/python3.10/site-packages:/opt/ros/humble/lib/python3.10/site-packages:/opt/ros/humble/local/lib/python3.10/dist-packages VIRTUAL_ENV_PROMPT=(mujoco_ros) /usr/bin/python3 -W ignore:setup.py install is deprecated -W ignore:easy_install command is deprecated setup.py egg_info --egg-base ../../build/bringup_gripper build --build-base /home/luca/Stage_Lirmm/Diffusion-model-isaacsim/ur10_real_robot/ros2_ws_luca/build/bringup_gripper/build install --record /home/luca/Stage_Lirmm/Diffusion-model-isaacsim/ur10_real_robot/ros2_ws_luca/build/bringup_gripper/install.log --single-version-externally-managed install_data
[2.029s] Level 1:colcon.colcon_core.environment:checking '/home/luca/Stage_Lirmm/Diffusion-model-isaacsim/ur10_real_robot/ros2_ws_luca/install/bringup_gripper' for CMake config files
[2.030s] Level 1:colcon.colcon_core.environment:checking '/home/luca/Stage_Lirmm/Diffusion-model-isaacsim/ur10_real_robot/ros2_ws_luca/install/bringup_gripper/lib'
[2.030s] Level 1:colcon.colcon_core.environment:checking '/home/luca/Stage_Lirmm/Diffusion-model-isaacsim/ur10_real_robot/ros2_ws_luca/install/bringup_gripper/bin'
[2.030s] Level 1:colcon.colcon_core.environment:checking '/home/luca/Stage_Lirmm/Diffusion-model-isaacsim/ur10_real_robot/ros2_ws_luca/install/bringup_gripper/lib/pkgconfig/bringup_gripper.pc'
[2.031s] Level 1:colcon.colcon_core.environment:checking '/home/luca/Stage_Lirmm/Diffusion-model-isaacsim/ur10_real_robot/ros2_ws_luca/install/bringup_gripper/lib/python3.10/site-packages'
[2.031s] Level 1:colcon.colcon_core.shell:create_environment_hook('bringup_gripper', 'pythonpath')
[2.031s] INFO:colcon.colcon_core.shell:Creating environment hook '/home/luca/Stage_Lirmm/Diffusion-model-isaacsim/ur10_real_robot/ros2_ws_luca/install/bringup_gripper/share/bringup_gripper/hook/pythonpath.ps1'
[2.032s] INFO:colcon.colcon_core.shell:Creating environment descriptor '/home/luca/Stage_Lirmm/Diffusion-model-isaacsim/ur10_real_robot/ros2_ws_luca/install/bringup_gripper/share/bringup_gripper/hook/pythonpath.dsv'
[2.032s] INFO:colcon.colcon_core.shell:Creating environment hook '/home/luca/Stage_Lirmm/Diffusion-model-isaacsim/ur10_real_robot/ros2_ws_luca/install/bringup_gripper/share/bringup_gripper/hook/pythonpath.sh'
[2.033s] Level 1:colcon.colcon_core.environment:checking '/home/luca/Stage_Lirmm/Diffusion-model-isaacsim/ur10_real_robot/ros2_ws_luca/install/bringup_gripper/bin'
[2.033s] Level 1:colcon.colcon_core.environment:create_environment_scripts_only(bringup_gripper)
[2.033s] INFO:colcon.colcon_core.shell:Creating package script '/home/luca/Stage_Lirmm/Diffusion-model-isaacsim/ur10_real_robot/ros2_ws_luca/install/bringup_gripper/share/bringup_gripper/package.ps1'
[2.033s] INFO:colcon.colcon_core.shell:Creating package descriptor '/home/luca/Stage_Lirmm/Diffusion-model-isaacsim/ur10_real_robot/ros2_ws_luca/install/bringup_gripper/share/bringup_gripper/package.dsv'
[2.034s] INFO:colcon.colcon_core.shell:Creating package script '/home/luca/Stage_Lirmm/Diffusion-model-isaacsim/ur10_real_robot/ros2_ws_luca/install/bringup_gripper/share/bringup_gripper/package.sh'
[2.034s] INFO:colcon.colcon_core.shell:Creating package script '/home/luca/Stage_Lirmm/Diffusion-model-isaacsim/ur10_real_robot/ros2_ws_luca/install/bringup_gripper/share/bringup_gripper/package.bash'
[2.034s] INFO:colcon.colcon_core.shell:Creating package script '/home/luca/Stage_Lirmm/Diffusion-model-isaacsim/ur10_real_robot/ros2_ws_luca/install/bringup_gripper/share/bringup_gripper/package.zsh'
[2.035s] Level 1:colcon.colcon_core.environment:create_file_with_runtime_dependencies(/home/luca/Stage_Lirmm/Diffusion-model-isaacsim/ur10_real_robot/ros2_ws_luca/install/bringup_gripper/share/colcon-core/packages/bringup_gripper)
[2.035s] INFO:colcon.colcon_ros.task.ament_cmake.build:Building ROS package in '/home/luca/Stage_Lirmm/Diffusion-model-isaacsim/ur10_real_robot/ros2_ws_luca/src/earth_robot_moveit_config' with build type 'ament_cmake'
[2.035s] INFO:colcon.colcon_cmake.task.cmake.build:Building CMake package in '/home/luca/Stage_Lirmm/Diffusion-model-isaacsim/ur10_real_robot/ros2_ws_luca/src/earth_robot_moveit_config'
[2.035s] INFO:colcon.colcon_core.shell:Skip shell extension 'powershell' for command environment: Not usable outside of PowerShell
[2.035s] DEBUG:colcon.colcon_core.shell:Skip shell extension 'dsv' for command environment
[2.054s] DEBUG:colcon.colcon_core.event_handler.log_command:Invoking command in '/home/luca/Stage_Lirmm/Diffusion-model-isaacsim/ur10_real_robot/ros2_ws_luca/build/earth_robot_moveit_config': AMENT_PREFIX_PATH=/home/luca/Stage_Lirmm/Diffusion-model-isaacsim/ur10_real_robot/ros2_ws_luca/install/bringup_gripper:/home/luca/Stage_Lirmm/Diffusion-model-isaacsim/ur10_real_robot/ros2_ws_luca/install/earth_robot_moveit_config:/home/luca/Stage_Lirmm/Diffusion-model-isaacsim/ur10_real_robot/ros2_ws_luca/install/realsense2_description:/home/luca/Stage_Lirmm/Diffusion-model-isaacsim/ur10_real_robot/ros2_ws_luca/install/ur_robot_description_cb2:/home/luca/Stage_Lirmm/Diffusion-model-isaacsim/ur10_real_robot/ros2_ws_luca/install/onrobot_rg_msgs:/home/luca/Stage_Lirmm/Diffusion-model-isaacsim/ur10_real_robot/ros2_ws_luca/install/onrobot_rg2ft_description:/opt/ros/humble CMAKE_PREFIX_PATH=/home/luca/Stage_Lirmm/Diffusion-model-isaacsim/ur10_real_robot/ros2_ws_luca/install/realsense2_description:/home/luca/Stage_Lirmm/Diffusion-model-isaacsim/ur10_real_robot/ros2_ws_luca/install/ur_robot_description_cb2:/home/luca/Stage_Lirmm/Diffusion-model-isaacsim/ur10_real_robot/ros2_ws_luca/install/onrobot_rg_msgs:/home/luca/Stage_Lirmm/Diffusion-model-isaacsim/ur10_real_robot/ros2_ws_luca/install/onrobot_rg2ft_description:/home/luca/Stage_Lirmm/Diffusion-model-isaacsim/ur10_real_robot/ros2_ws_luca/install/earth_robot_moveit_config:/home/luca/Stage_Lirmm/Diffusion-model-isaacsim/ur10_real_robot/ros2_ws_luca/install/bringup_gripper:/opt/ros/humble VIRTUAL_ENV_PROMPT=(mujoco_ros) /usr/bin/cmake --build /home/luca/Stage_Lirmm/Diffusion-model-isaacsim/ur10_real_robot/ros2_ws_luca/build/earth_robot_moveit_config -- -j16 -l16
[2.106s] DEBUG:colcon.colcon_core.event_handler.log_command:Invoked command in '/home/luca/Stage_Lirmm/Diffusion-model-isaacsim/ur10_real_robot/ros2_ws_luca/build/earth_robot_moveit_config' returned '0': AMENT_PREFIX_PATH=/home/luca/Stage_Lirmm/Diffusion-model-isaacsim/ur10_real_robot/ros2_ws_luca/install/bringup_gripper:/home/luca/Stage_Lirmm/Diffusion-model-isaacsim/ur10_real_robot/ros2_ws_luca/install/earth_robot_moveit_config:/home/luca/Stage_Lirmm/Diffusion-model-isaacsim/ur10_real_robot/ros2_ws_luca/install/realsense2_description:/home/luca/Stage_Lirmm/Diffusion-model-isaacsim/ur10_real_robot/ros2_ws_luca/install/ur_robot_description_cb2:/home/luca/Stage_Lirmm/Diffusion-model-isaacsim/ur10_real_robot/ros2_ws_luca/install/onrobot_rg_msgs:/home/luca/Stage_Lirmm/Diffusion-model-isaacsim/ur10_real_robot/ros2_ws_luca/install/onrobot_rg2ft_description:/opt/ros/humble CMAKE_PREFIX_PATH=/home/luca/Stage_Lirmm/Diffusion-model-isaacsim/ur10_real_robot/ros2_ws_luca/install/realsense2_description:/home/luca/Stage_Lirmm/Diffusion-model-isaacsim/ur10_real_robot/ros2_ws_luca/install/ur_robot_description_cb2:/home/luca/Stage_Lirmm/Diffusion-model-isaacsim/ur10_real_robot/ros2_ws_luca/install/onrobot_rg_msgs:/home/luca/Stage_Lirmm/Diffusion-model-isaacsim/ur10_real_robot/ros2_ws_luca/install/onrobot_rg2ft_description:/home/luca/Stage_Lirmm/Diffusion-model-isaacsim/ur10_real_robot/ros2_ws_luca/install/earth_robot_moveit_config:/home/luca/Stage_Lirmm/Diffusion-model-isaacsim/ur10_real_robot/ros2_ws_luca/install/bringup_gripper:/opt/ros/humble VIRTUAL_ENV_PROMPT=(mujoco_ros) /usr/bin/cmake --build /home/luca/Stage_Lirmm/Diffusion-model-isaacsim/ur10_real_robot/ros2_ws_luca/build/earth_robot_moveit_config -- -j16 -l16
[2.109s] DEBUG:colcon.colcon_core.event_handler.log_command:Invoking command in '/home/luca/Stage_Lirmm/Diffusion-model-isaacsim/ur10_real_robot/ros2_ws_luca/build/earth_robot_moveit_config': AMENT_PREFIX_PATH=/home/luca/Stage_Lirmm/Diffusion-model-isaacsim/ur10_real_robot/ros2_ws_luca/install/bringup_gripper:/home/luca/Stage_Lirmm/Diffusion-model-isaacsim/ur10_real_robot/ros2_ws_luca/install/earth_robot_moveit_config:/home/luca/Stage_Lirmm/Diffusion-model-isaacsim/ur10_real_robot/ros2_ws_luca/install/realsense2_description:/home/luca/Stage_Lirmm/Diffusion-model-isaacsim/ur10_real_robot/ros2_ws_luca/install/ur_robot_description_cb2:/home/luca/Stage_Lirmm/Diffusion-model-isaacsim/ur10_real_robot/ros2_ws_luca/install/onrobot_rg_msgs:/home/luca/Stage_Lirmm/Diffusion-model-isaacsim/ur10_real_robot/ros2_ws_luca/install/onrobot_rg2ft_description:/opt/ros/humble CMAKE_PREFIX_PATH=/home/luca/Stage_Lirmm/Diffusion-model-isaacsim/ur10_real_robot/ros2_ws_luca/install/realsense2_description:/home/luca/Stage_Lirmm/Diffusion-model-isaacsim/ur10_real_robot/ros2_ws_luca/install/ur_robot_description_cb2:/home/luca/Stage_Lirmm/Diffusion-model-isaacsim/ur10_real_robot/ros2_ws_luca/install/onrobot_rg_msgs:/home/luca/Stage_Lirmm/Diffusion-model-isaacsim/ur10_real_robot/ros2_ws_luca/install/onrobot_rg2ft_description:/home/luca/Stage_Lirmm/Diffusion-model-isaacsim/ur10_real_robot/ros2_ws_luca/install/earth_robot_moveit_config:/home/luca/Stage_Lirmm/Diffusion-model-isaacsim/ur10_real_robot/ros2_ws_luca/install/bringup_gripper:/opt/ros/humble VIRTUAL_ENV_PROMPT=(mujoco_ros) /usr/bin/cmake --install /home/luca/Stage_Lirmm/Diffusion-model-isaacsim/ur10_real_robot/ros2_ws_luca/build/earth_robot_moveit_config
[2.122s] Level 1:colcon.colcon_core.environment:create_environment_scripts_only(earth_robot_moveit_config)
[2.123s] Level 1:colcon.colcon_core.environment:checking '/home/luca/Stage_Lirmm/Diffusion-model-isaacsim/ur10_real_robot/ros2_ws_luca/install/earth_robot_moveit_config' for CMake module files
[2.124s] DEBUG:colcon.colcon_core.event_handler.log_command:Invoked command in '/home/luca/Stage_Lirmm/Diffusion-model-isaacsim/ur10_real_robot/ros2_ws_luca/build/earth_robot_moveit_config' returned '0': AMENT_PREFIX_PATH=/home/luca/Stage_Lirmm/Diffusion-model-isaacsim/ur10_real_robot/ros2_ws_luca/install/bringup_gripper:/home/luca/Stage_Lirmm/Diffusion-model-isaacsim/ur10_real_robot/ros2_ws_luca/install/earth_robot_moveit_config:/home/luca/Stage_Lirmm/Diffusion-model-isaacsim/ur10_real_robot/ros2_ws_luca/install/realsense2_description:/home/luca/Stage_Lirmm/Diffusion-model-isaacsim/ur10_real_robot/ros2_ws_luca/install/ur_robot_description_cb2:/home/luca/Stage_Lirmm/Diffusion-model-isaacsim/ur10_real_robot/ros2_ws_luca/install/onrobot_rg_msgs:/home/luca/Stage_Lirmm/Diffusion-model-isaacsim/ur10_real_robot/ros2_ws_luca/install/onrobot_rg2ft_description:/opt/ros/humble CMAKE_PREFIX_PATH=/home/luca/Stage_Lirmm/Diffusion-model-isaacsim/ur10_real_robot/ros2_ws_luca/install/realsense2_description:/home/luca/Stage_Lirmm/Diffusion-model-isaacsim/ur10_real_robot/ros2_ws_luca/install/ur_robot_description_cb2:/home/luca/Stage_Lirmm/Diffusion-model-isaacsim/ur10_real_robot/ros2_ws_luca/install/onrobot_rg_msgs:/home/luca/Stage_Lirmm/Diffusion-model-isaacsim/ur10_real_robot/ros2_ws_luca/install/onrobot_rg2ft_description:/home/luca/Stage_Lirmm/Diffusion-model-isaacsim/ur10_real_robot/ros2_ws_luca/install/earth_robot_moveit_config:/home/luca/Stage_Lirmm/Diffusion-model-isaacsim/ur10_real_robot/ros2_ws_luca/install/bringup_gripper:/opt/ros/humble VIRTUAL_ENV_PROMPT=(mujoco_ros) /usr/bin/cmake --install /home/luca/Stage_Lirmm/Diffusion-model-isaacsim/ur10_real_robot/ros2_ws_luca/build/earth_robot_moveit_config
[2.124s] Level 1:colcon.colcon_core.environment:checking '/home/luca/Stage_Lirmm/Diffusion-model-isaacsim/ur10_real_robot/ros2_ws_luca/install/earth_robot_moveit_config' for CMake config files
[2.124s] Level 1:colcon.colcon_core.shell:create_environment_hook('earth_robot_moveit_config', 'cmake_prefix_path')
[2.125s] INFO:colcon.colcon_core.shell:Creating environment hook '/home/luca/Stage_Lirmm/Diffusion-model-isaacsim/ur10_real_robot/ros2_ws_luca/install/earth_robot_moveit_config/share/earth_robot_moveit_config/hook/cmake_prefix_path.ps1'
[2.125s] INFO:colcon.colcon_core.shell:Creating environment descriptor '/home/luca/Stage_Lirmm/Diffusion-model-isaacsim/ur10_real_robot/ros2_ws_luca/install/earth_robot_moveit_config/share/earth_robot_moveit_config/hook/cmake_prefix_path.dsv'
[2.126s] INFO:colcon.colcon_core.shell:Creating environment hook '/home/luca/Stage_Lirmm/Diffusion-model-isaacsim/ur10_real_robot/ros2_ws_luca/install/earth_robot_moveit_config/share/earth_robot_moveit_config/hook/cmake_prefix_path.sh'
[2.126s] Level 1:colcon.colcon_core.environment:checking '/home/luca/Stage_Lirmm/Diffusion-model-isaacsim/ur10_real_robot/ros2_ws_luca/install/earth_robot_moveit_config/bin'
[2.126s] Level 1:colcon.colcon_core.environment:checking '/home/luca/Stage_Lirmm/Diffusion-model-isaacsim/ur10_real_robot/ros2_ws_luca/install/earth_robot_moveit_config/lib/pkgconfig/earth_robot_moveit_config.pc'
[2.126s] Level 1:colcon.colcon_core.environment:checking '/home/luca/Stage_Lirmm/Diffusion-model-isaacsim/ur10_real_robot/ros2_ws_luca/install/earth_robot_moveit_config/lib/python3.10/site-packages'
[2.127s] Level 1:colcon.colcon_core.environment:checking '/home/luca/Stage_Lirmm/Diffusion-model-isaacsim/ur10_real_robot/ros2_ws_luca/install/earth_robot_moveit_config/bin'
[2.127s] INFO:colcon.colcon_core.shell:Creating package script '/home/luca/Stage_Lirmm/Diffusion-model-isaacsim/ur10_real_robot/ros2_ws_luca/install/earth_robot_moveit_config/share/earth_robot_moveit_config/package.ps1'
[2.128s] INFO:colcon.colcon_core.shell:Creating package descriptor '/home/luca/Stage_Lirmm/Diffusion-model-isaacsim/ur10_real_robot/ros2_ws_luca/install/earth_robot_moveit_config/share/earth_robot_moveit_config/package.dsv'
[2.128s] INFO:colcon.colcon_core.shell:Creating package script '/home/luca/Stage_Lirmm/Diffusion-model-isaacsim/ur10_real_robot/ros2_ws_luca/install/earth_robot_moveit_config/share/earth_robot_moveit_config/package.sh'
[2.129s] INFO:colcon.colcon_core.shell:Creating package script '/home/luca/Stage_Lirmm/Diffusion-model-isaacsim/ur10_real_robot/ros2_ws_luca/install/earth_robot_moveit_config/share/earth_robot_moveit_config/package.bash'
[2.129s] INFO:colcon.colcon_core.shell:Creating package script '/home/luca/Stage_Lirmm/Diffusion-model-isaacsim/ur10_real_robot/ros2_ws_luca/install/earth_robot_moveit_config/share/earth_robot_moveit_config/package.zsh'
[2.130s] Level 1:colcon.colcon_core.environment:create_file_with_runtime_dependencies(/home/luca/Stage_Lirmm/Diffusion-model-isaacsim/ur10_real_robot/ros2_ws_luca/install/earth_robot_moveit_config/share/colcon-core/packages/earth_robot_moveit_config)
[2.132s] Level 1:colcon.colcon_core.environment:create_environment_scripts_only(earth_robot_moveit_config)
[2.132s] Level 1:colcon.colcon_core.environment:checking '/home/luca/Stage_Lirmm/Diffusion-model-isaacsim/ur10_real_robot/ros2_ws_luca/install/earth_robot_moveit_config' for CMake module files
[2.133s] Level 1:colcon.colcon_core.environment:checking '/home/luca/Stage_Lirmm/Diffusion-model-isaacsim/ur10_real_robot/ros2_ws_luca/install/earth_robot_moveit_config' for CMake config files
[2.133s] Level 1:colcon.colcon_core.shell:create_environment_hook('earth_robot_moveit_config', 'cmake_prefix_path')
[2.133s] INFO:colcon.colcon_core.shell:Creating environment hook '/home/luca/Stage_Lirmm/Diffusion-model-isaacsim/ur10_real_robot/ros2_ws_luca/install/earth_robot_moveit_config/share/earth_robot_moveit_config/hook/cmake_prefix_path.ps1'
[2.133s] INFO:colcon.colcon_core.shell:Creating environment descriptor '/home/luca/Stage_Lirmm/Diffusion-model-isaacsim/ur10_real_robot/ros2_ws_luca/install/earth_robot_moveit_config/share/earth_robot_moveit_config/hook/cmake_prefix_path.dsv'
[2.134s] INFO:colcon.colcon_core.shell:Creating environment hook '/home/luca/Stage_Lirmm/Diffusion-model-isaacsim/ur10_real_robot/ros2_ws_luca/install/earth_robot_moveit_config/share/earth_robot_moveit_config/hook/cmake_prefix_path.sh'
[2.134s] Level 1:colcon.colcon_core.environment:checking '/home/luca/Stage_Lirmm/Diffusion-model-isaacsim/ur10_real_robot/ros2_ws_luca/install/earth_robot_moveit_config/bin'
[2.134s] Level 1:colcon.colcon_core.environment:checking '/home/luca/Stage_Lirmm/Diffusion-model-isaacsim/ur10_real_robot/ros2_ws_luca/install/earth_robot_moveit_config/lib/pkgconfig/earth_robot_moveit_config.pc'
[2.134s] Level 1:colcon.colcon_core.environment:checking '/home/luca/Stage_Lirmm/Diffusion-model-isaacsim/ur10_real_robot/ros2_ws_luca/install/earth_robot_moveit_config/lib/python3.10/site-packages'
[2.134s] Level 1:colcon.colcon_core.environment:checking '/home/luca/Stage_Lirmm/Diffusion-model-isaacsim/ur10_real_robot/ros2_ws_luca/install/earth_robot_moveit_config/bin'
[2.135s] INFO:colcon.colcon_core.shell:Creating package script '/home/luca/Stage_Lirmm/Diffusion-model-isaacsim/ur10_real_robot/ros2_ws_luca/install/earth_robot_moveit_config/share/earth_robot_moveit_config/package.ps1'
[2.136s] INFO:colcon.colcon_core.shell:Creating package descriptor '/home/luca/Stage_Lirmm/Diffusion-model-isaacsim/ur10_real_robot/ros2_ws_luca/install/earth_robot_moveit_config/share/earth_robot_moveit_config/package.dsv'
[2.137s] INFO:colcon.colcon_core.shell:Creating package script '/home/luca/Stage_Lirmm/Diffusion-model-isaacsim/ur10_real_robot/ros2_ws_luca/install/earth_robot_moveit_config/share/earth_robot_moveit_config/package.sh'
[2.137s] INFO:colcon.colcon_core.shell:Creating package script '/home/luca/Stage_Lirmm/Diffusion-model-isaacsim/ur10_real_robot/ros2_ws_luca/install/earth_robot_moveit_config/share/earth_robot_moveit_config/package.bash'
[2.137s] INFO:colcon.colcon_core.shell:Creating package script '/home/luca/Stage_Lirmm/Diffusion-model-isaacsim/ur10_real_robot/ros2_ws_luca/install/earth_robot_moveit_config/share/earth_robot_moveit_config/package.zsh'
[2.138s] Level 1:colcon.colcon_core.environment:create_file_with_runtime_dependencies(/home/luca/Stage_Lirmm/Diffusion-model-isaacsim/ur10_real_robot/ros2_ws_luca/install/earth_robot_moveit_config/share/colcon-core/packages/earth_robot_moveit_config)
[2.138s] DEBUG:colcon.colcon_parallel_executor.executor.parallel:closing loop
[2.139s] DEBUG:colcon.colcon_parallel_executor.executor.parallel:loop closed
[2.139s] DEBUG:colcon.colcon_parallel_executor.executor.parallel:run_until_complete finished with '0'
[2.139s] DEBUG:colcon.colcon_core.event_reactor:joining thread
[2.147s] INFO:colcon.colcon_core.plugin_system:Skipping extension 'colcon_notification.desktop_notification.terminal_notifier': Not used on non-Darwin systems
[2.147s] INFO:colcon.colcon_core.plugin_system:Skipping extension 'colcon_notification.desktop_notification.win32': Not used on non-Windows systems
[2.147s] INFO:colcon.colcon_notification.desktop_notification:Sending desktop notification using 'notify2'
[2.161s] DEBUG:colcon.colcon_core.event_reactor:joined thread
[2.162s] INFO:colcon.colcon_core.shell:Creating prefix script '/home/luca/Stage_Lirmm/Diffusion-model-isaacsim/ur10_real_robot/ros2_ws_luca/install/local_setup.ps1'
[2.163s] INFO:colcon.colcon_core.shell:Creating prefix util module '/home/luca/Stage_Lirmm/Diffusion-model-isaacsim/ur10_real_robot/ros2_ws_luca/install/_local_setup_util_ps1.py'
[2.165s] INFO:colcon.colcon_core.shell:Creating prefix chain script '/home/luca/Stage_Lirmm/Diffusion-model-isaacsim/ur10_real_robot/ros2_ws_luca/install/setup.ps1'
[2.166s] INFO:colcon.colcon_core.shell:Creating prefix script '/home/luca/Stage_Lirmm/Diffusion-model-isaacsim/ur10_real_robot/ros2_ws_luca/install/local_setup.sh'
[2.167s] INFO:colcon.colcon_core.shell:Creating prefix util module '/home/luca/Stage_Lirmm/Diffusion-model-isaacsim/ur10_real_robot/ros2_ws_luca/install/_local_setup_util_sh.py'
[2.167s] INFO:colcon.colcon_core.shell:Creating prefix chain script '/home/luca/Stage_Lirmm/Diffusion-model-isaacsim/ur10_real_robot/ros2_ws_luca/install/setup.sh'
[2.169s] INFO:colcon.colcon_core.shell:Creating prefix script '/home/luca/Stage_Lirmm/Diffusion-model-isaacsim/ur10_real_robot/ros2_ws_luca/install/local_setup.bash'
[2.169s] INFO:colcon.colcon_core.shell:Creating prefix chain script '/home/luca/Stage_Lirmm/Diffusion-model-isaacsim/ur10_real_robot/ros2_ws_luca/install/setup.bash'
[2.170s] INFO:colcon.colcon_core.shell:Creating prefix script '/home/luca/Stage_Lirmm/Diffusion-model-isaacsim/ur10_real_robot/ros2_ws_luca/install/local_setup.zsh'
[2.170s] INFO:colcon.colcon_core.shell:Creating prefix chain script '/home/luca/Stage_Lirmm/Diffusion-model-isaacsim/ur10_real_robot/ros2_ws_luca/install/setup.zsh'
