running egg_info
writing ../../build/bringup_gripper/bringup_gripper.egg-info/PKG-INFO
writing dependency_links to ../../build/bringup_gripper/bringup_gripper.egg-info/dependency_links.txt
writing entry points to ../../build/bringup_gripper/bringup_gripper.egg-info/entry_points.txt
writing requirements to ../../build/bringup_gripper/bringup_gripper.egg-info/requires.txt
writing top-level names to ../../build/bringup_gripper/bringup_gripper.egg-info/top_level.txt
reading manifest file '../../build/bringup_gripper/bringup_gripper.egg-info/SOURCES.txt'
adding license file 'LICENSE'
writing manifest file '../../build/bringup_gripper/bringup_gripper.egg-info/SOURCES.txt'
running build
running build_py
running install
running install_lib
running install_data
running install_egg_info
removing '/home/luca/Stage_Lirmm/Diffusion-model-isaacsim/ur10_real_robot/ros2_ws_luca/install/bringup_gripper/lib/python3.10/site-packages/bringup_gripper-0.0.0-py3.10.egg-info' (and everything under it)
Copying ../../build/bringup_gripper/bringup_gripper.egg-info to /home/luca/Stage_Lirmm/Diffusion-model-isaacsim/ur10_real_robot/ros2_ws_luca/install/bringup_gripper/lib/python3.10/site-packages/bringup_gripper-0.0.0-py3.10.egg-info
running install_scripts
Installing joint_state_merger script to /home/luca/Stage_Lirmm/Diffusion-model-isaacsim/ur10_real_robot/ros2_ws_luca/install/bringup_gripper/lib/bringup_gripper
Installing onrobot_rg_gripper_command_action script to /home/luca/Stage_Lirmm/Diffusion-model-isaacsim/ur10_real_robot/ros2_ws_luca/install/bringup_gripper/lib/bringup_gripper
Installing onrobot_rg_keyboard script to /home/luca/Stage_Lirmm/Diffusion-model-isaacsim/ur10_real_robot/ros2_ws_luca/install/bringup_gripper/lib/bringup_gripper
Installing onrobot_rg_move script to /home/luca/Stage_Lirmm/Diffusion-model-isaacsim/ur10_real_robot/ros2_ws_luca/install/bringup_gripper/lib/bringup_gripper
Installing onrobot_rg_simple_controller script to /home/luca/Stage_Lirmm/Diffusion-model-isaacsim/ur10_real_robot/ros2_ws_luca/install/bringup_gripper/lib/bringup_gripper
Installing onrobot_rg_status_listener script to /home/luca/Stage_Lirmm/Diffusion-model-isaacsim/ur10_real_robot/ros2_ws_luca/install/bringup_gripper/lib/bringup_gripper
Installing onrobot_rg_tcp_node script to /home/luca/Stage_Lirmm/Diffusion-model-isaacsim/ur10_real_robot/ros2_ws_luca/install/bringup_gripper/lib/bringup_gripper
Installing pick_place_sequence script to /home/luca/Stage_Lirmm/Diffusion-model-isaacsim/ur10_real_robot/ros2_ws_luca/install/bringup_gripper/lib/bringup_gripper
writing list of installed files to '/home/luca/Stage_Lirmm/Diffusion-model-isaacsim/ur10_real_robot/ros2_ws_luca/build/bringup_gripper/install.log'
