[0.030s] Invoking command in '/home/luca/Stage_Lirmm/Diffusion-model-isaacsim/ur10_real_robot/ros2_ws_luca/build/ur_robot_description_cb2': CMAKE_PREFIX_PATH=${CMAKE_PREFIX_PATH}:/home/luca/Stage_Lirmm/Diffusion-model-isaacsim/ur10_real_robot/ros2_ws_luca/install/bringup_gripper:/opt/ros/humble VIRTUAL_ENV_PROMPT=(mujoco_ros) /usr/bin/cmake --build /home/luca/Stage_Lirmm/Diffusion-model-isaacsim/ur10_real_robot/ros2_ws_luca/build/ur_robot_description_cb2 -- -j16 -l16
[0.097s] Invoked command in '/home/luca/Stage_Lirmm/Diffusion-model-isaacsim/ur10_real_robot/ros2_ws_luca/build/ur_robot_description_cb2' returned '0': CMAKE_PREFIX_PATH=${CMAKE_PREFIX_PATH}:/home/luca/Stage_Lirmm/Diffusion-model-isaacsim/ur10_real_robot/ros2_ws_luca/install/bringup_gripper:/opt/ros/humble VIRTUAL_ENV_PROMPT=(mujoco_ros) /usr/bin/cmake --build /home/luca/Stage_Lirmm/Diffusion-model-isaacsim/ur10_real_robot/ros2_ws_luca/build/ur_robot_description_cb2 -- -j16 -l16
[0.118s] Invoking command in '/home/luca/Stage_Lirmm/Diffusion-model-isaacsim/ur10_real_robot/ros2_ws_luca/build/ur_robot_description_cb2': CMAKE_PREFIX_PATH=${CMAKE_PREFIX_PATH}:/home/luca/Stage_Lirmm/Diffusion-model-isaacsim/ur10_real_robot/ros2_ws_luca/install/bringup_gripper:/opt/ros/humble VIRTUAL_ENV_PROMPT=(mujoco_ros) /usr/bin/cmake --install /home/luca/Stage_Lirmm/Diffusion-model-isaacsim/ur10_real_robot/ros2_ws_luca/build/ur_robot_description_cb2
[0.134s] -- Install configuration: ""
[0.134s] -- Execute custom install script
[0.139s] -- Up-to-date symlink: /home/luca/Stage_Lirmm/Diffusion-model-isaacsim/ur10_real_robot/ros2_ws_luca/install/ur_robot_description_cb2/share/ur_robot_description_cb2/config/initial_positions.yaml
[0.139s] -- Up-to-date symlink: /home/luca/Stage_Lirmm/Diffusion-model-isaacsim/ur10_real_robot/ros2_ws_luca/install/ur_robot_description_cb2/share/ur_robot_description_cb2/config/ur10/default_kinematics.yaml
[0.139s] -- Up-to-date symlink: /home/luca/Stage_Lirmm/Diffusion-model-isaacsim/ur10_real_robot/ros2_ws_luca/install/ur_robot_description_cb2/share/ur_robot_description_cb2/config/ur10/joint_limits.yaml
[0.139s] -- Up-to-date symlink: /home/luca/Stage_Lirmm/Diffusion-model-isaacsim/ur10_real_robot/ros2_ws_luca/install/ur_robot_description_cb2/share/ur_robot_description_cb2/config/ur10/physical_parameters.yaml
[0.141s] -- Up-to-date symlink: /home/luca/Stage_Lirmm/Diffusion-model-isaacsim/ur10_real_robot/ros2_ws_luca/install/ur_robot_description_cb2/share/ur_robot_description_cb2/config/ur10/visual_parameters.yaml
[0.141s] -- Up-to-date symlink: /home/luca/Stage_Lirmm/Diffusion-model-isaacsim/ur10_real_robot/ros2_ws_luca/install/ur_robot_description_cb2/share/ur_robot_description_cb2/config/ur10e/default_kinematics.yaml
[0.142s] -- Up-to-date symlink: /home/luca/Stage_Lirmm/Diffusion-model-isaacsim/ur10_real_robot/ros2_ws_luca/install/ur_robot_description_cb2/share/ur_robot_description_cb2/config/ur10e/joint_limits.yaml
[0.142s] -- Up-to-date symlink: /home/luca/Stage_Lirmm/Diffusion-model-isaacsim/ur10_real_robot/ros2_ws_luca/install/ur_robot_description_cb2/share/ur_robot_description_cb2/config/ur10e/physical_parameters.yaml
[0.142s] -- Up-to-date symlink: /home/luca/Stage_Lirmm/Diffusion-model-isaacsim/ur10_real_robot/ros2_ws_luca/install/ur_robot_description_cb2/share/ur_robot_description_cb2/config/ur10e/visual_parameters.yaml
[0.143s] -- Up-to-date symlink: /home/luca/Stage_Lirmm/Diffusion-model-isaacsim/ur10_real_robot/ros2_ws_luca/install/ur_robot_description_cb2/share/ur_robot_description_cb2/config/ur12e/default_kinematics.yaml
[0.143s] -- Up-to-date symlink: /home/luca/Stage_Lirmm/Diffusion-model-isaacsim/ur10_real_robot/ros2_ws_luca/install/ur_robot_description_cb2/share/ur_robot_description_cb2/config/ur12e/joint_limits.yaml
[0.143s] -- Up-to-date symlink: /home/luca/Stage_Lirmm/Diffusion-model-isaacsim/ur10_real_robot/ros2_ws_luca/install/ur_robot_description_cb2/share/ur_robot_description_cb2/config/ur12e/physical_parameters.yaml
[0.143s] -- Up-to-date symlink: /home/luca/Stage_Lirmm/Diffusion-model-isaacsim/ur10_real_robot/ros2_ws_luca/install/ur_robot_description_cb2/share/ur_robot_description_cb2/config/ur12e/visual_parameters.yaml
[0.143s] -- Up-to-date symlink: /home/luca/Stage_Lirmm/Diffusion-model-isaacsim/ur10_real_robot/ros2_ws_luca/install/ur_robot_description_cb2/share/ur_robot_description_cb2/config/ur15/default_kinematics.yaml
[0.145s] -- Up-to-date symlink: /home/luca/Stage_Lirmm/Diffusion-model-isaacsim/ur10_real_robot/ros2_ws_luca/install/ur_robot_description_cb2/share/ur_robot_description_cb2/config/ur15/joint_limits.yaml
[0.145s] -- Up-to-date symlink: /home/luca/Stage_Lirmm/Diffusion-model-isaacsim/ur10_real_robot/ros2_ws_luca/install/ur_robot_description_cb2/share/ur_robot_description_cb2/config/ur15/physical_parameters.yaml
[0.145s] -- Up-to-date symlink: /home/luca/Stage_Lirmm/Diffusion-model-isaacsim/ur10_real_robot/ros2_ws_luca/install/ur_robot_description_cb2/share/ur_robot_description_cb2/config/ur15/visual_parameters.yaml
[0.145s] -- Up-to-date symlink: /home/luca/Stage_Lirmm/Diffusion-model-isaacsim/ur10_real_robot/ros2_ws_luca/install/ur_robot_description_cb2/share/ur_robot_description_cb2/config/ur16e/default_kinematics.yaml
[0.146s] -- Up-to-date symlink: /home/luca/Stage_Lirmm/Diffusion-model-isaacsim/ur10_real_robot/ros2_ws_luca/install/ur_robot_description_cb2/share/ur_robot_description_cb2/config/ur16e/joint_limits.yaml
[0.146s] -- Up-to-date symlink: /home/luca/Stage_Lirmm/Diffusion-model-isaacsim/ur10_real_robot/ros2_ws_luca/install/ur_robot_description_cb2/share/ur_robot_description_cb2/config/ur16e/physical_parameters.yaml
[0.146s] -- Up-to-date symlink: /home/luca/Stage_Lirmm/Diffusion-model-isaacsim/ur10_real_robot/ros2_ws_luca/install/ur_robot_description_cb2/share/ur_robot_description_cb2/config/ur16e/visual_parameters.yaml
[0.146s] -- Up-to-date symlink: /home/luca/Stage_Lirmm/Diffusion-model-isaacsim/ur10_real_robot/ros2_ws_luca/install/ur_robot_description_cb2/share/ur_robot_description_cb2/config/ur18/default_kinematics.yaml
[0.147s] -- Up-to-date symlink: /home/luca/Stage_Lirmm/Diffusion-model-isaacsim/ur10_real_robot/ros2_ws_luca/install/ur_robot_description_cb2/share/ur_robot_description_cb2/config/ur18/joint_limits.yaml
[0.147s] -- Up-to-date symlink: /home/luca/Stage_Lirmm/Diffusion-model-isaacsim/ur10_real_robot/ros2_ws_luca/install/ur_robot_description_cb2/share/ur_robot_description_cb2/config/ur18/physical_parameters.yaml
[0.147s] -- Up-to-date symlink: /home/luca/Stage_Lirmm/Diffusion-model-isaacsim/ur10_real_robot/ros2_ws_luca/install/ur_robot_description_cb2/share/ur_robot_description_cb2/config/ur18/visual_parameters.yaml
[0.147s] -- Up-to-date symlink: /home/luca/Stage_Lirmm/Diffusion-model-isaacsim/ur10_real_robot/ros2_ws_luca/install/ur_robot_description_cb2/share/ur_robot_description_cb2/config/ur20/default_kinematics.yaml
[0.149s] -- Up-to-date symlink: /home/luca/Stage_Lirmm/Diffusion-model-isaacsim/ur10_real_robot/ros2_ws_luca/install/ur_robot_description_cb2/share/ur_robot_description_cb2/config/ur20/joint_limits.yaml
[0.149s] -- Up-to-date symlink: /home/luca/Stage_Lirmm/Diffusion-model-isaacsim/ur10_real_robot/ros2_ws_luca/install/ur_robot_description_cb2/share/ur_robot_description_cb2/config/ur20/physical_parameters.yaml
[0.149s] -- Up-to-date symlink: /home/luca/Stage_Lirmm/Diffusion-model-isaacsim/ur10_real_robot/ros2_ws_luca/install/ur_robot_description_cb2/share/ur_robot_description_cb2/config/ur20/visual_parameters.yaml
[0.149s] -- Up-to-date symlink: /home/luca/Stage_Lirmm/Diffusion-model-isaacsim/ur10_real_robot/ros2_ws_luca/install/ur_robot_description_cb2/share/ur_robot_description_cb2/config/ur3/default_kinematics.yaml
[0.150s] -- Up-to-date symlink: /home/luca/Stage_Lirmm/Diffusion-model-isaacsim/ur10_real_robot/ros2_ws_luca/install/ur_robot_description_cb2/share/ur_robot_description_cb2/config/ur3/joint_limits.yaml
[0.150s] -- Up-to-date symlink: /home/luca/Stage_Lirmm/Diffusion-model-isaacsim/ur10_real_robot/ros2_ws_luca/install/ur_robot_description_cb2/share/ur_robot_description_cb2/config/ur3/physical_parameters.yaml
[0.150s] -- Up-to-date symlink: /home/luca/Stage_Lirmm/Diffusion-model-isaacsim/ur10_real_robot/ros2_ws_luca/install/ur_robot_description_cb2/share/ur_robot_description_cb2/config/ur3/visual_parameters.yaml
[0.150s] -- Up-to-date symlink: /home/luca/Stage_Lirmm/Diffusion-model-isaacsim/ur10_real_robot/ros2_ws_luca/install/ur_robot_description_cb2/share/ur_robot_description_cb2/config/ur30/default_kinematics.yaml
[0.150s] -- Up-to-date symlink: /home/luca/Stage_Lirmm/Diffusion-model-isaacsim/ur10_real_robot/ros2_ws_luca/install/ur_robot_description_cb2/share/ur_robot_description_cb2/config/ur30/joint_limits.yaml
[0.150s] -- Up-to-date symlink: /home/luca/Stage_Lirmm/Diffusion-model-isaacsim/ur10_real_robot/ros2_ws_luca/install/ur_robot_description_cb2/share/ur_robot_description_cb2/config/ur30/physical_parameters.yaml
[0.151s] -- Up-to-date symlink: /home/luca/Stage_Lirmm/Diffusion-model-isaacsim/ur10_real_robot/ros2_ws_luca/install/ur_robot_description_cb2/share/ur_robot_description_cb2/config/ur30/visual_parameters.yaml
[0.151s] -- Up-to-date symlink: /home/luca/Stage_Lirmm/Diffusion-model-isaacsim/ur10_real_robot/ros2_ws_luca/install/ur_robot_description_cb2/share/ur_robot_description_cb2/config/ur3e/default_kinematics.yaml
[0.151s] -- Up-to-date symlink: /home/luca/Stage_Lirmm/Diffusion-model-isaacsim/ur10_real_robot/ros2_ws_luca/install/ur_robot_description_cb2/share/ur_robot_description_cb2/config/ur3e/joint_limits.yaml
[0.152s] -- Up-to-date symlink: /home/luca/Stage_Lirmm/Diffusion-model-isaacsim/ur10_real_robot/ros2_ws_luca/install/ur_robot_description_cb2/share/ur_robot_description_cb2/config/ur3e/physical_parameters.yaml
[0.152s] -- Up-to-date symlink: /home/luca/Stage_Lirmm/Diffusion-model-isaacsim/ur10_real_robot/ros2_ws_luca/install/ur_robot_description_cb2/share/ur_robot_description_cb2/config/ur3e/visual_parameters.yaml
[0.152s] -- Up-to-date symlink: /home/luca/Stage_Lirmm/Diffusion-model-isaacsim/ur10_real_robot/ros2_ws_luca/install/ur_robot_description_cb2/share/ur_robot_description_cb2/config/ur5/default_kinematics.yaml
[0.152s] -- Up-to-date symlink: /home/luca/Stage_Lirmm/Diffusion-model-isaacsim/ur10_real_robot/ros2_ws_luca/install/ur_robot_description_cb2/share/ur_robot_description_cb2/config/ur5/joint_limits.yaml
[0.152s] -- Up-to-date symlink: /home/luca/Stage_Lirmm/Diffusion-model-isaacsim/ur10_real_robot/ros2_ws_luca/install/ur_robot_description_cb2/share/ur_robot_description_cb2/config/ur5/physical_parameters.yaml
[0.152s] -- Up-to-date symlink: /home/luca/Stage_Lirmm/Diffusion-model-isaacsim/ur10_real_robot/ros2_ws_luca/install/ur_robot_description_cb2/share/ur_robot_description_cb2/config/ur5/visual_parameters.yaml
[0.153s] -- Up-to-date symlink: /home/luca/Stage_Lirmm/Diffusion-model-isaacsim/ur10_real_robot/ros2_ws_luca/install/ur_robot_description_cb2/share/ur_robot_description_cb2/config/ur5e/default_kinematics.yaml
[0.153s] -- Up-to-date symlink: /home/luca/Stage_Lirmm/Diffusion-model-isaacsim/ur10_real_robot/ros2_ws_luca/install/ur_robot_description_cb2/share/ur_robot_description_cb2/config/ur5e/joint_limits.yaml
[0.153s] -- Up-to-date symlink: /home/luca/Stage_Lirmm/Diffusion-model-isaacsim/ur10_real_robot/ros2_ws_luca/install/ur_robot_description_cb2/share/ur_robot_description_cb2/config/ur5e/physical_parameters.yaml
[0.154s] -- Up-to-date symlink: /home/luca/Stage_Lirmm/Diffusion-model-isaacsim/ur10_real_robot/ros2_ws_luca/install/ur_robot_description_cb2/share/ur_robot_description_cb2/config/ur5e/visual_parameters.yaml
[0.154s] -- Up-to-date symlink: /home/luca/Stage_Lirmm/Diffusion-model-isaacsim/ur10_real_robot/ros2_ws_luca/install/ur_robot_description_cb2/share/ur_robot_description_cb2/config/ur7e/default_kinematics.yaml
[0.154s] -- Up-to-date symlink: /home/luca/Stage_Lirmm/Diffusion-model-isaacsim/ur10_real_robot/ros2_ws_luca/install/ur_robot_description_cb2/share/ur_robot_description_cb2/config/ur7e/joint_limits.yaml
[0.154s] -- Up-to-date symlink: /home/luca/Stage_Lirmm/Diffusion-model-isaacsim/ur10_real_robot/ros2_ws_luca/install/ur_robot_description_cb2/share/ur_robot_description_cb2/config/ur7e/physical_parameters.yaml
[0.154s] -- Up-to-date symlink: /home/luca/Stage_Lirmm/Diffusion-model-isaacsim/ur10_real_robot/ros2_ws_luca/install/ur_robot_description_cb2/share/ur_robot_description_cb2/config/ur7e/visual_parameters.yaml
[0.154s] -- Up-to-date symlink: /home/luca/Stage_Lirmm/Diffusion-model-isaacsim/ur10_real_robot/ros2_ws_luca/install/ur_robot_description_cb2/share/ur_robot_description_cb2/config/ur8long/default_kinematics.yaml
[0.154s] -- Up-to-date symlink: /home/luca/Stage_Lirmm/Diffusion-model-isaacsim/ur10_real_robot/ros2_ws_luca/install/ur_robot_description_cb2/share/ur_robot_description_cb2/config/ur8long/joint_limits.yaml
[0.155s] -- Up-to-date symlink: /home/luca/Stage_Lirmm/Diffusion-model-isaacsim/ur10_real_robot/ros2_ws_luca/install/ur_robot_description_cb2/share/ur_robot_description_cb2/config/ur8long/physical_parameters.yaml
[0.155s] -- Up-to-date symlink: /home/luca/Stage_Lirmm/Diffusion-model-isaacsim/ur10_real_robot/ros2_ws_luca/install/ur_robot_description_cb2/share/ur_robot_description_cb2/config/ur8long/visual_parameters.yaml
[0.155s] -- Up-to-date symlink: /home/luca/Stage_Lirmm/Diffusion-model-isaacsim/ur10_real_robot/ros2_ws_luca/install/ur_robot_description_cb2/share/ur_robot_description_cb2/launch/view_ur.launch.py
[0.155s] -- Up-to-date symlink: /home/luca/Stage_Lirmm/Diffusion-model-isaacsim/ur10_real_robot/ros2_ws_luca/install/ur_robot_description_cb2/share/ur_robot_description_cb2/launch/view_ur.launch.xml
[0.159s] -- Up-to-date symlink: /home/luca/Stage_Lirmm/Diffusion-model-isaacsim/ur10_real_robot/ros2_ws_luca/install/ur_robot_description_cb2/share/ur_robot_description_cb2/meshes/ur10/collision/base.stl
[0.159s] -- Up-to-date symlink: /home/luca/Stage_Lirmm/Diffusion-model-isaacsim/ur10_real_robot/ros2_ws_luca/install/ur_robot_description_cb2/share/ur_robot_description_cb2/meshes/ur10/collision/forearm.stl
[0.159s] -- Up-to-date symlink: /home/luca/Stage_Lirmm/Diffusion-model-isaacsim/ur10_real_robot/ros2_ws_luca/install/ur_robot_description_cb2/share/ur_robot_description_cb2/meshes/ur10/collision/shoulder.stl
[0.159s] -- Up-to-date symlink: /home/luca/Stage_Lirmm/Diffusion-model-isaacsim/ur10_real_robot/ros2_ws_luca/install/ur_robot_description_cb2/share/ur_robot_description_cb2/meshes/ur10/collision/upperarm.stl
[0.161s] -- Up-to-date symlink: /home/luca/Stage_Lirmm/Diffusion-model-isaacsim/ur10_real_robot/ros2_ws_luca/install/ur_robot_description_cb2/share/ur_robot_description_cb2/meshes/ur10/collision/wrist1.stl
[0.162s] -- Up-to-date symlink: /home/luca/Stage_Lirmm/Diffusion-model-isaacsim/ur10_real_robot/ros2_ws_luca/install/ur_robot_description_cb2/share/ur_robot_description_cb2/meshes/ur10/collision/wrist2.stl
[0.162s] -- Up-to-date symlink: /home/luca/Stage_Lirmm/Diffusion-model-isaacsim/ur10_real_robot/ros2_ws_luca/install/ur_robot_description_cb2/share/ur_robot_description_cb2/meshes/ur10/collision/wrist3.stl
[0.162s] -- Up-to-date symlink: /home/luca/Stage_Lirmm/Diffusion-model-isaacsim/ur10_real_robot/ros2_ws_luca/install/ur_robot_description_cb2/share/ur_robot_description_cb2/meshes/ur10/visual/base.dae
[0.162s] -- Up-to-date symlink: /home/luca/Stage_Lirmm/Diffusion-model-isaacsim/ur10_real_robot/ros2_ws_luca/install/ur_robot_description_cb2/share/ur_robot_description_cb2/meshes/ur10/visual/forearm.dae
[0.162s] -- Up-to-date symlink: /home/luca/Stage_Lirmm/Diffusion-model-isaacsim/ur10_real_robot/ros2_ws_luca/install/ur_robot_description_cb2/share/ur_robot_description_cb2/meshes/ur10/visual/shoulder.dae
[0.162s] -- Up-to-date symlink: /home/luca/Stage_Lirmm/Diffusion-model-isaacsim/ur10_real_robot/ros2_ws_luca/install/ur_robot_description_cb2/share/ur_robot_description_cb2/meshes/ur10/visual/upperarm.dae
[0.162s] -- Up-to-date symlink: /home/luca/Stage_Lirmm/Diffusion-model-isaacsim/ur10_real_robot/ros2_ws_luca/install/ur_robot_description_cb2/share/ur_robot_description_cb2/meshes/ur10/visual/wrist1.dae
[0.162s] -- Up-to-date symlink: /home/luca/Stage_Lirmm/Diffusion-model-isaacsim/ur10_real_robot/ros2_ws_luca/install/ur_robot_description_cb2/share/ur_robot_description_cb2/meshes/ur10/visual/wrist2.dae
[0.163s] -- Up-to-date symlink: /home/luca/Stage_Lirmm/Diffusion-model-isaacsim/ur10_real_robot/ros2_ws_luca/install/ur_robot_description_cb2/share/ur_robot_description_cb2/meshes/ur10/visual/wrist3.dae
[0.163s] -- Up-to-date symlink: /home/luca/Stage_Lirmm/Diffusion-model-isaacsim/ur10_real_robot/ros2_ws_luca/install/ur_robot_description_cb2/share/ur_robot_description_cb2/meshes/ur10e/collision/base.stl
[0.163s] -- Up-to-date symlink: /home/luca/Stage_Lirmm/Diffusion-model-isaacsim/ur10_real_robot/ros2_ws_luca/install/ur_robot_description_cb2/share/ur_robot_description_cb2/meshes/ur10e/collision/forearm.stl
[0.163s] -- Up-to-date symlink: /home/luca/Stage_Lirmm/Diffusion-model-isaacsim/ur10_real_robot/ros2_ws_luca/install/ur_robot_description_cb2/share/ur_robot_description_cb2/meshes/ur10e/collision/shoulder.stl
[0.163s] -- Up-to-date symlink: /home/luca/Stage_Lirmm/Diffusion-model-isaacsim/ur10_real_robot/ros2_ws_luca/install/ur_robot_description_cb2/share/ur_robot_description_cb2/meshes/ur10e/collision/upperarm.stl
[0.163s] -- Up-to-date symlink: /home/luca/Stage_Lirmm/Diffusion-model-isaacsim/ur10_real_robot/ros2_ws_luca/install/ur_robot_description_cb2/share/ur_robot_description_cb2/meshes/ur10e/collision/wrist1.stl
[0.163s] -- Up-to-date symlink: /home/luca/Stage_Lirmm/Diffusion-model-isaacsim/ur10_real_robot/ros2_ws_luca/install/ur_robot_description_cb2/share/ur_robot_description_cb2/meshes/ur10e/collision/wrist2.stl
[0.164s] -- Up-to-date symlink: /home/luca/Stage_Lirmm/Diffusion-model-isaacsim/ur10_real_robot/ros2_ws_luca/install/ur_robot_description_cb2/share/ur_robot_description_cb2/meshes/ur10e/collision/wrist3.stl
[0.164s] -- Up-to-date symlink: /home/luca/Stage_Lirmm/Diffusion-model-isaacsim/ur10_real_robot/ros2_ws_luca/install/ur_robot_description_cb2/share/ur_robot_description_cb2/meshes/ur10e/visual/base.dae
[0.164s] -- Up-to-date symlink: /home/luca/Stage_Lirmm/Diffusion-model-isaacsim/ur10_real_robot/ros2_ws_luca/install/ur_robot_description_cb2/share/ur_robot_description_cb2/meshes/ur10e/visual/forearm.dae
[0.164s] -- Up-to-date symlink: /home/luca/Stage_Lirmm/Diffusion-model-isaacsim/ur10_real_robot/ros2_ws_luca/install/ur_robot_description_cb2/share/ur_robot_description_cb2/meshes/ur10e/visual/shoulder.dae
[0.165s] -- Up-to-date symlink: /home/luca/Stage_Lirmm/Diffusion-model-isaacsim/ur10_real_robot/ros2_ws_luca/install/ur_robot_description_cb2/share/ur_robot_description_cb2/meshes/ur10e/visual/upperarm.dae
[0.165s] -- Up-to-date symlink: /home/luca/Stage_Lirmm/Diffusion-model-isaacsim/ur10_real_robot/ros2_ws_luca/install/ur_robot_description_cb2/share/ur_robot_description_cb2/meshes/ur10e/visual/wrist1.dae
[0.165s] -- Up-to-date symlink: /home/luca/Stage_Lirmm/Diffusion-model-isaacsim/ur10_real_robot/ros2_ws_luca/install/ur_robot_description_cb2/share/ur_robot_description_cb2/meshes/ur10e/visual/wrist2.dae
[0.165s] -- Up-to-date symlink: /home/luca/Stage_Lirmm/Diffusion-model-isaacsim/ur10_real_robot/ros2_ws_luca/install/ur_robot_description_cb2/share/ur_robot_description_cb2/meshes/ur10e/visual/wrist3.dae
[0.165s] -- Up-to-date symlink: /home/luca/Stage_Lirmm/Diffusion-model-isaacsim/ur10_real_robot/ros2_ws_luca/install/ur_robot_description_cb2/share/ur_robot_description_cb2/meshes/ur15/LICENSE.txt
[0.165s] -- Up-to-date symlink: /home/luca/Stage_Lirmm/Diffusion-model-isaacsim/ur10_real_robot/ros2_ws_luca/install/ur_robot_description_cb2/share/ur_robot_description_cb2/meshes/ur15/collision/base.stl
[0.165s] -- Up-to-date symlink: /home/luca/Stage_Lirmm/Diffusion-model-isaacsim/ur10_real_robot/ros2_ws_luca/install/ur_robot_description_cb2/share/ur_robot_description_cb2/meshes/ur15/collision/forearm.stl
[0.166s] -- Up-to-date symlink: /home/luca/Stage_Lirmm/Diffusion-model-isaacsim/ur10_real_robot/ros2_ws_luca/install/ur_robot_description_cb2/share/ur_robot_description_cb2/meshes/ur15/collision/shoulder.stl
[0.166s] -- Up-to-date symlink: /home/luca/Stage_Lirmm/Diffusion-model-isaacsim/ur10_real_robot/ros2_ws_luca/install/ur_robot_description_cb2/share/ur_robot_description_cb2/meshes/ur15/collision/upperarm.stl
[0.166s] -- Up-to-date symlink: /home/luca/Stage_Lirmm/Diffusion-model-isaacsim/ur10_real_robot/ros2_ws_luca/install/ur_robot_description_cb2/share/ur_robot_description_cb2/meshes/ur15/collision/wrist1.stl
[0.166s] -- Up-to-date symlink: /home/luca/Stage_Lirmm/Diffusion-model-isaacsim/ur10_real_robot/ros2_ws_luca/install/ur_robot_description_cb2/share/ur_robot_description_cb2/meshes/ur15/collision/wrist2.stl
[0.166s] -- Up-to-date symlink: /home/luca/Stage_Lirmm/Diffusion-model-isaacsim/ur10_real_robot/ros2_ws_luca/install/ur_robot_description_cb2/share/ur_robot_description_cb2/meshes/ur15/collision/wrist3.stl
[0.166s] -- Up-to-date symlink: /home/luca/Stage_Lirmm/Diffusion-model-isaacsim/ur10_real_robot/ros2_ws_luca/install/ur_robot_description_cb2/share/ur_robot_description_cb2/meshes/ur15/visual/UR15_DIFF_8bit_2K.jpg
[0.167s] -- Up-to-date symlink: /home/luca/Stage_Lirmm/Diffusion-model-isaacsim/ur10_real_robot/ros2_ws_luca/install/ur_robot_description_cb2/share/ur_robot_description_cb2/meshes/ur15/visual/base.dae
[0.167s] -- Up-to-date symlink: /home/luca/Stage_Lirmm/Diffusion-model-isaacsim/ur10_real_robot/ros2_ws_luca/install/ur_robot_description_cb2/share/ur_robot_description_cb2/meshes/ur15/visual/forearm.dae
[0.167s] -- Up-to-date symlink: /home/luca/Stage_Lirmm/Diffusion-model-isaacsim/ur10_real_robot/ros2_ws_luca/install/ur_robot_description_cb2/share/ur_robot_description_cb2/meshes/ur15/visual/shoulder.dae
[0.167s] -- Up-to-date symlink: /home/luca/Stage_Lirmm/Diffusion-model-isaacsim/ur10_real_robot/ros2_ws_luca/install/ur_robot_description_cb2/share/ur_robot_description_cb2/meshes/ur15/visual/upperarm.dae
[0.168s] -- Up-to-date symlink: /home/luca/Stage_Lirmm/Diffusion-model-isaacsim/ur10_real_robot/ros2_ws_luca/install/ur_robot_description_cb2/share/ur_robot_description_cb2/meshes/ur15/visual/wrist1.dae
[0.168s] -- Up-to-date symlink: /home/luca/Stage_Lirmm/Diffusion-model-isaacsim/ur10_real_robot/ros2_ws_luca/install/ur_robot_description_cb2/share/ur_robot_description_cb2/meshes/ur15/visual/wrist2.dae
[0.168s] -- Up-to-date symlink: /home/luca/Stage_Lirmm/Diffusion-model-isaacsim/ur10_real_robot/ros2_ws_luca/install/ur_robot_description_cb2/share/ur_robot_description_cb2/meshes/ur15/visual/wrist3.dae
[0.169s] -- Up-to-date symlink: /home/luca/Stage_Lirmm/Diffusion-model-isaacsim/ur10_real_robot/ros2_ws_luca/install/ur_robot_description_cb2/share/ur_robot_description_cb2/meshes/ur16e/collision/forearm.stl
[0.169s] -- Up-to-date symlink: /home/luca/Stage_Lirmm/Diffusion-model-isaacsim/ur10_real_robot/ros2_ws_luca/install/ur_robot_description_cb2/share/ur_robot_description_cb2/meshes/ur16e/collision/upperarm.stl
[0.169s] -- Up-to-date symlink: /home/luca/Stage_Lirmm/Diffusion-model-isaacsim/ur10_real_robot/ros2_ws_luca/install/ur_robot_description_cb2/share/ur_robot_description_cb2/meshes/ur16e/visual/forearm.dae
[0.169s] -- Up-to-date symlink: /home/luca/Stage_Lirmm/Diffusion-model-isaacsim/ur10_real_robot/ros2_ws_luca/install/ur_robot_description_cb2/share/ur_robot_description_cb2/meshes/ur16e/visual/upperarm.dae
[0.170s] -- Up-to-date symlink: /home/luca/Stage_Lirmm/Diffusion-model-isaacsim/ur10_real_robot/ros2_ws_luca/install/ur_robot_description_cb2/share/ur_robot_description_cb2/meshes/ur18/LICENSE.txt
[0.170s] -- Up-to-date symlink: /home/luca/Stage_Lirmm/Diffusion-model-isaacsim/ur10_real_robot/ros2_ws_luca/install/ur_robot_description_cb2/share/ur_robot_description_cb2/meshes/ur18/collision/forearm.stl
[0.171s] -- Up-to-date symlink: /home/luca/Stage_Lirmm/Diffusion-model-isaacsim/ur10_real_robot/ros2_ws_luca/install/ur_robot_description_cb2/share/ur_robot_description_cb2/meshes/ur18/collision/upperarm.stl
[0.171s] -- Up-to-date symlink: /home/luca/Stage_Lirmm/Diffusion-model-isaacsim/ur10_real_robot/ros2_ws_luca/install/ur_robot_description_cb2/share/ur_robot_description_cb2/meshes/ur18/visual/UR18_DIFF_8bit_2K.jpg
[0.171s] -- Up-to-date symlink: /home/luca/Stage_Lirmm/Diffusion-model-isaacsim/ur10_real_robot/ros2_ws_luca/install/ur_robot_description_cb2/share/ur_robot_description_cb2/meshes/ur18/visual/forearm.dae
[0.171s] -- Up-to-date symlink: /home/luca/Stage_Lirmm/Diffusion-model-isaacsim/ur10_real_robot/ros2_ws_luca/install/ur_robot_description_cb2/share/ur_robot_description_cb2/meshes/ur18/visual/upperarm.dae
[0.171s] -- Up-to-date symlink: /home/luca/Stage_Lirmm/Diffusion-model-isaacsim/ur10_real_robot/ros2_ws_luca/install/ur_robot_description_cb2/share/ur_robot_description_cb2/meshes/ur20/LICENSE.txt
[0.172s] -- Up-to-date symlink: /home/luca/Stage_Lirmm/Diffusion-model-isaacsim/ur10_real_robot/ros2_ws_luca/install/ur_robot_description_cb2/share/ur_robot_description_cb2/meshes/ur20/collision/base.stl
[0.172s] -- Up-to-date symlink: /home/luca/Stage_Lirmm/Diffusion-model-isaacsim/ur10_real_robot/ros2_ws_luca/install/ur_robot_description_cb2/share/ur_robot_description_cb2/meshes/ur20/collision/forearm.stl
[0.172s] -- Up-to-date symlink: /home/luca/Stage_Lirmm/Diffusion-model-isaacsim/ur10_real_robot/ros2_ws_luca/install/ur_robot_description_cb2/share/ur_robot_description_cb2/meshes/ur20/collision/shoulder.stl
[0.172s] -- Up-to-date symlink: /home/luca/Stage_Lirmm/Diffusion-model-isaacsim/ur10_real_robot/ros2_ws_luca/install/ur_robot_description_cb2/share/ur_robot_description_cb2/meshes/ur20/collision/upperarm.stl
[0.173s] -- Up-to-date symlink: /home/luca/Stage_Lirmm/Diffusion-model-isaacsim/ur10_real_robot/ros2_ws_luca/install/ur_robot_description_cb2/share/ur_robot_description_cb2/meshes/ur20/collision/wrist1.stl
[0.173s] -- Up-to-date symlink: /home/luca/Stage_Lirmm/Diffusion-model-isaacsim/ur10_real_robot/ros2_ws_luca/install/ur_robot_description_cb2/share/ur_robot_description_cb2/meshes/ur20/collision/wrist2.stl
[0.173s] -- Up-to-date symlink: /home/luca/Stage_Lirmm/Diffusion-model-isaacsim/ur10_real_robot/ros2_ws_luca/install/ur_robot_description_cb2/share/ur_robot_description_cb2/meshes/ur20/collision/wrist3.stl
[0.173s] -- Up-to-date symlink: /home/luca/Stage_Lirmm/Diffusion-model-isaacsim/ur10_real_robot/ros2_ws_luca/install/ur_robot_description_cb2/share/ur_robot_description_cb2/meshes/ur20/visual/UR20_DIFF_8bit_2K.png
[0.176s] -- Up-to-date symlink: /home/luca/Stage_Lirmm/Diffusion-model-isaacsim/ur10_real_robot/ros2_ws_luca/install/ur_robot_description_cb2/share/ur_robot_description_cb2/meshes/ur20/visual/base.dae
[0.176s] -- Up-to-date symlink: /home/luca/Stage_Lirmm/Diffusion-model-isaacsim/ur10_real_robot/ros2_ws_luca/install/ur_robot_description_cb2/share/ur_robot_description_cb2/meshes/ur20/visual/forearm.dae
[0.176s] -- Up-to-date symlink: /home/luca/Stage_Lirmm/Diffusion-model-isaacsim/ur10_real_robot/ros2_ws_luca/install/ur_robot_description_cb2/share/ur_robot_description_cb2/meshes/ur20/visual/shoulder.dae
[0.177s] -- Up-to-date symlink: /home/luca/Stage_Lirmm/Diffusion-model-isaacsim/ur10_real_robot/ros2_ws_luca/install/ur_robot_description_cb2/share/ur_robot_description_cb2/meshes/ur20/visual/upperarm.dae
[0.177s] -- Up-to-date symlink: /home/luca/Stage_Lirmm/Diffusion-model-isaacsim/ur10_real_robot/ros2_ws_luca/install/ur_robot_description_cb2/share/ur_robot_description_cb2/meshes/ur20/visual/wrist1.dae
[0.177s] -- Up-to-date symlink: /home/luca/Stage_Lirmm/Diffusion-model-isaacsim/ur10_real_robot/ros2_ws_luca/install/ur_robot_description_cb2/share/ur_robot_description_cb2/meshes/ur20/visual/wrist2.dae
[0.177s] -- Up-to-date symlink: /home/luca/Stage_Lirmm/Diffusion-model-isaacsim/ur10_real_robot/ros2_ws_luca/install/ur_robot_description_cb2/share/ur_robot_description_cb2/meshes/ur20/visual/wrist3.dae
[0.177s] -- Up-to-date symlink: /home/luca/Stage_Lirmm/Diffusion-model-isaacsim/ur10_real_robot/ros2_ws_luca/install/ur_robot_description_cb2/share/ur_robot_description_cb2/meshes/ur3/collision/base.stl
[0.177s] -- Up-to-date symlink: /home/luca/Stage_Lirmm/Diffusion-model-isaacsim/ur10_real_robot/ros2_ws_luca/install/ur_robot_description_cb2/share/ur_robot_description_cb2/meshes/ur3/collision/forearm.stl
[0.180s] -- Up-to-date symlink: /home/luca/Stage_Lirmm/Diffusion-model-isaacsim/ur10_real_robot/ros2_ws_luca/install/ur_robot_description_cb2/share/ur_robot_description_cb2/meshes/ur3/collision/shoulder.stl
[0.182s] -- Up-to-date symlink: /home/luca/Stage_Lirmm/Diffusion-model-isaacsim/ur10_real_robot/ros2_ws_luca/install/ur_robot_description_cb2/share/ur_robot_description_cb2/meshes/ur3/collision/upperarm.stl
[0.183s] -- Up-to-date symlink: /home/luca/Stage_Lirmm/Diffusion-model-isaacsim/ur10_real_robot/ros2_ws_luca/install/ur_robot_description_cb2/share/ur_robot_description_cb2/meshes/ur3/collision/wrist1.stl
[0.183s] -- Up-to-date symlink: /home/luca/Stage_Lirmm/Diffusion-model-isaacsim/ur10_real_robot/ros2_ws_luca/install/ur_robot_description_cb2/share/ur_robot_description_cb2/meshes/ur3/collision/wrist2.stl
[0.184s] -- Up-to-date symlink: /home/luca/Stage_Lirmm/Diffusion-model-isaacsim/ur10_real_robot/ros2_ws_luca/install/ur_robot_description_cb2/share/ur_robot_description_cb2/meshes/ur3/collision/wrist3.stl
[0.184s] -- Up-to-date symlink: /home/luca/Stage_Lirmm/Diffusion-model-isaacsim/ur10_real_robot/ros2_ws_luca/install/ur_robot_description_cb2/share/ur_robot_description_cb2/meshes/ur3/visual/base.dae
[0.184s] -- Up-to-date symlink: /home/luca/Stage_Lirmm/Diffusion-model-isaacsim/ur10_real_robot/ros2_ws_luca/install/ur_robot_description_cb2/share/ur_robot_description_cb2/meshes/ur3/visual/forearm.dae
[0.184s] -- Up-to-date symlink: /home/luca/Stage_Lirmm/Diffusion-model-isaacsim/ur10_real_robot/ros2_ws_luca/install/ur_robot_description_cb2/share/ur_robot_description_cb2/meshes/ur3/visual/shoulder.dae
[0.184s] -- Up-to-date symlink: /home/luca/Stage_Lirmm/Diffusion-model-isaacsim/ur10_real_robot/ros2_ws_luca/install/ur_robot_description_cb2/share/ur_robot_description_cb2/meshes/ur3/visual/upperarm.dae
[0.184s] -- Up-to-date symlink: /home/luca/Stage_Lirmm/Diffusion-model-isaacsim/ur10_real_robot/ros2_ws_luca/install/ur_robot_description_cb2/share/ur_robot_description_cb2/meshes/ur3/visual/wrist1.dae
[0.184s] -- Up-to-date symlink: /home/luca/Stage_Lirmm/Diffusion-model-isaacsim/ur10_real_robot/ros2_ws_luca/install/ur_robot_description_cb2/share/ur_robot_description_cb2/meshes/ur3/visual/wrist2.dae
[0.184s] -- Up-to-date symlink: /home/luca/Stage_Lirmm/Diffusion-model-isaacsim/ur10_real_robot/ros2_ws_luca/install/ur_robot_description_cb2/share/ur_robot_description_cb2/meshes/ur3/visual/wrist3.dae
[0.184s] -- Up-to-date symlink: /home/luca/Stage_Lirmm/Diffusion-model-isaacsim/ur10_real_robot/ros2_ws_luca/install/ur_robot_description_cb2/share/ur_robot_description_cb2/meshes/ur30/LICENSE.txt
[0.184s] -- Up-to-date symlink: /home/luca/Stage_Lirmm/Diffusion-model-isaacsim/ur10_real_robot/ros2_ws_luca/install/ur_robot_description_cb2/share/ur_robot_description_cb2/meshes/ur30/collision/forearm.stl
[0.185s] -- Up-to-date symlink: /home/luca/Stage_Lirmm/Diffusion-model-isaacsim/ur10_real_robot/ros2_ws_luca/install/ur_robot_description_cb2/share/ur_robot_description_cb2/meshes/ur30/collision/upperarm.stl
[0.185s] -- Up-to-date symlink: /home/luca/Stage_Lirmm/Diffusion-model-isaacsim/ur10_real_robot/ros2_ws_luca/install/ur_robot_description_cb2/share/ur_robot_description_cb2/meshes/ur30/visual/UR30_DIFF_8bit_2K.png
[0.185s] -- Up-to-date symlink: /home/luca/Stage_Lirmm/Diffusion-model-isaacsim/ur10_real_robot/ros2_ws_luca/install/ur_robot_description_cb2/share/ur_robot_description_cb2/meshes/ur30/visual/forearm.dae
[0.185s] -- Up-to-date symlink: /home/luca/Stage_Lirmm/Diffusion-model-isaacsim/ur10_real_robot/ros2_ws_luca/install/ur_robot_description_cb2/share/ur_robot_description_cb2/meshes/ur30/visual/upperarm.dae
[0.185s] -- Up-to-date symlink: /home/luca/Stage_Lirmm/Diffusion-model-isaacsim/ur10_real_robot/ros2_ws_luca/install/ur_robot_description_cb2/share/ur_robot_description_cb2/meshes/ur3e/collision/base.stl
[0.186s] -- Up-to-date symlink: /home/luca/Stage_Lirmm/Diffusion-model-isaacsim/ur10_real_robot/ros2_ws_luca/install/ur_robot_description_cb2/share/ur_robot_description_cb2/meshes/ur3e/collision/forearm.stl
[0.187s] -- Up-to-date symlink: /home/luca/Stage_Lirmm/Diffusion-model-isaacsim/ur10_real_robot/ros2_ws_luca/install/ur_robot_description_cb2/share/ur_robot_description_cb2/meshes/ur3e/collision/shoulder.stl
[0.188s] -- Up-to-date symlink: /home/luca/Stage_Lirmm/Diffusion-model-isaacsim/ur10_real_robot/ros2_ws_luca/install/ur_robot_description_cb2/share/ur_robot_description_cb2/meshes/ur3e/collision/upperarm.stl
[0.190s] -- Up-to-date symlink: /home/luca/Stage_Lirmm/Diffusion-model-isaacsim/ur10_real_robot/ros2_ws_luca/install/ur_robot_description_cb2/share/ur_robot_description_cb2/meshes/ur3e/collision/wrist1.stl
[0.190s] -- Up-to-date symlink: /home/luca/Stage_Lirmm/Diffusion-model-isaacsim/ur10_real_robot/ros2_ws_luca/install/ur_robot_description_cb2/share/ur_robot_description_cb2/meshes/ur3e/collision/wrist2.stl
[0.190s] -- Up-to-date symlink: /home/luca/Stage_Lirmm/Diffusion-model-isaacsim/ur10_real_robot/ros2_ws_luca/install/ur_robot_description_cb2/share/ur_robot_description_cb2/meshes/ur3e/collision/wrist3.stl
[0.190s] -- Up-to-date symlink: /home/luca/Stage_Lirmm/Diffusion-model-isaacsim/ur10_real_robot/ros2_ws_luca/install/ur_robot_description_cb2/share/ur_robot_description_cb2/meshes/ur3e/visual/base.dae
[0.192s] -- Up-to-date symlink: /home/luca/Stage_Lirmm/Diffusion-model-isaacsim/ur10_real_robot/ros2_ws_luca/install/ur_robot_description_cb2/share/ur_robot_description_cb2/meshes/ur3e/visual/forearm.dae
[0.193s] -- Up-to-date symlink: /home/luca/Stage_Lirmm/Diffusion-model-isaacsim/ur10_real_robot/ros2_ws_luca/install/ur_robot_description_cb2/share/ur_robot_description_cb2/meshes/ur3e/visual/shoulder.dae
[0.193s] -- Up-to-date symlink: /home/luca/Stage_Lirmm/Diffusion-model-isaacsim/ur10_real_robot/ros2_ws_luca/install/ur_robot_description_cb2/share/ur_robot_description_cb2/meshes/ur3e/visual/upperarm.dae
[0.193s] -- Up-to-date symlink: /home/luca/Stage_Lirmm/Diffusion-model-isaacsim/ur10_real_robot/ros2_ws_luca/install/ur_robot_description_cb2/share/ur_robot_description_cb2/meshes/ur3e/visual/wrist1.dae
[0.193s] -- Up-to-date symlink: /home/luca/Stage_Lirmm/Diffusion-model-isaacsim/ur10_real_robot/ros2_ws_luca/install/ur_robot_description_cb2/share/ur_robot_description_cb2/meshes/ur3e/visual/wrist2.dae
[0.194s] -- Up-to-date symlink: /home/luca/Stage_Lirmm/Diffusion-model-isaacsim/ur10_real_robot/ros2_ws_luca/install/ur_robot_description_cb2/share/ur_robot_description_cb2/meshes/ur3e/visual/wrist3.dae
[0.196s] -- Up-to-date symlink: /home/luca/Stage_Lirmm/Diffusion-model-isaacsim/ur10_real_robot/ros2_ws_luca/install/ur_robot_description_cb2/share/ur_robot_description_cb2/meshes/ur5/collision/base.stl
[0.196s] -- Up-to-date symlink: /home/luca/Stage_Lirmm/Diffusion-model-isaacsim/ur10_real_robot/ros2_ws_luca/install/ur_robot_description_cb2/share/ur_robot_description_cb2/meshes/ur5/collision/forearm.stl
[0.196s] -- Up-to-date symlink: /home/luca/Stage_Lirmm/Diffusion-model-isaacsim/ur10_real_robot/ros2_ws_luca/install/ur_robot_description_cb2/share/ur_robot_description_cb2/meshes/ur5/collision/shoulder.stl
[0.196s] -- Up-to-date symlink: /home/luca/Stage_Lirmm/Diffusion-model-isaacsim/ur10_real_robot/ros2_ws_luca/install/ur_robot_description_cb2/share/ur_robot_description_cb2/meshes/ur5/collision/upperarm.stl
[0.197s] -- Up-to-date symlink: /home/luca/Stage_Lirmm/Diffusion-model-isaacsim/ur10_real_robot/ros2_ws_luca/install/ur_robot_description_cb2/share/ur_robot_description_cb2/meshes/ur5/collision/wrist1.stl
[0.197s] -- Up-to-date symlink: /home/luca/Stage_Lirmm/Diffusion-model-isaacsim/ur10_real_robot/ros2_ws_luca/install/ur_robot_description_cb2/share/ur_robot_description_cb2/meshes/ur5/collision/wrist2.stl
[0.197s] -- Up-to-date symlink: /home/luca/Stage_Lirmm/Diffusion-model-isaacsim/ur10_real_robot/ros2_ws_luca/install/ur_robot_description_cb2/share/ur_robot_description_cb2/meshes/ur5/collision/wrist3.stl
[0.197s] -- Up-to-date symlink: /home/luca/Stage_Lirmm/Diffusion-model-isaacsim/ur10_real_robot/ros2_ws_luca/install/ur_robot_description_cb2/share/ur_robot_description_cb2/meshes/ur5/visual/base.dae
[0.197s] -- Up-to-date symlink: /home/luca/Stage_Lirmm/Diffusion-model-isaacsim/ur10_real_robot/ros2_ws_luca/install/ur_robot_description_cb2/share/ur_robot_description_cb2/meshes/ur5/visual/forearm.dae
[0.197s] -- Up-to-date symlink: /home/luca/Stage_Lirmm/Diffusion-model-isaacsim/ur10_real_robot/ros2_ws_luca/install/ur_robot_description_cb2/share/ur_robot_description_cb2/meshes/ur5/visual/shoulder.dae
[0.197s] -- Up-to-date symlink: /home/luca/Stage_Lirmm/Diffusion-model-isaacsim/ur10_real_robot/ros2_ws_luca/install/ur_robot_description_cb2/share/ur_robot_description_cb2/meshes/ur5/visual/upperarm.dae
[0.198s] -- Up-to-date symlink: /home/luca/Stage_Lirmm/Diffusion-model-isaacsim/ur10_real_robot/ros2_ws_luca/install/ur_robot_description_cb2/share/ur_robot_description_cb2/meshes/ur5/visual/wrist1.dae
[0.198s] -- Up-to-date symlink: /home/luca/Stage_Lirmm/Diffusion-model-isaacsim/ur10_real_robot/ros2_ws_luca/install/ur_robot_description_cb2/share/ur_robot_description_cb2/meshes/ur5/visual/wrist2.dae
[0.198s] -- Up-to-date symlink: /home/luca/Stage_Lirmm/Diffusion-model-isaacsim/ur10_real_robot/ros2_ws_luca/install/ur_robot_description_cb2/share/ur_robot_description_cb2/meshes/ur5/visual/wrist3.dae
[0.198s] -- Up-to-date symlink: /home/luca/Stage_Lirmm/Diffusion-model-isaacsim/ur10_real_robot/ros2_ws_luca/install/ur_robot_description_cb2/share/ur_robot_description_cb2/meshes/ur5e/collision/base.stl
[0.198s] -- Up-to-date symlink: /home/luca/Stage_Lirmm/Diffusion-model-isaacsim/ur10_real_robot/ros2_ws_luca/install/ur_robot_description_cb2/share/ur_robot_description_cb2/meshes/ur5e/collision/forearm.stl
[0.199s] -- Up-to-date symlink: /home/luca/Stage_Lirmm/Diffusion-model-isaacsim/ur10_real_robot/ros2_ws_luca/install/ur_robot_description_cb2/share/ur_robot_description_cb2/meshes/ur5e/collision/shoulder.stl
[0.199s] -- Up-to-date symlink: /home/luca/Stage_Lirmm/Diffusion-model-isaacsim/ur10_real_robot/ros2_ws_luca/install/ur_robot_description_cb2/share/ur_robot_description_cb2/meshes/ur5e/collision/upperarm.stl
[0.199s] -- Up-to-date symlink: /home/luca/Stage_Lirmm/Diffusion-model-isaacsim/ur10_real_robot/ros2_ws_luca/install/ur_robot_description_cb2/share/ur_robot_description_cb2/meshes/ur5e/collision/wrist1.stl
[0.199s] -- Up-to-date symlink: /home/luca/Stage_Lirmm/Diffusion-model-isaacsim/ur10_real_robot/ros2_ws_luca/install/ur_robot_description_cb2/share/ur_robot_description_cb2/meshes/ur5e/collision/wrist2.stl
[0.199s] -- Up-to-date symlink: /home/luca/Stage_Lirmm/Diffusion-model-isaacsim/ur10_real_robot/ros2_ws_luca/install/ur_robot_description_cb2/share/ur_robot_description_cb2/meshes/ur5e/collision/wrist3.stl
[0.199s] -- Up-to-date symlink: /home/luca/Stage_Lirmm/Diffusion-model-isaacsim/ur10_real_robot/ros2_ws_luca/install/ur_robot_description_cb2/share/ur_robot_description_cb2/meshes/ur5e/visual/base.dae
[0.200s] -- Up-to-date symlink: /home/luca/Stage_Lirmm/Diffusion-model-isaacsim/ur10_real_robot/ros2_ws_luca/install/ur_robot_description_cb2/share/ur_robot_description_cb2/meshes/ur5e/visual/forearm.dae
[0.200s] -- Up-to-date symlink: /home/luca/Stage_Lirmm/Diffusion-model-isaacsim/ur10_real_robot/ros2_ws_luca/install/ur_robot_description_cb2/share/ur_robot_description_cb2/meshes/ur5e/visual/shoulder.dae
[0.200s] -- Up-to-date symlink: /home/luca/Stage_Lirmm/Diffusion-model-isaacsim/ur10_real_robot/ros2_ws_luca/install/ur_robot_description_cb2/share/ur_robot_description_cb2/meshes/ur5e/visual/upperarm.dae
[0.200s] -- Up-to-date symlink: /home/luca/Stage_Lirmm/Diffusion-model-isaacsim/ur10_real_robot/ros2_ws_luca/install/ur_robot_description_cb2/share/ur_robot_description_cb2/meshes/ur5e/visual/wrist1.dae
[0.201s] -- Up-to-date symlink: /home/luca/Stage_Lirmm/Diffusion-model-isaacsim/ur10_real_robot/ros2_ws_luca/install/ur_robot_description_cb2/share/ur_robot_description_cb2/meshes/ur5e/visual/wrist2.dae
[0.201s] -- Up-to-date symlink: /home/luca/Stage_Lirmm/Diffusion-model-isaacsim/ur10_real_robot/ros2_ws_luca/install/ur_robot_description_cb2/share/ur_robot_description_cb2/meshes/ur5e/visual/wrist3.dae
[0.201s] -- Up-to-date symlink: /home/luca/Stage_Lirmm/Diffusion-model-isaacsim/ur10_real_robot/ros2_ws_luca/install/ur_robot_description_cb2/share/ur_robot_description_cb2/meshes/ur8long/LICENSE.txt
[0.201s] -- Up-to-date symlink: /home/luca/Stage_Lirmm/Diffusion-model-isaacsim/ur10_real_robot/ros2_ws_luca/install/ur_robot_description_cb2/share/ur_robot_description_cb2/meshes/ur8long/collision/forearm.stl
[0.201s] -- Up-to-date symlink: /home/luca/Stage_Lirmm/Diffusion-model-isaacsim/ur10_real_robot/ros2_ws_luca/install/ur_robot_description_cb2/share/ur_robot_description_cb2/meshes/ur8long/collision/upperarm.stl
[0.201s] -- Up-to-date symlink: /home/luca/Stage_Lirmm/Diffusion-model-isaacsim/ur10_real_robot/ros2_ws_luca/install/ur_robot_description_cb2/share/ur_robot_description_cb2/meshes/ur8long/visual/UR8Long_DIFF_8bit_2K.jpg
[0.201s] -- Up-to-date symlink: /home/luca/Stage_Lirmm/Diffusion-model-isaacsim/ur10_real_robot/ros2_ws_luca/install/ur_robot_description_cb2/share/ur_robot_description_cb2/meshes/ur8long/visual/forearm.dae
[0.202s] -- Up-to-date symlink: /home/luca/Stage_Lirmm/Diffusion-model-isaacsim/ur10_real_robot/ros2_ws_luca/install/ur_robot_description_cb2/share/ur_robot_description_cb2/meshes/ur8long/visual/upperarm.dae
[0.202s] -- Up-to-date symlink: /home/luca/Stage_Lirmm/Diffusion-model-isaacsim/ur10_real_robot/ros2_ws_luca/install/ur_robot_description_cb2/share/ur_robot_description_cb2/rviz/view_robot.rviz
[0.202s] -- Up-to-date symlink: /home/luca/Stage_Lirmm/Diffusion-model-isaacsim/ur10_real_robot/ros2_ws_luca/install/ur_robot_description_cb2/share/ur_robot_description_cb2/urdf/inc/ur_common.xacro
[0.202s] -- Up-to-date symlink: /home/luca/Stage_Lirmm/Diffusion-model-isaacsim/ur10_real_robot/ros2_ws_luca/install/ur_robot_description_cb2/share/ur_robot_description_cb2/urdf/inc/ur_joint_control.xacro
[0.202s] -- Up-to-date symlink: /home/luca/Stage_Lirmm/Diffusion-model-isaacsim/ur10_real_robot/ros2_ws_luca/install/ur_robot_description_cb2/share/ur_robot_description_cb2/urdf/inc/ur_sensors.xacro
[0.202s] -- Up-to-date symlink: /home/luca/Stage_Lirmm/Diffusion-model-isaacsim/ur10_real_robot/ros2_ws_luca/install/ur_robot_description_cb2/share/ur_robot_description_cb2/urdf/inc/ur_transmissions.xacro
[0.203s] -- Up-to-date symlink: /home/luca/Stage_Lirmm/Diffusion-model-isaacsim/ur10_real_robot/ros2_ws_luca/install/ur_robot_description_cb2/share/ur_robot_description_cb2/urdf/ur.ros2_control.xacro
[0.203s] -- Up-to-date symlink: /home/luca/Stage_Lirmm/Diffusion-model-isaacsim/ur10_real_robot/ros2_ws_luca/install/ur_robot_description_cb2/share/ur_robot_description_cb2/urdf/ur.urdf.xacro
[0.203s] -- Up-to-date symlink: /home/luca/Stage_Lirmm/Diffusion-model-isaacsim/ur10_real_robot/ros2_ws_luca/install/ur_robot_description_cb2/share/ur_robot_description_cb2/urdf/ur_macro.xacro
[0.203s] -- Up-to-date symlink: /home/luca/Stage_Lirmm/Diffusion-model-isaacsim/ur10_real_robot/ros2_ws_luca/install/ur_robot_description_cb2/share/ur_robot_description_cb2/test/test_ur_urdf_xacro.py
[0.203s] -- Up-to-date symlink: /home/luca/Stage_Lirmm/Diffusion-model-isaacsim/ur10_real_robot/ros2_ws_luca/install/ur_robot_description_cb2/share/ur_robot_description_cb2/test/test_view_ur_launch.py
[0.203s] -- Up-to-date symlink: /home/luca/Stage_Lirmm/Diffusion-model-isaacsim/ur10_real_robot/ros2_ws_luca/install/ur_robot_description_cb2/share/ament_index/resource_index/package_run_dependencies/ur_robot_description_cb2
[0.204s] -- Up-to-date symlink: /home/luca/Stage_Lirmm/Diffusion-model-isaacsim/ur10_real_robot/ros2_ws_luca/install/ur_robot_description_cb2/share/ament_index/resource_index/parent_prefix_path/ur_robot_description_cb2
[0.204s] -- Up-to-date symlink: /home/luca/Stage_Lirmm/Diffusion-model-isaacsim/ur10_real_robot/ros2_ws_luca/install/ur_robot_description_cb2/share/ur_robot_description_cb2/environment/ament_prefix_path.sh
[0.204s] -- Up-to-date symlink: /home/luca/Stage_Lirmm/Diffusion-model-isaacsim/ur10_real_robot/ros2_ws_luca/install/ur_robot_description_cb2/share/ur_robot_description_cb2/environment/ament_prefix_path.dsv
[0.204s] -- Up-to-date symlink: /home/luca/Stage_Lirmm/Diffusion-model-isaacsim/ur10_real_robot/ros2_ws_luca/install/ur_robot_description_cb2/share/ur_robot_description_cb2/environment/path.sh
[0.204s] -- Up-to-date symlink: /home/luca/Stage_Lirmm/Diffusion-model-isaacsim/ur10_real_robot/ros2_ws_luca/install/ur_robot_description_cb2/share/ur_robot_description_cb2/environment/path.dsv
[0.206s] -- Up-to-date symlink: /home/luca/Stage_Lirmm/Diffusion-model-isaacsim/ur10_real_robot/ros2_ws_luca/install/ur_robot_description_cb2/share/ur_robot_description_cb2/local_setup.bash
[0.207s] -- Up-to-date symlink: /home/luca/Stage_Lirmm/Diffusion-model-isaacsim/ur10_real_robot/ros2_ws_luca/install/ur_robot_description_cb2/share/ur_robot_description_cb2/local_setup.sh
[0.208s] -- Up-to-date symlink: /home/luca/Stage_Lirmm/Diffusion-model-isaacsim/ur10_real_robot/ros2_ws_luca/install/ur_robot_description_cb2/share/ur_robot_description_cb2/local_setup.zsh
[0.208s] -- Up-to-date symlink: /home/luca/Stage_Lirmm/Diffusion-model-isaacsim/ur10_real_robot/ros2_ws_luca/install/ur_robot_description_cb2/share/ur_robot_description_cb2/local_setup.dsv
[0.209s] -- Symlinking: /home/luca/Stage_Lirmm/Diffusion-model-isaacsim/ur10_real_robot/ros2_ws_luca/install/ur_robot_description_cb2/share/ur_robot_description_cb2/package.dsv
[0.216s] -- Up-to-date symlink: /home/luca/Stage_Lirmm/Diffusion-model-isaacsim/ur10_real_robot/ros2_ws_luca/install/ur_robot_description_cb2/share/ament_index/resource_index/packages/ur_robot_description_cb2
[0.217s] -- Up-to-date symlink: /home/luca/Stage_Lirmm/Diffusion-model-isaacsim/ur10_real_robot/ros2_ws_luca/install/ur_robot_description_cb2/share/ur_robot_description_cb2/cmake/ur_robot_description_cb2Config.cmake
[0.217s] -- Up-to-date symlink: /home/luca/Stage_Lirmm/Diffusion-model-isaacsim/ur10_real_robot/ros2_ws_luca/install/ur_robot_description_cb2/share/ur_robot_description_cb2/cmake/ur_robot_description_cb2Config-version.cmake
[0.218s] -- Up-to-date symlink: /home/luca/Stage_Lirmm/Diffusion-model-isaacsim/ur10_real_robot/ros2_ws_luca/install/ur_robot_description_cb2/share/ur_robot_description_cb2/package.xml
[0.238s] Invoked command in '/home/luca/Stage_Lirmm/Diffusion-model-isaacsim/ur10_real_robot/ros2_ws_luca/build/ur_robot_description_cb2' returned '0': CMAKE_PREFIX_PATH=${CMAKE_PREFIX_PATH}:/home/luca/Stage_Lirmm/Diffusion-model-isaacsim/ur10_real_robot/ros2_ws_luca/install/bringup_gripper:/opt/ros/humble VIRTUAL_ENV_PROMPT=(mujoco_ros) /usr/bin/cmake --install /home/luca/Stage_Lirmm/Diffusion-model-isaacsim/ur10_real_robot/ros2_ws_luca/build/ur_robot_description_cb2
