[0.093s] DEBUG:colcon:Command line arguments: ['/usr/bin/colcon', 'build']
[0.093s] DEBUG:colcon:Parsed command line arguments: Namespace(log_base=None, log_level=None, verb_name='build', build_base='build', install_base='install', merge_install=False, symlink_install=False, test_result_base=None, continue_on_error=False, executor='parallel', parallel_workers=16, event_handlers=None, ignore_user_meta=False, metas=['./colcon.meta'], base_paths=['.'], packages_ignore=None, packages_ignore_regex=None, paths=None, packages_up_to=None, packages_up_to_regex=None, packages_above=None, packages_above_and_dependencies=None, packages_above_depth=None, packages_select_by_dep=None, packages_skip_by_dep=None, packages_skip_up_to=None, packages_select_build_failed=False, packages_skip_build_finished=False, packages_select_test_failures=False, packages_skip_test_passed=False, packages_select=None, packages_skip=None, packages_select_regex=None, packages_skip_regex=None, packages_start=None, packages_end=None, allow_overriding=[], cmake_args=None, cmake_target=None, cmake_target_skip_unavailable=False, cmake_clean_cache=False, cmake_clean_first=False, cmake_force_configure=False, ament_cmake_args=None, catkin_cmake_args=None, catkin_skip_building_tests=False, mixin_files=None, mixin=None, verb_parser=<colcon_mixin.mixin.mixin_argument.MixinArgumentDecorator object at 0x7b94fe1ba9b0>, verb_extension=<colcon_core.verb.build.BuildVerb object at 0x7b94fe1ba320>, main=<bound method BuildVerb.main of <colcon_core.verb.build.BuildVerb object at 0x7b94fe1ba320>>, mixin_verb=('build',))
[0.284s] Level 1:colcon.colcon_core.package_discovery:discover_packages(colcon_meta) check parameters
[0.284s] Level 1:colcon.colcon_core.package_discovery:discover_packages(recursive) check parameters
[0.284s] Level 1:colcon.colcon_core.package_discovery:discover_packages(ignore) check parameters
[0.284s] Level 1:colcon.colcon_core.package_discovery:discover_packages(path) check parameters
[0.284s] Level 1:colcon.colcon_core.package_discovery:discover_packages(colcon_meta) discover
[0.284s] Level 1:colcon.colcon_core.package_discovery:discover_packages(recursive) discover
[0.284s] INFO:colcon.colcon_core.package_discovery:Crawling recursively for packages in '/home/luca/Stage_Lirmm/Diffusion-model-isaacsim/ur10_real_robot/ros1_ws'
[0.284s] Level 1:colcon.colcon_core.package_identification:_identify(.) by extensions ['ignore', 'ignore_ament_install']
[0.284s] Level 1:colcon.colcon_core.package_identification:_identify(.) by extension 'ignore'
[0.284s] Level 1:colcon.colcon_core.package_identification:_identify(.) by extension 'ignore_ament_install'
[0.285s] Level 1:colcon.colcon_core.package_identification:_identify(.) by extensions ['colcon_pkg']
[0.285s] Level 1:colcon.colcon_core.package_identification:_identify(.) by extension 'colcon_pkg'
[0.285s] Level 1:colcon.colcon_core.package_identification:_identify(.) by extensions ['colcon_meta']
[0.285s] Level 1:colcon.colcon_core.package_identification:_identify(.) by extension 'colcon_meta'
[0.285s] Level 1:colcon.colcon_core.package_identification:_identify(.) by extensions ['ros']
[0.285s] Level 1:colcon.colcon_core.package_identification:_identify(.) by extension 'ros'
[0.294s] Level 1:colcon.colcon_core.package_identification:_identify(.) by extensions ['cmake', 'python']
[0.294s] Level 1:colcon.colcon_core.package_identification:_identify(.) by extension 'cmake'
[0.294s] Level 1:colcon.colcon_core.package_identification:_identify(.) by extension 'python'
[0.294s] Level 1:colcon.colcon_core.package_identification:_identify(.) by extensions ['python_setup_py']
[0.294s] Level 1:colcon.colcon_core.package_identification:_identify(.) by extension 'python_setup_py'
[0.294s] Level 1:colcon.colcon_core.package_identification:_identify(build) by extensions ['ignore', 'ignore_ament_install']
[0.294s] Level 1:colcon.colcon_core.package_identification:_identify(build) by extension 'ignore'
[0.294s] Level 1:colcon.colcon_core.package_identification:_identify(build) ignored
[0.294s] Level 1:colcon.colcon_core.package_identification:_identify(install) by extensions ['ignore', 'ignore_ament_install']
[0.294s] Level 1:colcon.colcon_core.package_identification:_identify(install) by extension 'ignore'
[0.294s] Level 1:colcon.colcon_core.package_identification:_identify(install) ignored
[0.294s] Level 1:colcon.colcon_core.package_identification:_identify(log) by extensions ['ignore', 'ignore_ament_install']
[0.294s] Level 1:colcon.colcon_core.package_identification:_identify(log) by extension 'ignore'
[0.294s] Level 1:colcon.colcon_core.package_identification:_identify(log) ignored
[0.295s] Level 1:colcon.colcon_core.package_identification:_identify(src_baptiste) by extensions ['ignore', 'ignore_ament_install']
[0.295s] Level 1:colcon.colcon_core.package_identification:_identify(src_baptiste) by extension 'ignore'
[0.295s] Level 1:colcon.colcon_core.package_identification:_identify(src_baptiste) by extension 'ignore_ament_install'
[0.295s] Level 1:colcon.colcon_core.package_identification:_identify(src_baptiste) by extensions ['colcon_pkg']
[0.295s] Level 1:colcon.colcon_core.package_identification:_identify(src_baptiste) by extension 'colcon_pkg'
[0.295s] Level 1:colcon.colcon_core.package_identification:_identify(src_baptiste) by extensions ['colcon_meta']
[0.295s] Level 1:colcon.colcon_core.package_identification:_identify(src_baptiste) by extension 'colcon_meta'
[0.295s] Level 1:colcon.colcon_core.package_identification:_identify(src_baptiste) by extensions ['ros']
[0.295s] Level 1:colcon.colcon_core.package_identification:_identify(src_baptiste) by extension 'ros'
[0.295s] Level 1:colcon.colcon_core.package_identification:_identify(src_baptiste) by extensions ['cmake', 'python']
[0.295s] Level 1:colcon.colcon_core.package_identification:_identify(src_baptiste) by extension 'cmake'
[0.295s] Level 1:colcon.colcon_core.package_identification:_identify(src_baptiste) by extension 'python'
[0.295s] Level 1:colcon.colcon_core.package_identification:_identify(src_baptiste) by extensions ['python_setup_py']
[0.295s] Level 1:colcon.colcon_core.package_identification:_identify(src_baptiste) by extension 'python_setup_py'
[0.295s] Level 1:colcon.colcon_core.package_identification:_identify(src_baptiste/bringup_gripper) by extensions ['ignore', 'ignore_ament_install']
[0.295s] Level 1:colcon.colcon_core.package_identification:_identify(src_baptiste/bringup_gripper) by extension 'ignore'
[0.295s] Level 1:colcon.colcon_core.package_identification:_identify(src_baptiste/bringup_gripper) by extension 'ignore_ament_install'
[0.295s] Level 1:colcon.colcon_core.package_identification:_identify(src_baptiste/bringup_gripper) by extensions ['colcon_pkg']
[0.295s] Level 1:colcon.colcon_core.package_identification:_identify(src_baptiste/bringup_gripper) by extension 'colcon_pkg'
[0.295s] Level 1:colcon.colcon_core.package_identification:_identify(src_baptiste/bringup_gripper) by extensions ['colcon_meta']
[0.295s] Level 1:colcon.colcon_core.package_identification:_identify(src_baptiste/bringup_gripper) by extension 'colcon_meta'
[0.295s] Level 1:colcon.colcon_core.package_identification:_identify(src_baptiste/bringup_gripper) by extensions ['ros']
[0.295s] Level 1:colcon.colcon_core.package_identification:_identify(src_baptiste/bringup_gripper) by extension 'ros'
[0.297s] DEBUG:colcon.colcon_core.package_identification:Package 'src_baptiste/bringup_gripper' with type 'ros.ament_python' and name 'bringup_gripper'
[0.298s] Level 1:colcon.colcon_core.package_identification:_identify(src_baptiste/earth_robot_moveit_config) by extensions ['ignore', 'ignore_ament_install']
[0.298s] Level 1:colcon.colcon_core.package_identification:_identify(src_baptiste/earth_robot_moveit_config) by extension 'ignore'
[0.298s] Level 1:colcon.colcon_core.package_identification:_identify(src_baptiste/earth_robot_moveit_config) by extension 'ignore_ament_install'
[0.298s] Level 1:colcon.colcon_core.package_identification:_identify(src_baptiste/earth_robot_moveit_config) by extensions ['colcon_pkg']
[0.298s] Level 1:colcon.colcon_core.package_identification:_identify(src_baptiste/earth_robot_moveit_config) by extension 'colcon_pkg'
[0.298s] Level 1:colcon.colcon_core.package_identification:_identify(src_baptiste/earth_robot_moveit_config) by extensions ['colcon_meta']
[0.298s] Level 1:colcon.colcon_core.package_identification:_identify(src_baptiste/earth_robot_moveit_config) by extension 'colcon_meta'
[0.298s] Level 1:colcon.colcon_core.package_identification:_identify(src_baptiste/earth_robot_moveit_config) by extensions ['ros']
[0.298s] Level 1:colcon.colcon_core.package_identification:_identify(src_baptiste/earth_robot_moveit_config) by extension 'ros'
[0.299s] DEBUG:colcon.colcon_core.package_identification:Package 'src_baptiste/earth_robot_moveit_config' with type 'ros.ament_cmake' and name 'earth_robot_moveit_config'
[0.299s] Level 1:colcon.colcon_core.package_identification:_identify(src_baptiste/eurodao_environment_description) by extensions ['ignore', 'ignore_ament_install']
[0.299s] Level 1:colcon.colcon_core.package_identification:_identify(src_baptiste/eurodao_environment_description) by extension 'ignore'
[0.299s] Level 1:colcon.colcon_core.package_identification:_identify(src_baptiste/eurodao_environment_description) by extension 'ignore_ament_install'
[0.299s] Level 1:colcon.colcon_core.package_identification:_identify(src_baptiste/eurodao_environment_description) by extensions ['colcon_pkg']
[0.299s] Level 1:colcon.colcon_core.package_identification:_identify(src_baptiste/eurodao_environment_description) by extension 'colcon_pkg'
[0.299s] Level 1:colcon.colcon_core.package_identification:_identify(src_baptiste/eurodao_environment_description) by extensions ['colcon_meta']
[0.300s] Level 1:colcon.colcon_core.package_identification:_identify(src_baptiste/eurodao_environment_description) by extension 'colcon_meta'
[0.300s] Level 1:colcon.colcon_core.package_identification:_identify(src_baptiste/eurodao_environment_description) by extensions ['ros']
[0.300s] Level 1:colcon.colcon_core.package_identification:_identify(src_baptiste/eurodao_environment_description) by extension 'ros'
[0.300s] DEBUG:colcon.colcon_core.package_identification:Package 'src_baptiste/eurodao_environment_description' with type 'ros.ament_cmake' and name 'eurodao_environment_description'
[0.300s] Level 1:colcon.colcon_core.package_identification:_identify(src_baptiste/eurodao_joystick_teleop) by extensions ['ignore', 'ignore_ament_install']
[0.300s] Level 1:colcon.colcon_core.package_identification:_identify(src_baptiste/eurodao_joystick_teleop) by extension 'ignore'
[0.300s] Level 1:colcon.colcon_core.package_identification:_identify(src_baptiste/eurodao_joystick_teleop) by extension 'ignore_ament_install'
[0.300s] Level 1:colcon.colcon_core.package_identification:_identify(src_baptiste/eurodao_joystick_teleop) by extensions ['colcon_pkg']
[0.300s] Level 1:colcon.colcon_core.package_identification:_identify(src_baptiste/eurodao_joystick_teleop) by extension 'colcon_pkg'
[0.300s] Level 1:colcon.colcon_core.package_identification:_identify(src_baptiste/eurodao_joystick_teleop) by extensions ['colcon_meta']
[0.300s] Level 1:colcon.colcon_core.package_identification:_identify(src_baptiste/eurodao_joystick_teleop) by extension 'colcon_meta'
[0.300s] Level 1:colcon.colcon_core.package_identification:_identify(src_baptiste/eurodao_joystick_teleop) by extensions ['ros']
[0.300s] Level 1:colcon.colcon_core.package_identification:_identify(src_baptiste/eurodao_joystick_teleop) by extension 'ros'
[0.301s] DEBUG:colcon.colcon_core.package_identification:Package 'src_baptiste/eurodao_joystick_teleop' with type 'ros.ament_cmake' and name 'eurodao_joystick_teleop'
[0.301s] Level 1:colcon.colcon_core.package_identification:_identify(src_baptiste/moveit_calibration) by extensions ['ignore', 'ignore_ament_install']
[0.301s] Level 1:colcon.colcon_core.package_identification:_identify(src_baptiste/moveit_calibration) by extension 'ignore'
[0.301s] Level 1:colcon.colcon_core.package_identification:_identify(src_baptiste/moveit_calibration) by extension 'ignore_ament_install'
[0.301s] Level 1:colcon.colcon_core.package_identification:_identify(src_baptiste/moveit_calibration) by extensions ['colcon_pkg']
[0.301s] Level 1:colcon.colcon_core.package_identification:_identify(src_baptiste/moveit_calibration) by extension 'colcon_pkg'
[0.301s] Level 1:colcon.colcon_core.package_identification:_identify(src_baptiste/moveit_calibration) by extensions ['colcon_meta']
[0.301s] Level 1:colcon.colcon_core.package_identification:_identify(src_baptiste/moveit_calibration) by extension 'colcon_meta'
[0.301s] Level 1:colcon.colcon_core.package_identification:_identify(src_baptiste/moveit_calibration) by extensions ['ros']
[0.301s] Level 1:colcon.colcon_core.package_identification:_identify(src_baptiste/moveit_calibration) by extension 'ros'
[0.302s] Level 1:colcon.colcon_core.package_identification:_identify(src_baptiste/moveit_calibration) by extensions ['cmake', 'python']
[0.302s] Level 1:colcon.colcon_core.package_identification:_identify(src_baptiste/moveit_calibration) by extension 'cmake'
[0.302s] Level 1:colcon.colcon_core.package_identification:_identify(src_baptiste/moveit_calibration) by extension 'python'
[0.302s] Level 1:colcon.colcon_core.package_identification:_identify(src_baptiste/moveit_calibration) by extensions ['python_setup_py']
[0.302s] Level 1:colcon.colcon_core.package_identification:_identify(src_baptiste/moveit_calibration) by extension 'python_setup_py'
[0.302s] Level 1:colcon.colcon_core.package_identification:_identify(src_baptiste/moveit_calibration/moveit_calibration_gui) by extensions ['ignore', 'ignore_ament_install']
[0.302s] Level 1:colcon.colcon_core.package_identification:_identify(src_baptiste/moveit_calibration/moveit_calibration_gui) by extension 'ignore'
[0.302s] Level 1:colcon.colcon_core.package_identification:_identify(src_baptiste/moveit_calibration/moveit_calibration_gui) by extension 'ignore_ament_install'
[0.302s] Level 1:colcon.colcon_core.package_identification:_identify(src_baptiste/moveit_calibration/moveit_calibration_gui) by extensions ['colcon_pkg']
[0.302s] Level 1:colcon.colcon_core.package_identification:_identify(src_baptiste/moveit_calibration/moveit_calibration_gui) by extension 'colcon_pkg'
[0.302s] Level 1:colcon.colcon_core.package_identification:_identify(src_baptiste/moveit_calibration/moveit_calibration_gui) by extensions ['colcon_meta']
[0.302s] Level 1:colcon.colcon_core.package_identification:_identify(src_baptiste/moveit_calibration/moveit_calibration_gui) by extension 'colcon_meta'
[0.302s] Level 1:colcon.colcon_core.package_identification:_identify(src_baptiste/moveit_calibration/moveit_calibration_gui) by extensions ['ros']
[0.302s] Level 1:colcon.colcon_core.package_identification:_identify(src_baptiste/moveit_calibration/moveit_calibration_gui) by extension 'ros'
[0.303s] DEBUG:colcon.colcon_core.package_identification:Package 'src_baptiste/moveit_calibration/moveit_calibration_gui' with type 'ros.ament_cmake' and name 'moveit_calibration_gui'
[0.303s] Level 1:colcon.colcon_core.package_identification:_identify(src_baptiste/moveit_calibration/moveit_calibration_plugins) by extensions ['ignore', 'ignore_ament_install']
[0.303s] Level 1:colcon.colcon_core.package_identification:_identify(src_baptiste/moveit_calibration/moveit_calibration_plugins) by extension 'ignore'
[0.303s] Level 1:colcon.colcon_core.package_identification:_identify(src_baptiste/moveit_calibration/moveit_calibration_plugins) by extension 'ignore_ament_install'
[0.303s] Level 1:colcon.colcon_core.package_identification:_identify(src_baptiste/moveit_calibration/moveit_calibration_plugins) by extensions ['colcon_pkg']
[0.303s] Level 1:colcon.colcon_core.package_identification:_identify(src_baptiste/moveit_calibration/moveit_calibration_plugins) by extension 'colcon_pkg'
[0.304s] Level 1:colcon.colcon_core.package_identification:_identify(src_baptiste/moveit_calibration/moveit_calibration_plugins) by extensions ['colcon_meta']
[0.304s] Level 1:colcon.colcon_core.package_identification:_identify(src_baptiste/moveit_calibration/moveit_calibration_plugins) by extension 'colcon_meta'
[0.304s] Level 1:colcon.colcon_core.package_identification:_identify(src_baptiste/moveit_calibration/moveit_calibration_plugins) by extensions ['ros']
[0.304s] Level 1:colcon.colcon_core.package_identification:_identify(src_baptiste/moveit_calibration/moveit_calibration_plugins) by extension 'ros'
[0.304s] DEBUG:colcon.colcon_core.package_identification:Package 'src_baptiste/moveit_calibration/moveit_calibration_plugins' with type 'ros.ament_cmake' and name 'moveit_calibration_plugins'
[0.305s] Level 1:colcon.colcon_core.package_identification:_identify(src_baptiste/onrobot_rg2ft_description) by extensions ['ignore', 'ignore_ament_install']
[0.305s] Level 1:colcon.colcon_core.package_identification:_identify(src_baptiste/onrobot_rg2ft_description) by extension 'ignore'
[0.305s] Level 1:colcon.colcon_core.package_identification:_identify(src_baptiste/onrobot_rg2ft_description) by extension 'ignore_ament_install'
[0.305s] Level 1:colcon.colcon_core.package_identification:_identify(src_baptiste/onrobot_rg2ft_description) by extensions ['colcon_pkg']
[0.305s] Level 1:colcon.colcon_core.package_identification:_identify(src_baptiste/onrobot_rg2ft_description) by extension 'colcon_pkg'
[0.305s] Level 1:colcon.colcon_core.package_identification:_identify(src_baptiste/onrobot_rg2ft_description) by extensions ['colcon_meta']
[0.305s] Level 1:colcon.colcon_core.package_identification:_identify(src_baptiste/onrobot_rg2ft_description) by extension 'colcon_meta'
[0.305s] Level 1:colcon.colcon_core.package_identification:_identify(src_baptiste/onrobot_rg2ft_description) by extensions ['ros']
[0.305s] Level 1:colcon.colcon_core.package_identification:_identify(src_baptiste/onrobot_rg2ft_description) by extension 'ros'
[0.305s] DEBUG:colcon.colcon_core.package_identification:Package 'src_baptiste/onrobot_rg2ft_description' with type 'ros.ament_cmake' and name 'onrobot_rg2ft_description'
[0.305s] Level 1:colcon.colcon_core.package_identification:_identify(src_baptiste/onrobot_rg_msgs) by extensions ['ignore', 'ignore_ament_install']
[0.305s] Level 1:colcon.colcon_core.package_identification:_identify(src_baptiste/onrobot_rg_msgs) by extension 'ignore'
[0.305s] Level 1:colcon.colcon_core.package_identification:_identify(src_baptiste/onrobot_rg_msgs) by extension 'ignore_ament_install'
[0.306s] Level 1:colcon.colcon_core.package_identification:_identify(src_baptiste/onrobot_rg_msgs) by extensions ['colcon_pkg']
[0.306s] Level 1:colcon.colcon_core.package_identification:_identify(src_baptiste/onrobot_rg_msgs) by extension 'colcon_pkg'
[0.306s] Level 1:colcon.colcon_core.package_identification:_identify(src_baptiste/onrobot_rg_msgs) by extensions ['colcon_meta']
[0.306s] Level 1:colcon.colcon_core.package_identification:_identify(src_baptiste/onrobot_rg_msgs) by extension 'colcon_meta'
[0.306s] Level 1:colcon.colcon_core.package_identification:_identify(src_baptiste/onrobot_rg_msgs) by extensions ['ros']
[0.306s] Level 1:colcon.colcon_core.package_identification:_identify(src_baptiste/onrobot_rg_msgs) by extension 'ros'
[0.306s] DEBUG:colcon.colcon_core.package_identification:Package 'src_baptiste/onrobot_rg_msgs' with type 'ros.ament_cmake' and name 'onrobot_rg_msgs'
[0.306s] Level 1:colcon.colcon_core.package_identification:_identify(src_baptiste/realsense-ros) by extensions ['ignore', 'ignore_ament_install']
[0.306s] Level 1:colcon.colcon_core.package_identification:_identify(src_baptiste/realsense-ros) by extension 'ignore'
[0.306s] Level 1:colcon.colcon_core.package_identification:_identify(src_baptiste/realsense-ros) by extension 'ignore_ament_install'
[0.306s] Level 1:colcon.colcon_core.package_identification:_identify(src_baptiste/realsense-ros) by extensions ['colcon_pkg']
[0.306s] Level 1:colcon.colcon_core.package_identification:_identify(src_baptiste/realsense-ros) by extension 'colcon_pkg'
[0.306s] Level 1:colcon.colcon_core.package_identification:_identify(src_baptiste/realsense-ros) by extensions ['colcon_meta']
[0.306s] Level 1:colcon.colcon_core.package_identification:_identify(src_baptiste/realsense-ros) by extension 'colcon_meta'
[0.306s] Level 1:colcon.colcon_core.package_identification:_identify(src_baptiste/realsense-ros) by extensions ['ros']
[0.306s] Level 1:colcon.colcon_core.package_identification:_identify(src_baptiste/realsense-ros) by extension 'ros'
[0.307s] Level 1:colcon.colcon_core.package_identification:_identify(src_baptiste/realsense-ros) by extensions ['cmake', 'python']
[0.307s] Level 1:colcon.colcon_core.package_identification:_identify(src_baptiste/realsense-ros) by extension 'cmake'
[0.307s] Level 1:colcon.colcon_core.package_identification:_identify(src_baptiste/realsense-ros) by extension 'python'
[0.307s] Level 1:colcon.colcon_core.package_identification:_identify(src_baptiste/realsense-ros) by extensions ['python_setup_py']
[0.307s] Level 1:colcon.colcon_core.package_identification:_identify(src_baptiste/realsense-ros) by extension 'python_setup_py'
[0.307s] Level 1:colcon.colcon_core.package_identification:_identify(src_baptiste/realsense-ros/realsense2_description) by extensions ['ignore', 'ignore_ament_install']
[0.307s] Level 1:colcon.colcon_core.package_identification:_identify(src_baptiste/realsense-ros/realsense2_description) by extension 'ignore'
[0.307s] Level 1:colcon.colcon_core.package_identification:_identify(src_baptiste/realsense-ros/realsense2_description) by extension 'ignore_ament_install'
[0.307s] Level 1:colcon.colcon_core.package_identification:_identify(src_baptiste/realsense-ros/realsense2_description) by extensions ['colcon_pkg']
[0.307s] Level 1:colcon.colcon_core.package_identification:_identify(src_baptiste/realsense-ros/realsense2_description) by extension 'colcon_pkg'
[0.307s] Level 1:colcon.colcon_core.package_identification:_identify(src_baptiste/realsense-ros/realsense2_description) by extensions ['colcon_meta']
[0.307s] Level 1:colcon.colcon_core.package_identification:_identify(src_baptiste/realsense-ros/realsense2_description) by extension 'colcon_meta'
[0.307s] Level 1:colcon.colcon_core.package_identification:_identify(src_baptiste/realsense-ros/realsense2_description) by extensions ['ros']
[0.307s] Level 1:colcon.colcon_core.package_identification:_identify(src_baptiste/realsense-ros/realsense2_description) by extension 'ros'
[0.308s] DEBUG:colcon.colcon_core.package_identification:Package 'src_baptiste/realsense-ros/realsense2_description' with type 'ros.ament_cmake' and name 'realsense2_description'
[0.308s] Level 1:colcon.colcon_core.package_identification:_identify(src_baptiste/ur_cb2) by extensions ['ignore', 'ignore_ament_install']
[0.308s] Level 1:colcon.colcon_core.package_identification:_identify(src_baptiste/ur_cb2) by extension 'ignore'
[0.308s] Level 1:colcon.colcon_core.package_identification:_identify(src_baptiste/ur_cb2) by extension 'ignore_ament_install'
[0.308s] Level 1:colcon.colcon_core.package_identification:_identify(src_baptiste/ur_cb2) by extensions ['colcon_pkg']
[0.308s] Level 1:colcon.colcon_core.package_identification:_identify(src_baptiste/ur_cb2) by extension 'colcon_pkg'
[0.308s] Level 1:colcon.colcon_core.package_identification:_identify(src_baptiste/ur_cb2) by extensions ['colcon_meta']
[0.308s] Level 1:colcon.colcon_core.package_identification:_identify(src_baptiste/ur_cb2) by extension 'colcon_meta'
[0.308s] Level 1:colcon.colcon_core.package_identification:_identify(src_baptiste/ur_cb2) by extensions ['ros']
[0.308s] Level 1:colcon.colcon_core.package_identification:_identify(src_baptiste/ur_cb2) by extension 'ros'
[0.308s] DEBUG:colcon.colcon_core.package_identification:Package 'src_baptiste/ur_cb2' with type 'ros.ament_cmake' and name 'ur_cb2'
[0.309s] Level 1:colcon.colcon_core.package_identification:_identify(src_baptiste/ur_robot_description_cb2) by extensions ['ignore', 'ignore_ament_install']
[0.309s] Level 1:colcon.colcon_core.package_identification:_identify(src_baptiste/ur_robot_description_cb2) by extension 'ignore'
[0.309s] Level 1:colcon.colcon_core.package_identification:_identify(src_baptiste/ur_robot_description_cb2) by extension 'ignore_ament_install'
[0.309s] Level 1:colcon.colcon_core.package_identification:_identify(src_baptiste/ur_robot_description_cb2) by extensions ['colcon_pkg']
[0.309s] Level 1:colcon.colcon_core.package_identification:_identify(src_baptiste/ur_robot_description_cb2) by extension 'colcon_pkg'
[0.309s] Level 1:colcon.colcon_core.package_identification:_identify(src_baptiste/ur_robot_description_cb2) by extensions ['colcon_meta']
[0.309s] Level 1:colcon.colcon_core.package_identification:_identify(src_baptiste/ur_robot_description_cb2) by extension 'colcon_meta'
[0.309s] Level 1:colcon.colcon_core.package_identification:_identify(src_baptiste/ur_robot_description_cb2) by extensions ['ros']
[0.309s] Level 1:colcon.colcon_core.package_identification:_identify(src_baptiste/ur_robot_description_cb2) by extension 'ros'
[0.310s] DEBUG:colcon.colcon_core.package_identification:Package 'src_baptiste/ur_robot_description_cb2' with type 'ros.ament_cmake' and name 'ur_robot_description_cb2'
[0.310s] Level 1:colcon.colcon_core.package_identification:_identify(src_baptiste/ur_robot_driver_cb2) by extensions ['ignore', 'ignore_ament_install']
[0.310s] Level 1:colcon.colcon_core.package_identification:_identify(src_baptiste/ur_robot_driver_cb2) by extension 'ignore'
[0.310s] Level 1:colcon.colcon_core.package_identification:_identify(src_baptiste/ur_robot_driver_cb2) by extension 'ignore_ament_install'
[0.310s] Level 1:colcon.colcon_core.package_identification:_identify(src_baptiste/ur_robot_driver_cb2) by extensions ['colcon_pkg']
[0.310s] Level 1:colcon.colcon_core.package_identification:_identify(src_baptiste/ur_robot_driver_cb2) by extension 'colcon_pkg'
[0.310s] Level 1:colcon.colcon_core.package_identification:_identify(src_baptiste/ur_robot_driver_cb2) by extensions ['colcon_meta']
[0.310s] Level 1:colcon.colcon_core.package_identification:_identify(src_baptiste/ur_robot_driver_cb2) by extension 'colcon_meta'
[0.310s] Level 1:colcon.colcon_core.package_identification:_identify(src_baptiste/ur_robot_driver_cb2) by extensions ['ros']
[0.310s] Level 1:colcon.colcon_core.package_identification:_identify(src_baptiste/ur_robot_driver_cb2) by extension 'ros'
[0.311s] DEBUG:colcon.colcon_core.package_identification:Package 'src_baptiste/ur_robot_driver_cb2' with type 'ros.ament_cmake' and name 'ur_robot_driver_cb2'
[0.311s] Level 1:colcon.colcon_core.package_identification:_identify(src_luca) by extensions ['ignore', 'ignore_ament_install']
[0.311s] Level 1:colcon.colcon_core.package_identification:_identify(src_luca) by extension 'ignore'
[0.311s] Level 1:colcon.colcon_core.package_identification:_identify(src_luca) by extension 'ignore_ament_install'
[0.311s] Level 1:colcon.colcon_core.package_identification:_identify(src_luca) by extensions ['colcon_pkg']
[0.311s] Level 1:colcon.colcon_core.package_identification:_identify(src_luca) by extension 'colcon_pkg'
[0.311s] Level 1:colcon.colcon_core.package_identification:_identify(src_luca) by extensions ['colcon_meta']
[0.311s] Level 1:colcon.colcon_core.package_identification:_identify(src_luca) by extension 'colcon_meta'
[0.311s] Level 1:colcon.colcon_core.package_identification:_identify(src_luca) by extensions ['ros']
[0.311s] Level 1:colcon.colcon_core.package_identification:_identify(src_luca) by extension 'ros'
[0.312s] Level 1:colcon.colcon_core.package_identification:_identify(src_luca) by extensions ['cmake', 'python']
[0.312s] Level 1:colcon.colcon_core.package_identification:_identify(src_luca) by extension 'cmake'
[0.312s] Level 1:colcon.colcon_core.package_identification:_identify(src_luca) by extension 'python'
[0.312s] Level 1:colcon.colcon_core.package_identification:_identify(src_luca) by extensions ['python_setup_py']
[0.312s] Level 1:colcon.colcon_core.package_identification:_identify(src_luca) by extension 'python_setup_py'
[0.312s] Level 1:colcon.colcon_core.package_identification:_identify(src_luca/bringup_gripper) by extensions ['ignore', 'ignore_ament_install']
[0.312s] Level 1:colcon.colcon_core.package_identification:_identify(src_luca/bringup_gripper) by extension 'ignore'
[0.312s] Level 1:colcon.colcon_core.package_identification:_identify(src_luca/bringup_gripper) by extension 'ignore_ament_install'
[0.312s] Level 1:colcon.colcon_core.package_identification:_identify(src_luca/bringup_gripper) by extensions ['colcon_pkg']
[0.312s] Level 1:colcon.colcon_core.package_identification:_identify(src_luca/bringup_gripper) by extension 'colcon_pkg'
[0.312s] Level 1:colcon.colcon_core.package_identification:_identify(src_luca/bringup_gripper) by extensions ['colcon_meta']
[0.312s] Level 1:colcon.colcon_core.package_identification:_identify(src_luca/bringup_gripper) by extension 'colcon_meta'
[0.312s] Level 1:colcon.colcon_core.package_identification:_identify(src_luca/bringup_gripper) by extensions ['ros']
[0.312s] Level 1:colcon.colcon_core.package_identification:_identify(src_luca/bringup_gripper) by extension 'ros'
[0.313s] DEBUG:colcon.colcon_core.package_identification:Package 'src_luca/bringup_gripper' with type 'ros.ament_python' and name 'bringup_gripper'
[0.313s] Level 1:colcon.colcon_core.package_identification:_identify(src_luca/onrobot_rg2ft_description) by extensions ['ignore', 'ignore_ament_install']
[0.313s] Level 1:colcon.colcon_core.package_identification:_identify(src_luca/onrobot_rg2ft_description) by extension 'ignore'
[0.313s] Level 1:colcon.colcon_core.package_identification:_identify(src_luca/onrobot_rg2ft_description) by extension 'ignore_ament_install'
[0.313s] Level 1:colcon.colcon_core.package_identification:_identify(src_luca/onrobot_rg2ft_description) by extensions ['colcon_pkg']
[0.313s] Level 1:colcon.colcon_core.package_identification:_identify(src_luca/onrobot_rg2ft_description) by extension 'colcon_pkg'
[0.313s] Level 1:colcon.colcon_core.package_identification:_identify(src_luca/onrobot_rg2ft_description) by extensions ['colcon_meta']
[0.313s] Level 1:colcon.colcon_core.package_identification:_identify(src_luca/onrobot_rg2ft_description) by extension 'colcon_meta'
[0.313s] Level 1:colcon.colcon_core.package_identification:_identify(src_luca/onrobot_rg2ft_description) by extensions ['ros']
[0.313s] Level 1:colcon.colcon_core.package_identification:_identify(src_luca/onrobot_rg2ft_description) by extension 'ros'
[0.313s] DEBUG:colcon.colcon_core.package_identification:Package 'src_luca/onrobot_rg2ft_description' with type 'ros.ament_cmake' and name 'onrobot_rg2ft_description'
[0.313s] Level 1:colcon.colcon_core.package_identification:_identify(src_luca/onrobot_rg_msgs) by extensions ['ignore', 'ignore_ament_install']
[0.314s] Level 1:colcon.colcon_core.package_identification:_identify(src_luca/onrobot_rg_msgs) by extension 'ignore'
[0.314s] Level 1:colcon.colcon_core.package_identification:_identify(src_luca/onrobot_rg_msgs) by extension 'ignore_ament_install'
[0.314s] Level 1:colcon.colcon_core.package_identification:_identify(src_luca/onrobot_rg_msgs) by extensions ['colcon_pkg']
[0.314s] Level 1:colcon.colcon_core.package_identification:_identify(src_luca/onrobot_rg_msgs) by extension 'colcon_pkg'
[0.314s] Level 1:colcon.colcon_core.package_identification:_identify(src_luca/onrobot_rg_msgs) by extensions ['colcon_meta']
[0.314s] Level 1:colcon.colcon_core.package_identification:_identify(src_luca/onrobot_rg_msgs) by extension 'colcon_meta'
[0.314s] Level 1:colcon.colcon_core.package_identification:_identify(src_luca/onrobot_rg_msgs) by extensions ['ros']
[0.314s] Level 1:colcon.colcon_core.package_identification:_identify(src_luca/onrobot_rg_msgs) by extension 'ros'
[0.314s] DEBUG:colcon.colcon_core.package_identification:Package 'src_luca/onrobot_rg_msgs' with type 'ros.ament_cmake' and name 'onrobot_rg_msgs'
[0.314s] Level 1:colcon.colcon_core.package_identification:_identify(src_luca/realsense-ros) by extensions ['ignore', 'ignore_ament_install']
[0.314s] Level 1:colcon.colcon_core.package_identification:_identify(src_luca/realsense-ros) by extension 'ignore'
[0.314s] Level 1:colcon.colcon_core.package_identification:_identify(src_luca/realsense-ros) by extension 'ignore_ament_install'
[0.314s] Level 1:colcon.colcon_core.package_identification:_identify(src_luca/realsense-ros) by extensions ['colcon_pkg']
[0.314s] Level 1:colcon.colcon_core.package_identification:_identify(src_luca/realsense-ros) by extension 'colcon_pkg'
[0.315s] Level 1:colcon.colcon_core.package_identification:_identify(src_luca/realsense-ros) by extensions ['colcon_meta']
[0.315s] Level 1:colcon.colcon_core.package_identification:_identify(src_luca/realsense-ros) by extension 'colcon_meta'
[0.315s] Level 1:colcon.colcon_core.package_identification:_identify(src_luca/realsense-ros) by extensions ['ros']
[0.315s] Level 1:colcon.colcon_core.package_identification:_identify(src_luca/realsense-ros) by extension 'ros'
[0.315s] Level 1:colcon.colcon_core.package_identification:_identify(src_luca/realsense-ros) by extensions ['cmake', 'python']
[0.315s] Level 1:colcon.colcon_core.package_identification:_identify(src_luca/realsense-ros) by extension 'cmake'
[0.315s] Level 1:colcon.colcon_core.package_identification:_identify(src_luca/realsense-ros) by extension 'python'
[0.315s] Level 1:colcon.colcon_core.package_identification:_identify(src_luca/realsense-ros) by extensions ['python_setup_py']
[0.315s] Level 1:colcon.colcon_core.package_identification:_identify(src_luca/realsense-ros) by extension 'python_setup_py'
[0.315s] Level 1:colcon.colcon_core.package_identification:_identify(src_luca/realsense-ros/realsense2_description) by extensions ['ignore', 'ignore_ament_install']
[0.315s] Level 1:colcon.colcon_core.package_identification:_identify(src_luca/realsense-ros/realsense2_description) by extension 'ignore'
[0.315s] Level 1:colcon.colcon_core.package_identification:_identify(src_luca/realsense-ros/realsense2_description) by extension 'ignore_ament_install'
[0.315s] Level 1:colcon.colcon_core.package_identification:_identify(src_luca/realsense-ros/realsense2_description) by extensions ['colcon_pkg']
[0.315s] Level 1:colcon.colcon_core.package_identification:_identify(src_luca/realsense-ros/realsense2_description) by extension 'colcon_pkg'
[0.315s] Level 1:colcon.colcon_core.package_identification:_identify(src_luca/realsense-ros/realsense2_description) by extensions ['colcon_meta']
[0.315s] Level 1:colcon.colcon_core.package_identification:_identify(src_luca/realsense-ros/realsense2_description) by extension 'colcon_meta'
[0.315s] Level 1:colcon.colcon_core.package_identification:_identify(src_luca/realsense-ros/realsense2_description) by extensions ['ros']
[0.315s] Level 1:colcon.colcon_core.package_identification:_identify(src_luca/realsense-ros/realsense2_description) by extension 'ros'
[0.316s] DEBUG:colcon.colcon_core.package_identification:Package 'src_luca/realsense-ros/realsense2_description' with type 'ros.ament_cmake' and name 'realsense2_description'
[0.316s] Level 1:colcon.colcon_core.package_identification:_identify(src_luca/ur_robot_description_cb2) by extensions ['ignore', 'ignore_ament_install']
[0.316s] Level 1:colcon.colcon_core.package_identification:_identify(src_luca/ur_robot_description_cb2) by extension 'ignore'
[0.316s] Level 1:colcon.colcon_core.package_identification:_identify(src_luca/ur_robot_description_cb2) by extension 'ignore_ament_install'
[0.316s] Level 1:colcon.colcon_core.package_identification:_identify(src_luca/ur_robot_description_cb2) by extensions ['colcon_pkg']
[0.316s] Level 1:colcon.colcon_core.package_identification:_identify(src_luca/ur_robot_description_cb2) by extension 'colcon_pkg'
[0.316s] Level 1:colcon.colcon_core.package_identification:_identify(src_luca/ur_robot_description_cb2) by extensions ['colcon_meta']
[0.316s] Level 1:colcon.colcon_core.package_identification:_identify(src_luca/ur_robot_description_cb2) by extension 'colcon_meta'
[0.316s] Level 1:colcon.colcon_core.package_identification:_identify(src_luca/ur_robot_description_cb2) by extensions ['ros']
[0.316s] Level 1:colcon.colcon_core.package_identification:_identify(src_luca/ur_robot_description_cb2) by extension 'ros'
[0.317s] DEBUG:colcon.colcon_core.package_identification:Package 'src_luca/ur_robot_description_cb2' with type 'ros.ament_cmake' and name 'ur_robot_description_cb2'
[0.317s] Level 1:colcon.colcon_core.package_discovery:discover_packages(recursive) using defaults
[0.317s] Level 1:colcon.colcon_core.package_discovery:discover_packages(ignore) discover
[0.317s] Level 1:colcon.colcon_core.package_discovery:discover_packages(ignore) using defaults
[0.317s] Level 1:colcon.colcon_core.package_discovery:discover_packages(path) discover
[0.317s] Level 1:colcon.colcon_core.package_discovery:discover_packages(path) using defaults
[0.339s] Level 1:colcon.colcon_core.package_discovery:discover_packages(prefix_path) check parameters
[0.339s] Level 1:colcon.colcon_core.package_discovery:discover_packages(prefix_path) discover
[0.341s] DEBUG:colcon.colcon_installed_package_information.package_discovery:Found 388 installed packages in /opt/ros/humble
[0.342s] Level 1:colcon.colcon_core.package_discovery:discover_packages(prefix_path) using defaults
[0.379s] ERROR:colcon:colcon build: Duplicate package names not supported:
- bringup_gripper:
  - src_baptiste/bringup_gripper
  - src_luca/bringup_gripper
- onrobot_rg2ft_description:
  - src_baptiste/onrobot_rg2ft_description
  - src_luca/onrobot_rg2ft_description
- onrobot_rg_msgs:
  - src_baptiste/onrobot_rg_msgs
  - src_luca/onrobot_rg_msgs
- realsense2_description:
  - src_baptiste/realsense-ros/realsense2_description
  - src_luca/realsense-ros/realsense2_description
- ur_robot_description_cb2:
  - src_baptiste/ur_robot_description_cb2
  - src_luca/ur_robot_description_cb2
