running egg_info
creating ../../build/bringup_gripper/bringup_gripper.egg-info
writing ../../build/bringup_gripper/bringup_gripper.egg-info/PKG-INFO
writing dependency_links to ../../build/bringup_gripper/bringup_gripper.egg-info/dependency_links.txt
writing entry points to ../../build/bringup_gripper/bringup_gripper.egg-info/entry_points.txt
writing requirements to ../../build/bringup_gripper/bringup_gripper.egg-info/requires.txt
writing top-level names to ../../build/bringup_gripper/bringup_gripper.egg-info/top_level.txt
writing manifest file '../../build/bringup_gripper/bringup_gripper.egg-info/SOURCES.txt'
reading manifest file '../../build/bringup_gripper/bringup_gripper.egg-info/SOURCES.txt'
adding license file 'LICENSE'
writing manifest file '../../build/bringup_gripper/bringup_gripper.egg-info/SOURCES.txt'
running build
running build_py
creating /home/luca/Stage_Lirmm/Diffusion-model-isaacsim/ur10_real_robot/ros2_ws_luca/build/bringup_gripper/build
creating /home/luca/Stage_Lirmm/Diffusion-model-isaacsim/ur10_real_robot/ros2_ws_luca/build/bringup_gripper/build/lib
creating /home/luca/Stage_Lirmm/Diffusion-model-isaacsim/ur10_real_robot/ros2_ws_luca/build/bringup_gripper/build/lib/bringup_gripper
copying bringup_gripper/OnRobotRGSimpleController.py -> /home/luca/Stage_Lirmm/Diffusion-model-isaacsim/ur10_real_robot/ros2_ws_luca/build/bringup_gripper/build/lib/bringup_gripper
copying bringup_gripper/OnRobotRGTcpNode.py -> /home/luca/Stage_Lirmm/Diffusion-model-isaacsim/ur10_real_robot/ros2_ws_luca/build/bringup_gripper/build/lib/bringup_gripper
copying bringup_gripper/__init__.py -> /home/luca/Stage_Lirmm/Diffusion-model-isaacsim/ur10_real_robot/ros2_ws_luca/build/bringup_gripper/build/lib/bringup_gripper
copying bringup_gripper/JointStateMerger.py -> /home/luca/Stage_Lirmm/Diffusion-model-isaacsim/ur10_real_robot/ros2_ws_luca/build/bringup_gripper/build/lib/bringup_gripper
copying bringup_gripper/baseOnRobotRG.py -> /home/luca/Stage_Lirmm/Diffusion-model-isaacsim/ur10_real_robot/ros2_ws_luca/build/bringup_gripper/build/lib/bringup_gripper
copying bringup_gripper/TestNode.py -> /home/luca/Stage_Lirmm/Diffusion-model-isaacsim/ur10_real_robot/ros2_ws_luca/build/bringup_gripper/build/lib/bringup_gripper
copying bringup_gripper/OnRobotRGMove.py -> /home/luca/Stage_Lirmm/Diffusion-model-isaacsim/ur10_real_robot/ros2_ws_luca/build/bringup_gripper/build/lib/bringup_gripper
copying bringup_gripper/OnRobotRGKeyboardController.py -> /home/luca/Stage_Lirmm/Diffusion-model-isaacsim/ur10_real_robot/ros2_ws_luca/build/bringup_gripper/build/lib/bringup_gripper
copying bringup_gripper/PickPlaceSequence.py -> /home/luca/Stage_Lirmm/Diffusion-model-isaacsim/ur10_real_robot/ros2_ws_luca/build/bringup_gripper/build/lib/bringup_gripper
copying bringup_gripper/OnRobotRGStatusListener.py -> /home/luca/Stage_Lirmm/Diffusion-model-isaacsim/ur10_real_robot/ros2_ws_luca/build/bringup_gripper/build/lib/bringup_gripper
copying bringup_gripper/comModbusTcp.py -> /home/luca/Stage_Lirmm/Diffusion-model-isaacsim/ur10_real_robot/ros2_ws_luca/build/bringup_gripper/build/lib/bringup_gripper
copying bringup_gripper/OnRobotRGGripperCommandAction.py -> /home/luca/Stage_Lirmm/Diffusion-model-isaacsim/ur10_real_robot/ros2_ws_luca/build/bringup_gripper/build/lib/bringup_gripper
running install
running install_lib
creating /home/luca/Stage_Lirmm/Diffusion-model-isaacsim/ur10_real_robot/ros2_ws_luca/install/bringup_gripper/lib/python3.10/site-packages/bringup_gripper
copying /home/luca/Stage_Lirmm/Diffusion-model-isaacsim/ur10_real_robot/ros2_ws_luca/build/bringup_gripper/build/lib/bringup_gripper/OnRobotRGSimpleController.py -> /home/luca/Stage_Lirmm/Diffusion-model-isaacsim/ur10_real_robot/ros2_ws_luca/install/bringup_gripper/lib/python3.10/site-packages/bringup_gripper
copying /home/luca/Stage_Lirmm/Diffusion-model-isaacsim/ur10_real_robot/ros2_ws_luca/build/bringup_gripper/build/lib/bringup_gripper/OnRobotRGTcpNode.py -> /home/luca/Stage_Lirmm/Diffusion-model-isaacsim/ur10_real_robot/ros2_ws_luca/install/bringup_gripper/lib/python3.10/site-packages/bringup_gripper
copying /home/luca/Stage_Lirmm/Diffusion-model-isaacsim/ur10_real_robot/ros2_ws_luca/build/bringup_gripper/build/lib/bringup_gripper/__init__.py -> /home/luca/Stage_Lirmm/Diffusion-model-isaacsim/ur10_real_robot/ros2_ws_luca/install/bringup_gripper/lib/python3.10/site-packages/bringup_gripper
copying /home/luca/Stage_Lirmm/Diffusion-model-isaacsim/ur10_real_robot/ros2_ws_luca/build/bringup_gripper/build/lib/bringup_gripper/JointStateMerger.py -> /home/luca/Stage_Lirmm/Diffusion-model-isaacsim/ur10_real_robot/ros2_ws_luca/install/bringup_gripper/lib/python3.10/site-packages/bringup_gripper
copying /home/luca/Stage_Lirmm/Diffusion-model-isaacsim/ur10_real_robot/ros2_ws_luca/build/bringup_gripper/build/lib/bringup_gripper/baseOnRobotRG.py -> /home/luca/Stage_Lirmm/Diffusion-model-isaacsim/ur10_real_robot/ros2_ws_luca/install/bringup_gripper/lib/python3.10/site-packages/bringup_gripper
copying /home/luca/Stage_Lirmm/Diffusion-model-isaacsim/ur10_real_robot/ros2_ws_luca/build/bringup_gripper/build/lib/bringup_gripper/TestNode.py -> /home/luca/Stage_Lirmm/Diffusion-model-isaacsim/ur10_real_robot/ros2_ws_luca/install/bringup_gripper/lib/python3.10/site-packages/bringup_gripper
copying /home/luca/Stage_Lirmm/Diffusion-model-isaacsim/ur10_real_robot/ros2_ws_luca/build/bringup_gripper/build/lib/bringup_gripper/OnRobotRGMove.py -> /home/luca/Stage_Lirmm/Diffusion-model-isaacsim/ur10_real_robot/ros2_ws_luca/install/bringup_gripper/lib/python3.10/site-packages/bringup_gripper
copying /home/luca/Stage_Lirmm/Diffusion-model-isaacsim/ur10_real_robot/ros2_ws_luca/build/bringup_gripper/build/lib/bringup_gripper/OnRobotRGKeyboardController.py -> /home/luca/Stage_Lirmm/Diffusion-model-isaacsim/ur10_real_robot/ros2_ws_luca/install/bringup_gripper/lib/python3.10/site-packages/bringup_gripper
copying /home/luca/Stage_Lirmm/Diffusion-model-isaacsim/ur10_real_robot/ros2_ws_luca/build/bringup_gripper/build/lib/bringup_gripper/PickPlaceSequence.py -> /home/luca/Stage_Lirmm/Diffusion-model-isaacsim/ur10_real_robot/ros2_ws_luca/install/bringup_gripper/lib/python3.10/site-packages/bringup_gripper
copying /home/luca/Stage_Lirmm/Diffusion-model-isaacsim/ur10_real_robot/ros2_ws_luca/build/bringup_gripper/build/lib/bringup_gripper/OnRobotRGStatusListener.py -> /home/luca/Stage_Lirmm/Diffusion-model-isaacsim/ur10_real_robot/ros2_ws_luca/install/bringup_gripper/lib/python3.10/site-packages/bringup_gripper
copying /home/luca/Stage_Lirmm/Diffusion-model-isaacsim/ur10_real_robot/ros2_ws_luca/build/bringup_gripper/build/lib/bringup_gripper/comModbusTcp.py -> /home/luca/Stage_Lirmm/Diffusion-model-isaacsim/ur10_real_robot/ros2_ws_luca/install/bringup_gripper/lib/python3.10/site-packages/bringup_gripper
copying /home/luca/Stage_Lirmm/Diffusion-model-isaacsim/ur10_real_robot/ros2_ws_luca/build/bringup_gripper/build/lib/bringup_gripper/OnRobotRGGripperCommandAction.py -> /home/luca/Stage_Lirmm/Diffusion-model-isaacsim/ur10_real_robot/ros2_ws_luca/install/bringup_gripper/lib/python3.10/site-packages/bringup_gripper
byte-compiling /home/luca/Stage_Lirmm/Diffusion-model-isaacsim/ur10_real_robot/ros2_ws_luca/install/bringup_gripper/lib/python3.10/site-packages/bringup_gripper/OnRobotRGSimpleController.py to OnRobotRGSimpleController.cpython-310.pyc
byte-compiling /home/luca/Stage_Lirmm/Diffusion-model-isaacsim/ur10_real_robot/ros2_ws_luca/install/bringup_gripper/lib/python3.10/site-packages/bringup_gripper/OnRobotRGTcpNode.py to OnRobotRGTcpNode.cpython-310.pyc
byte-compiling /home/luca/Stage_Lirmm/Diffusion-model-isaacsim/ur10_real_robot/ros2_ws_luca/install/bringup_gripper/lib/python3.10/site-packages/bringup_gripper/__init__.py to __init__.cpython-310.pyc
byte-compiling /home/luca/Stage_Lirmm/Diffusion-model-isaacsim/ur10_real_robot/ros2_ws_luca/install/bringup_gripper/lib/python3.10/site-packages/bringup_gripper/JointStateMerger.py to JointStateMerger.cpython-310.pyc
byte-compiling /home/luca/Stage_Lirmm/Diffusion-model-isaacsim/ur10_real_robot/ros2_ws_luca/install/bringup_gripper/lib/python3.10/site-packages/bringup_gripper/baseOnRobotRG.py to baseOnRobotRG.cpython-310.pyc
byte-compiling /home/luca/Stage_Lirmm/Diffusion-model-isaacsim/ur10_real_robot/ros2_ws_luca/install/bringup_gripper/lib/python3.10/site-packages/bringup_gripper/TestNode.py to TestNode.cpython-310.pyc
byte-compiling /home/luca/Stage_Lirmm/Diffusion-model-isaacsim/ur10_real_robot/ros2_ws_luca/install/bringup_gripper/lib/python3.10/site-packages/bringup_gripper/OnRobotRGMove.py to OnRobotRGMove.cpython-310.pyc
byte-compiling /home/luca/Stage_Lirmm/Diffusion-model-isaacsim/ur10_real_robot/ros2_ws_luca/install/bringup_gripper/lib/python3.10/site-packages/bringup_gripper/OnRobotRGKeyboardController.py to OnRobotRGKeyboardController.cpython-310.pyc
byte-compiling /home/luca/Stage_Lirmm/Diffusion-model-isaacsim/ur10_real_robot/ros2_ws_luca/install/bringup_gripper/lib/python3.10/site-packages/bringup_gripper/PickPlaceSequence.py to PickPlaceSequence.cpython-310.pyc
byte-compiling /home/luca/Stage_Lirmm/Diffusion-model-isaacsim/ur10_real_robot/ros2_ws_luca/install/bringup_gripper/lib/python3.10/site-packages/bringup_gripper/OnRobotRGStatusListener.py to OnRobotRGStatusListener.cpython-310.pyc
byte-compiling /home/luca/Stage_Lirmm/Diffusion-model-isaacsim/ur10_real_robot/ros2_ws_luca/install/bringup_gripper/lib/python3.10/site-packages/bringup_gripper/comModbusTcp.py to comModbusTcp.cpython-310.pyc
byte-compiling /home/luca/Stage_Lirmm/Diffusion-model-isaacsim/ur10_real_robot/ros2_ws_luca/install/bringup_gripper/lib/python3.10/site-packages/bringup_gripper/OnRobotRGGripperCommandAction.py to OnRobotRGGripperCommandAction.cpython-310.pyc
running install_data
creating /home/luca/Stage_Lirmm/Diffusion-model-isaacsim/ur10_real_robot/ros2_ws_luca/install/bringup_gripper/share/ament_index
creating /home/luca/Stage_Lirmm/Diffusion-model-isaacsim/ur10_real_robot/ros2_ws_luca/install/bringup_gripper/share/ament_index/resource_index
creating /home/luca/Stage_Lirmm/Diffusion-model-isaacsim/ur10_real_robot/ros2_ws_luca/install/bringup_gripper/share/ament_index/resource_index/packages
copying resource/bringup_gripper -> /home/luca/Stage_Lirmm/Diffusion-model-isaacsim/ur10_real_robot/ros2_ws_luca/install/bringup_gripper/share/ament_index/resource_index/packages
copying package.xml -> /home/luca/Stage_Lirmm/Diffusion-model-isaacsim/ur10_real_robot/ros2_ws_luca/install/bringup_gripper/share/bringup_gripper
copying launch/bringup.launch.py -> /home/luca/Stage_Lirmm/Diffusion-model-isaacsim/ur10_real_robot/ros2_ws_luca/install/bringup_gripper/share/bringup_gripper
copying launch/pick_place_sequence.launch.py -> /home/luca/Stage_Lirmm/Diffusion-model-isaacsim/ur10_real_robot/ros2_ws_luca/install/bringup_gripper/share/bringup_gripper
creating /home/luca/Stage_Lirmm/Diffusion-model-isaacsim/ur10_real_robot/ros2_ws_luca/install/bringup_gripper/share/bringup_gripper/config
copying config/pick_place_sequence_example.yaml -> /home/luca/Stage_Lirmm/Diffusion-model-isaacsim/ur10_real_robot/ros2_ws_luca/install/bringup_gripper/share/bringup_gripper/config
running install_egg_info
Copying ../../build/bringup_gripper/bringup_gripper.egg-info to /home/luca/Stage_Lirmm/Diffusion-model-isaacsim/ur10_real_robot/ros2_ws_luca/install/bringup_gripper/lib/python3.10/site-packages/bringup_gripper-0.0.0-py3.10.egg-info
running install_scripts
Installing joint_state_merger script to /home/luca/Stage_Lirmm/Diffusion-model-isaacsim/ur10_real_robot/ros2_ws_luca/install/bringup_gripper/lib/bringup_gripper
Installing onrobot_rg_gripper_command_action script to /home/luca/Stage_Lirmm/Diffusion-model-isaacsim/ur10_real_robot/ros2_ws_luca/install/bringup_gripper/lib/bringup_gripper
Installing onrobot_rg_keyboard script to /home/luca/Stage_Lirmm/Diffusion-model-isaacsim/ur10_real_robot/ros2_ws_luca/install/bringup_gripper/lib/bringup_gripper
Installing onrobot_rg_move script to /home/luca/Stage_Lirmm/Diffusion-model-isaacsim/ur10_real_robot/ros2_ws_luca/install/bringup_gripper/lib/bringup_gripper
Installing onrobot_rg_simple_controller script to /home/luca/Stage_Lirmm/Diffusion-model-isaacsim/ur10_real_robot/ros2_ws_luca/install/bringup_gripper/lib/bringup_gripper
Installing onrobot_rg_status_listener script to /home/luca/Stage_Lirmm/Diffusion-model-isaacsim/ur10_real_robot/ros2_ws_luca/install/bringup_gripper/lib/bringup_gripper
Installing onrobot_rg_tcp_node script to /home/luca/Stage_Lirmm/Diffusion-model-isaacsim/ur10_real_robot/ros2_ws_luca/install/bringup_gripper/lib/bringup_gripper
Installing pick_place_sequence script to /home/luca/Stage_Lirmm/Diffusion-model-isaacsim/ur10_real_robot/ros2_ws_luca/install/bringup_gripper/lib/bringup_gripper
writing list of installed files to '/home/luca/Stage_Lirmm/Diffusion-model-isaacsim/ur10_real_robot/ros2_ws_luca/build/bringup_gripper/install.log'
