[0.735s] Invoking command in '/home/luca/Stage_Lirmm/Diffusion-model-isaacsim/ur10_real_robot/ros2_ws_luca/src/bringup_gripper': AMENT_PREFIX_PATH=/home/luca/Stage_Lirmm/Diffusion-model-isaacsim/ur10_real_robot/ros2_ws_luca/install/onrobot_rg_msgs:${AMENT_PREFIX_PATH} CMAKE_PREFIX_PATH=/home/luca/Stage_Lirmm/Diffusion-model-isaacsim/ur10_real_robot/ros2_ws_luca/install/onrobot_rg_msgs LD_LIBRARY_PATH=/home/luca/Stage_Lirmm/Diffusion-model-isaacsim/ur10_real_robot/ros2_ws_luca/install/onrobot_rg_msgs/lib:${LD_LIBRARY_PATH} PYTHONPATH=/home/luca/Stage_Lirmm/Diffusion-model-isaacsim/ur10_real_robot/ros2_ws_luca/build/bringup_gripper/prefix_override:/usr/lib/python3/dist-packages/colcon_core/task/python/colcon_distutils_commands:/home/luca/Stage_Lirmm/Diffusion-model-isaacsim/ur10_real_robot/ros2_ws_luca/install/bringup_gripper/lib/python3.10/site-packages:/home/luca/Stage_Lirmm/Diffusion-model-isaacsim/ur10_real_robot/ros2_ws_luca/install/onrobot_rg_msgs/lib/python3.10/site-packages:${PYTHONPATH} VIRTUAL_ENV_PROMPT=(mujoco_ros) /usr/bin/python3 -W ignore:setup.py install is deprecated -W ignore:easy_install command is deprecated setup.py egg_info --egg-base ../../build/bringup_gripper build --build-base /home/luca/Stage_Lirmm/Diffusion-model-isaacsim/ur10_real_robot/ros2_ws_luca/build/bringup_gripper/build install --record /home/luca/Stage_Lirmm/Diffusion-model-isaacsim/ur10_real_robot/ros2_ws_luca/build/bringup_gripper/install.log --single-version-externally-managed install_data
[0.977s] running egg_info
[0.978s] creating ../../build/bringup_gripper/bringup_gripper.egg-info
[0.978s] writing ../../build/bringup_gripper/bringup_gripper.egg-info/PKG-INFO
[0.979s] writing dependency_links to ../../build/bringup_gripper/bringup_gripper.egg-info/dependency_links.txt
[0.979s] writing entry points to ../../build/bringup_gripper/bringup_gripper.egg-info/entry_points.txt
[0.979s] writing requirements to ../../build/bringup_gripper/bringup_gripper.egg-info/requires.txt
[0.979s] writing top-level names to ../../build/bringup_gripper/bringup_gripper.egg-info/top_level.txt
[0.979s] writing manifest file '../../build/bringup_gripper/bringup_gripper.egg-info/SOURCES.txt'
[0.980s] reading manifest file '../../build/bringup_gripper/bringup_gripper.egg-info/SOURCES.txt'
[0.981s] adding license file 'LICENSE'
[0.981s] writing manifest file '../../build/bringup_gripper/bringup_gripper.egg-info/SOURCES.txt'
[0.982s] running build
[0.982s] running build_py
[0.982s] creating /home/luca/Stage_Lirmm/Diffusion-model-isaacsim/ur10_real_robot/ros2_ws_luca/build/bringup_gripper/build
[0.982s] creating /home/luca/Stage_Lirmm/Diffusion-model-isaacsim/ur10_real_robot/ros2_ws_luca/build/bringup_gripper/build/lib
[0.982s] creating /home/luca/Stage_Lirmm/Diffusion-model-isaacsim/ur10_real_robot/ros2_ws_luca/build/bringup_gripper/build/lib/bringup_gripper
[0.982s] copying bringup_gripper/OnRobotRGSimpleController.py -> /home/luca/Stage_Lirmm/Diffusion-model-isaacsim/ur10_real_robot/ros2_ws_luca/build/bringup_gripper/build/lib/bringup_gripper
[0.982s] copying bringup_gripper/OnRobotRGTcpNode.py -> /home/luca/Stage_Lirmm/Diffusion-model-isaacsim/ur10_real_robot/ros2_ws_luca/build/bringup_gripper/build/lib/bringup_gripper
[0.982s] copying bringup_gripper/__init__.py -> /home/luca/Stage_Lirmm/Diffusion-model-isaacsim/ur10_real_robot/ros2_ws_luca/build/bringup_gripper/build/lib/bringup_gripper
[0.982s] copying bringup_gripper/JointStateMerger.py -> /home/luca/Stage_Lirmm/Diffusion-model-isaacsim/ur10_real_robot/ros2_ws_luca/build/bringup_gripper/build/lib/bringup_gripper
[0.982s] copying bringup_gripper/baseOnRobotRG.py -> /home/luca/Stage_Lirmm/Diffusion-model-isaacsim/ur10_real_robot/ros2_ws_luca/build/bringup_gripper/build/lib/bringup_gripper
[0.983s] copying bringup_gripper/TestNode.py -> /home/luca/Stage_Lirmm/Diffusion-model-isaacsim/ur10_real_robot/ros2_ws_luca/build/bringup_gripper/build/lib/bringup_gripper
[0.983s] copying bringup_gripper/OnRobotRGMove.py -> /home/luca/Stage_Lirmm/Diffusion-model-isaacsim/ur10_real_robot/ros2_ws_luca/build/bringup_gripper/build/lib/bringup_gripper
[0.983s] copying bringup_gripper/OnRobotRGKeyboardController.py -> /home/luca/Stage_Lirmm/Diffusion-model-isaacsim/ur10_real_robot/ros2_ws_luca/build/bringup_gripper/build/lib/bringup_gripper
[0.983s] copying bringup_gripper/PickPlaceSequence.py -> /home/luca/Stage_Lirmm/Diffusion-model-isaacsim/ur10_real_robot/ros2_ws_luca/build/bringup_gripper/build/lib/bringup_gripper
[0.983s] copying bringup_gripper/OnRobotRGStatusListener.py -> /home/luca/Stage_Lirmm/Diffusion-model-isaacsim/ur10_real_robot/ros2_ws_luca/build/bringup_gripper/build/lib/bringup_gripper
[0.983s] copying bringup_gripper/comModbusTcp.py -> /home/luca/Stage_Lirmm/Diffusion-model-isaacsim/ur10_real_robot/ros2_ws_luca/build/bringup_gripper/build/lib/bringup_gripper
[0.983s] copying bringup_gripper/OnRobotRGGripperCommandAction.py -> /home/luca/Stage_Lirmm/Diffusion-model-isaacsim/ur10_real_robot/ros2_ws_luca/build/bringup_gripper/build/lib/bringup_gripper
[0.983s] running install
[0.984s] running install_lib
[0.985s] creating /home/luca/Stage_Lirmm/Diffusion-model-isaacsim/ur10_real_robot/ros2_ws_luca/install/bringup_gripper/lib/python3.10/site-packages/bringup_gripper
[0.985s] copying /home/luca/Stage_Lirmm/Diffusion-model-isaacsim/ur10_real_robot/ros2_ws_luca/build/bringup_gripper/build/lib/bringup_gripper/OnRobotRGSimpleController.py -> /home/luca/Stage_Lirmm/Diffusion-model-isaacsim/ur10_real_robot/ros2_ws_luca/install/bringup_gripper/lib/python3.10/site-packages/bringup_gripper
[0.985s] copying /home/luca/Stage_Lirmm/Diffusion-model-isaacsim/ur10_real_robot/ros2_ws_luca/build/bringup_gripper/build/lib/bringup_gripper/OnRobotRGTcpNode.py -> /home/luca/Stage_Lirmm/Diffusion-model-isaacsim/ur10_real_robot/ros2_ws_luca/install/bringup_gripper/lib/python3.10/site-packages/bringup_gripper
[0.985s] copying /home/luca/Stage_Lirmm/Diffusion-model-isaacsim/ur10_real_robot/ros2_ws_luca/build/bringup_gripper/build/lib/bringup_gripper/__init__.py -> /home/luca/Stage_Lirmm/Diffusion-model-isaacsim/ur10_real_robot/ros2_ws_luca/install/bringup_gripper/lib/python3.10/site-packages/bringup_gripper
[0.985s] copying /home/luca/Stage_Lirmm/Diffusion-model-isaacsim/ur10_real_robot/ros2_ws_luca/build/bringup_gripper/build/lib/bringup_gripper/JointStateMerger.py -> /home/luca/Stage_Lirmm/Diffusion-model-isaacsim/ur10_real_robot/ros2_ws_luca/install/bringup_gripper/lib/python3.10/site-packages/bringup_gripper
[0.985s] copying /home/luca/Stage_Lirmm/Diffusion-model-isaacsim/ur10_real_robot/ros2_ws_luca/build/bringup_gripper/build/lib/bringup_gripper/baseOnRobotRG.py -> /home/luca/Stage_Lirmm/Diffusion-model-isaacsim/ur10_real_robot/ros2_ws_luca/install/bringup_gripper/lib/python3.10/site-packages/bringup_gripper
[0.985s] copying /home/luca/Stage_Lirmm/Diffusion-model-isaacsim/ur10_real_robot/ros2_ws_luca/build/bringup_gripper/build/lib/bringup_gripper/TestNode.py -> /home/luca/Stage_Lirmm/Diffusion-model-isaacsim/ur10_real_robot/ros2_ws_luca/install/bringup_gripper/lib/python3.10/site-packages/bringup_gripper
[0.985s] copying /home/luca/Stage_Lirmm/Diffusion-model-isaacsim/ur10_real_robot/ros2_ws_luca/build/bringup_gripper/build/lib/bringup_gripper/OnRobotRGMove.py -> /home/luca/Stage_Lirmm/Diffusion-model-isaacsim/ur10_real_robot/ros2_ws_luca/install/bringup_gripper/lib/python3.10/site-packages/bringup_gripper
[0.985s] copying /home/luca/Stage_Lirmm/Diffusion-model-isaacsim/ur10_real_robot/ros2_ws_luca/build/bringup_gripper/build/lib/bringup_gripper/OnRobotRGKeyboardController.py -> /home/luca/Stage_Lirmm/Diffusion-model-isaacsim/ur10_real_robot/ros2_ws_luca/install/bringup_gripper/lib/python3.10/site-packages/bringup_gripper
[0.986s] copying /home/luca/Stage_Lirmm/Diffusion-model-isaacsim/ur10_real_robot/ros2_ws_luca/build/bringup_gripper/build/lib/bringup_gripper/PickPlaceSequence.py -> /home/luca/Stage_Lirmm/Diffusion-model-isaacsim/ur10_real_robot/ros2_ws_luca/install/bringup_gripper/lib/python3.10/site-packages/bringup_gripper
[0.986s] copying /home/luca/Stage_Lirmm/Diffusion-model-isaacsim/ur10_real_robot/ros2_ws_luca/build/bringup_gripper/build/lib/bringup_gripper/OnRobotRGStatusListener.py -> /home/luca/Stage_Lirmm/Diffusion-model-isaacsim/ur10_real_robot/ros2_ws_luca/install/bringup_gripper/lib/python3.10/site-packages/bringup_gripper
[0.986s] copying /home/luca/Stage_Lirmm/Diffusion-model-isaacsim/ur10_real_robot/ros2_ws_luca/build/bringup_gripper/build/lib/bringup_gripper/comModbusTcp.py -> /home/luca/Stage_Lirmm/Diffusion-model-isaacsim/ur10_real_robot/ros2_ws_luca/install/bringup_gripper/lib/python3.10/site-packages/bringup_gripper
[0.986s] copying /home/luca/Stage_Lirmm/Diffusion-model-isaacsim/ur10_real_robot/ros2_ws_luca/build/bringup_gripper/build/lib/bringup_gripper/OnRobotRGGripperCommandAction.py -> /home/luca/Stage_Lirmm/Diffusion-model-isaacsim/ur10_real_robot/ros2_ws_luca/install/bringup_gripper/lib/python3.10/site-packages/bringup_gripper
[0.986s] byte-compiling /home/luca/Stage_Lirmm/Diffusion-model-isaacsim/ur10_real_robot/ros2_ws_luca/install/bringup_gripper/lib/python3.10/site-packages/bringup_gripper/OnRobotRGSimpleController.py to OnRobotRGSimpleController.cpython-310.pyc
[0.987s] byte-compiling /home/luca/Stage_Lirmm/Diffusion-model-isaacsim/ur10_real_robot/ros2_ws_luca/install/bringup_gripper/lib/python3.10/site-packages/bringup_gripper/OnRobotRGTcpNode.py to OnRobotRGTcpNode.cpython-310.pyc
[0.988s] byte-compiling /home/luca/Stage_Lirmm/Diffusion-model-isaacsim/ur10_real_robot/ros2_ws_luca/install/bringup_gripper/lib/python3.10/site-packages/bringup_gripper/__init__.py to __init__.cpython-310.pyc
[0.988s] byte-compiling /home/luca/Stage_Lirmm/Diffusion-model-isaacsim/ur10_real_robot/ros2_ws_luca/install/bringup_gripper/lib/python3.10/site-packages/bringup_gripper/JointStateMerger.py to JointStateMerger.cpython-310.pyc
[0.989s] byte-compiling /home/luca/Stage_Lirmm/Diffusion-model-isaacsim/ur10_real_robot/ros2_ws_luca/install/bringup_gripper/lib/python3.10/site-packages/bringup_gripper/baseOnRobotRG.py to baseOnRobotRG.cpython-310.pyc
[0.989s] byte-compiling /home/luca/Stage_Lirmm/Diffusion-model-isaacsim/ur10_real_robot/ros2_ws_luca/install/bringup_gripper/lib/python3.10/site-packages/bringup_gripper/TestNode.py to TestNode.cpython-310.pyc
[0.990s] byte-compiling /home/luca/Stage_Lirmm/Diffusion-model-isaacsim/ur10_real_robot/ros2_ws_luca/install/bringup_gripper/lib/python3.10/site-packages/bringup_gripper/OnRobotRGMove.py to OnRobotRGMove.cpython-310.pyc
[0.990s] byte-compiling /home/luca/Stage_Lirmm/Diffusion-model-isaacsim/ur10_real_robot/ros2_ws_luca/install/bringup_gripper/lib/python3.10/site-packages/bringup_gripper/OnRobotRGKeyboardController.py to OnRobotRGKeyboardController.cpython-310.pyc
[0.991s] byte-compiling /home/luca/Stage_Lirmm/Diffusion-model-isaacsim/ur10_real_robot/ros2_ws_luca/install/bringup_gripper/lib/python3.10/site-packages/bringup_gripper/PickPlaceSequence.py to PickPlaceSequence.cpython-310.pyc
[0.994s] byte-compiling /home/luca/Stage_Lirmm/Diffusion-model-isaacsim/ur10_real_robot/ros2_ws_luca/install/bringup_gripper/lib/python3.10/site-packages/bringup_gripper/OnRobotRGStatusListener.py to OnRobotRGStatusListener.cpython-310.pyc
[0.994s] byte-compiling /home/luca/Stage_Lirmm/Diffusion-model-isaacsim/ur10_real_robot/ros2_ws_luca/install/bringup_gripper/lib/python3.10/site-packages/bringup_gripper/comModbusTcp.py to comModbusTcp.cpython-310.pyc
[0.995s] byte-compiling /home/luca/Stage_Lirmm/Diffusion-model-isaacsim/ur10_real_robot/ros2_ws_luca/install/bringup_gripper/lib/python3.10/site-packages/bringup_gripper/OnRobotRGGripperCommandAction.py to OnRobotRGGripperCommandAction.cpython-310.pyc
[0.996s] running install_data
[0.996s] creating /home/luca/Stage_Lirmm/Diffusion-model-isaacsim/ur10_real_robot/ros2_ws_luca/install/bringup_gripper/share/ament_index
[0.997s] creating /home/luca/Stage_Lirmm/Diffusion-model-isaacsim/ur10_real_robot/ros2_ws_luca/install/bringup_gripper/share/ament_index/resource_index
[0.997s] creating /home/luca/Stage_Lirmm/Diffusion-model-isaacsim/ur10_real_robot/ros2_ws_luca/install/bringup_gripper/share/ament_index/resource_index/packages
[0.997s] copying resource/bringup_gripper -> /home/luca/Stage_Lirmm/Diffusion-model-isaacsim/ur10_real_robot/ros2_ws_luca/install/bringup_gripper/share/ament_index/resource_index/packages
[0.997s] copying package.xml -> /home/luca/Stage_Lirmm/Diffusion-model-isaacsim/ur10_real_robot/ros2_ws_luca/install/bringup_gripper/share/bringup_gripper
[0.997s] copying launch/bringup.launch.py -> /home/luca/Stage_Lirmm/Diffusion-model-isaacsim/ur10_real_robot/ros2_ws_luca/install/bringup_gripper/share/bringup_gripper
[0.997s] copying launch/pick_place_sequence.launch.py -> /home/luca/Stage_Lirmm/Diffusion-model-isaacsim/ur10_real_robot/ros2_ws_luca/install/bringup_gripper/share/bringup_gripper
[0.997s] creating /home/luca/Stage_Lirmm/Diffusion-model-isaacsim/ur10_real_robot/ros2_ws_luca/install/bringup_gripper/share/bringup_gripper/config
[0.997s] copying config/pick_place_sequence_example.yaml -> /home/luca/Stage_Lirmm/Diffusion-model-isaacsim/ur10_real_robot/ros2_ws_luca/install/bringup_gripper/share/bringup_gripper/config
[0.997s] running install_egg_info
[0.999s] Copying ../../build/bringup_gripper/bringup_gripper.egg-info to /home/luca/Stage_Lirmm/Diffusion-model-isaacsim/ur10_real_robot/ros2_ws_luca/install/bringup_gripper/lib/python3.10/site-packages/bringup_gripper-0.0.0-py3.10.egg-info
[1.000s] running install_scripts
[1.018s] Installing joint_state_merger script to /home/luca/Stage_Lirmm/Diffusion-model-isaacsim/ur10_real_robot/ros2_ws_luca/install/bringup_gripper/lib/bringup_gripper
[1.018s] Installing onrobot_rg_gripper_command_action script to /home/luca/Stage_Lirmm/Diffusion-model-isaacsim/ur10_real_robot/ros2_ws_luca/install/bringup_gripper/lib/bringup_gripper
[1.019s] Installing onrobot_rg_keyboard script to /home/luca/Stage_Lirmm/Diffusion-model-isaacsim/ur10_real_robot/ros2_ws_luca/install/bringup_gripper/lib/bringup_gripper
[1.019s] Installing onrobot_rg_move script to /home/luca/Stage_Lirmm/Diffusion-model-isaacsim/ur10_real_robot/ros2_ws_luca/install/bringup_gripper/lib/bringup_gripper
[1.019s] Installing onrobot_rg_simple_controller script to /home/luca/Stage_Lirmm/Diffusion-model-isaacsim/ur10_real_robot/ros2_ws_luca/install/bringup_gripper/lib/bringup_gripper
[1.019s] Installing onrobot_rg_status_listener script to /home/luca/Stage_Lirmm/Diffusion-model-isaacsim/ur10_real_robot/ros2_ws_luca/install/bringup_gripper/lib/bringup_gripper
[1.019s] Installing onrobot_rg_tcp_node script to /home/luca/Stage_Lirmm/Diffusion-model-isaacsim/ur10_real_robot/ros2_ws_luca/install/bringup_gripper/lib/bringup_gripper
[1.020s] Installing pick_place_sequence script to /home/luca/Stage_Lirmm/Diffusion-model-isaacsim/ur10_real_robot/ros2_ws_luca/install/bringup_gripper/lib/bringup_gripper
[1.020s] writing list of installed files to '/home/luca/Stage_Lirmm/Diffusion-model-isaacsim/ur10_real_robot/ros2_ws_luca/build/bringup_gripper/install.log'
[1.052s] Invoked command in '/home/luca/Stage_Lirmm/Diffusion-model-isaacsim/ur10_real_robot/ros2_ws_luca/src/bringup_gripper' returned '0': AMENT_PREFIX_PATH=/home/luca/Stage_Lirmm/Diffusion-model-isaacsim/ur10_real_robot/ros2_ws_luca/install/onrobot_rg_msgs:${AMENT_PREFIX_PATH} CMAKE_PREFIX_PATH=/home/luca/Stage_Lirmm/Diffusion-model-isaacsim/ur10_real_robot/ros2_ws_luca/install/onrobot_rg_msgs LD_LIBRARY_PATH=/home/luca/Stage_Lirmm/Diffusion-model-isaacsim/ur10_real_robot/ros2_ws_luca/install/onrobot_rg_msgs/lib:${LD_LIBRARY_PATH} PYTHONPATH=/home/luca/Stage_Lirmm/Diffusion-model-isaacsim/ur10_real_robot/ros2_ws_luca/build/bringup_gripper/prefix_override:/usr/lib/python3/dist-packages/colcon_core/task/python/colcon_distutils_commands:/home/luca/Stage_Lirmm/Diffusion-model-isaacsim/ur10_real_robot/ros2_ws_luca/install/bringup_gripper/lib/python3.10/site-packages:/home/luca/Stage_Lirmm/Diffusion-model-isaacsim/ur10_real_robot/ros2_ws_luca/install/onrobot_rg_msgs/lib/python3.10/site-packages:${PYTHONPATH} VIRTUAL_ENV_PROMPT=(mujoco_ros) /usr/bin/python3 -W ignore:setup.py install is deprecated -W ignore:easy_install command is deprecated setup.py egg_info --egg-base ../../build/bringup_gripper build --build-base /home/luca/Stage_Lirmm/Diffusion-model-isaacsim/ur10_real_robot/ros2_ws_luca/build/bringup_gripper/build install --record /home/luca/Stage_Lirmm/Diffusion-model-isaacsim/ur10_real_robot/ros2_ws_luca/build/bringup_gripper/install.log --single-version-externally-managed install_data
